Archive member included because of file (symbol)

contiki-sky.a(contiki-sky-pla)
                              obj_sky/contiki-sky-main.o (init_platform)
contiki-sky.a(sht11-sensor.o)
                              udp-echo-server.co (sht11_sensor)
contiki-sky.a(light-sensor.o)
                              udp-echo-server.co (light_sensor)
contiki-sky.a(button-sensor.o)
                              contiki-sky.a(contiki-sky-pla) (button_sensor)
contiki-sky.a(ds2411.o)       obj_sky/contiki-sky-main.o (ds2411_init)
contiki-sky.a(xmem.o)         obj_sky/contiki-sky-main.o (xmem_init)
contiki-sky.a(node-id.o)      obj_sky/contiki-sky-main.o (node_id_restore)
contiki-sky.a(sensors.o)      contiki-sky.a(button-sensor.o) (sensors_changed)
contiki-sky.a(cc2420.o)       obj_sky/contiki-sky-main.o (cc2420_set_pan_addr)
contiki-sky.a(cc2420-arch.o)  contiki-sky.a(cc2420.o) (cc2420_arch_init)
contiki-sky.a(sky-sensors.o)  contiki-sky.a(light-sensor.o) (sky_sensors_status)
contiki-sky.a(uart1.o)        obj_sky/contiki-sky-main.o (uart1_active)
contiki-sky.a(uart1-putchar.o)
                              obj_sky/contiki-sky-main.o (putchar)
contiki-sky.a(msp430.o)       contiki-sky.a(uart1.o) (msp430_add_lpm_req)
contiki-sky.a(clock.o)        obj_sky/contiki-sky-main.o (clock_init)
contiki-sky.a(leds.o)         obj_sky/contiki-sky-main.o (leds_init)
contiki-sky.a(leds-arch.o)    contiki-sky.a(leds.o) (leds_arch_init)
contiki-sky.a(watchdog.o)     obj_sky/contiki-sky-main.o (watchdog_start)
contiki-sky.a(rtimer-arch.o)  obj_sky/contiki-sky-main.o (rtimer_arch_now)
contiki-sky.a(autostart.o)    obj_sky/contiki-sky-main.o (autostart_start)
contiki-sky.a(ctimer.o)       obj_sky/contiki-sky-main.o (ctimer_init)
contiki-sky.a(energest.o)     obj_sky/contiki-sky-main.o (energest_init)
contiki-sky.a(etimer.o)       contiki-sky.a(clock.o) (etimer_request_poll)
contiki-sky.a(process.o)      contiki-sky.a(ctimer.o) (process_current)
contiki-sky.a(rtimer.o)       obj_sky/contiki-sky-main.o (rtimer_init)
contiki-sky.a(timer.o)        obj_sky/contiki-sky-main.o (timer_set)
contiki-sky.a(list.o)         contiki-sky.a(ctimer.o) (list_init)
contiki-sky.a(random.o)       obj_sky/contiki-sky-main.o (random_init)
contiki-sky.a(sicslowpan.o)   obj_sky/contiki-sky-main.o (sicslowpan_driver)
contiki-sky.a(uip6.o)         udp-echo-server.co (uip_aligned_buf)
contiki-sky.a(uip-ds6.o)      contiki-sky.a(uip6.o) (uip_ds6_is_addr_onlink)
contiki-sky.a(uip-ds6-nbr.o)  contiki-sky.a(uip-ds6.o) (uip_ds6_neighbors_init)
contiki-sky.a(uip-ds6-route.o)
                              contiki-sky.a(uip-ds6.o) (uip_ds6_route_init)
contiki-sky.a(uip-icmp6.o)    contiki-sky.a(uip6.o) (uip_icmp6_input)
contiki-sky.a(uip-nd6.o)      contiki-sky.a(uip6.o) (uip_nd6_init)
contiki-sky.a(tcpip.o)        contiki-sky.a(sicslowpan.o) (tcpip_set_outputfunc)
contiki-sky.a(uip-debug.o)    contiki-sky.a(uip-ds6-route.o) (uip_debug_ipaddr_print)
contiki-sky.a(uip-udp-packet.)
                              udp-echo-server.co (uip_udp_packet_send)
contiki-sky.a(rpl.o)          contiki-sky.a(uip-ds6-nbr.o) (rpl_link_neighbor_callback)
contiki-sky.a(rpl-dag.o)      contiki-sky.a(rpl.o) (default_instance)
contiki-sky.a(rpl-ext-header.)
                              contiki-sky.a(uip6.o) (rpl_verify_header)
contiki-sky.a(rpl-icmp6.o)    contiki-sky.a(rpl.o) (dao_output_target)
contiki-sky.a(rpl-mrhof.o)    contiki-sky.a(rpl.o) (rpl_mrhof)
contiki-sky.a(rpl-timers.o)   contiki-sky.a(rpl.o) (rpl_reset_periodic_timer)
contiki-sky.a(csma.o)         obj_sky/contiki-sky-main.o (csma_driver)
contiki-sky.a(framer-802154.o)
                              contiki-sky.a(sicslowpan.o) (framer_802154)
contiki-sky.a(framer.o)       contiki-sky.a(framer-802154.o) (framer_canonical_create_and_secure)
contiki-sky.a(mac.o)          contiki-sky.a(csma.o) (mac_call_sent_callback)
contiki-sky.a(nullrdc.o)      obj_sky/contiki-sky-main.o (nullrdc_driver)
contiki-sky.a(linkaddr.o)     obj_sky/contiki-sky-main.o (linkaddr_copy)
contiki-sky.a(nbr-table.o)    contiki-sky.a(uip-ds6-nbr.o) (nbr_table_register)
contiki-sky.a(packetbuf.o)    contiki-sky.a(framer.o) (packetbuf_compact)
contiki-sky.a(queuebuf.o)     obj_sky/contiki-sky-main.o (queuebuf_init)
contiki-sky.a(nullsec.o)      obj_sky/contiki-sky-main.o (nullsec_driver)
contiki-sky.a(sht11.o)        contiki-sky.a(sht11-sensor.o) (sht11_init)
contiki-sky.a(spi.o)          contiki-sky.a(xmem.o) (spi_init)
contiki-sky.a(stimer.o)       contiki-sky.a(uip-ds6.o) (stimer_set)
contiki-sky.a(memb.o)         contiki-sky.a(uip-ds6-route.o) (memb_init)
contiki-sky.a(frame802154.o)  contiki-sky.a(framer-802154.o) (frame802154_hdrlen)
contiki-sky.a(mac-sequence.o)
                              contiki-sky.a(nullrdc.o) (mac_sequence_is_duplicate)
/usr/lib/gcc/msp430/4.6.3/mmpy-16/libgcc.a(_mulsi3.o)
                              contiki-sky.a(rpl.o) (__mulsi3)
/usr/lib/gcc/msp430/4.6.3/mmpy-16/libgcc.a(_udivmod16.o)
[...]
Memory Configuration

Name             Origin             Length             Attributes
sfr              0x00000000         0x00000010
peripheral_8bit  0x00000010         0x000000f0
peripheral_16bit 0x00000100         0x00000100
ram_mirror       0x00000200         0x00000800         xw
infomem          0x00001000         0x00000100
infob            0x00001000         0x00000080
infoa            0x00001080         0x00000080
ram              0x00001100         0x00002800         xw
rom              0x00004000         0x0000bfe0         xr
vectors          0x0000ffe0         0x00000020
bsl              0x00000000         0x00000000
infoc            0x00000000         0x00000000
infod            0x00000000         0x00000000
ram2             0x00000000         0x00000000         xw
usbram           0x00000000         0x00000000         xw
far_rom          0x00000000         0x00000000
*default*        0x00000000         0xffffffff

Linker script and memory map

LOAD /usr/lib/gcc/msp430/4.6.3/mmpy-16/crt0ivtbl16.o
LOAD udp-echo-server.co
LOAD obj_sky/contiki-sky-main.o
LOAD contiki-sky.a
LOAD /usr/lib/gcc/msp430/4.6.3/mmpy-16/libgcc.a
LOAD /usr/lib/gcc/msp430/4.6.3/../../../../msp430/lib/mmpy-16/libc.a
LOAD /usr/lib/gcc/msp430/4.6.3/mmpy-16/libgcc.a
LOAD /usr/lib/gcc/msp430/4.6.3/mmpy-16/libcrt0.a
                0x00000080                PROVIDE (__info_segment_size, 0x80)
                0x00001000                PROVIDE (__infob, 0x1000)
                0x00001080                PROVIDE (__infoa, 0x1080)
                0x00000000                __IE1 = 0x0
                0x00000002                __IFG1 = 0x2
                0x00000004                __ME1 = 0x4
                0x00000001                __IE2 = 0x1
                0x00000003                __IFG2 = 0x3
                0x00000005                __ME2 = 0x5
                0x00000120                __WDTCTL = 0x120
                0x00000130                __MPY = 0x130
                0x00000132                __MPYS = 0x132
                0x00000134                __MAC = 0x134
                0x00000136                __MACS = 0x136
                0x00000138                __OP2 = 0x138
                0x0000013a                __RESLO = 0x13a
                0x0000013c                __RESHI = 0x13c
                0x0000013e                __SUMEXT = 0x13e
                0x00000020                __P1IN = 0x20
                0x00000021                __P1OUT = 0x21
                0x00000022                __P1DIR = 0x22
                0x00000023                __P1IFG = 0x23
                0x00000024                __P1IES = 0x24
                0x00000025                __P1IE = 0x25
                0x00000026                __P1SEL = 0x26
                0x00000028                __P2IN = 0x28
                0x00000029                __P2OUT = 0x29
                0x0000002a                __P2DIR = 0x2a
                0x0000002b                __P2IFG = 0x2b
                0x0000002c                __P2IES = 0x2c
                0x0000002d                __P2IE = 0x2d
                0x0000002e                __P2SEL = 0x2e
                0x00000018                __P3IN = 0x18
                0x00000019                __P3OUT = 0x19
                0x0000001a                __P3DIR = 0x1a
                0x0000001b                __P3SEL = 0x1b
                0x0000001c                __P4IN = 0x1c
                0x0000001d                __P4OUT = 0x1d
                0x0000001e                __P4DIR = 0x1e
                0x0000001f                __P4SEL = 0x1f
                0x00000030                __P5IN = 0x30
                0x00000031                __P5OUT = 0x31
                0x00000032                __P5DIR = 0x32
                0x00000033                __P5SEL = 0x33
                0x00000034                __P6IN = 0x34
                0x00000035                __P6OUT = 0x35
                0x00000036                __P6DIR = 0x36
                0x00000037                __P6SEL = 0x37
                0x00000070                __U0CTL = 0x70
                0x00000071                __U0TCTL = 0x71
                0x00000072                __U0RCTL = 0x72
                0x00000073                __U0MCTL = 0x73
                0x00000074                __U0BR0 = 0x74
                0x00000075                __U0BR1 = 0x75
                0x00000076                __U0RXBUF = 0x76
                0x00000077                __U0TXBUF = 0x77
                0x00000078                __U1CTL = 0x78
                0x00000079                __U1TCTL = 0x79
                0x0000007a                __U1RCTL = 0x7a
                0x0000007b                __U1MCTL = 0x7b
                0x0000007c                __U1BR0 = 0x7c
                0x0000007d                __U1BR1 = 0x7d
                0x0000007e                __U1RXBUF = 0x7e
                0x0000007f                __U1TXBUF = 0x7f
                0x00000050                __I2CIE = 0x50
                0x00000051                __I2CIFG = 0x51
                0x00000052                __I2CNDAT = 0x52
                0x00000071                __I2CTCTL = 0x71
                0x00000072                __I2CDCTL = 0x72
                0x00000073                __I2CPSC = 0x73
                0x00000074                __I2CSCLH = 0x74
                0x00000075                __I2CSCLL = 0x75
                0x00000076                __I2CDRB = 0x76
                0x00000076                __I2CDRW = 0x76
                0x00000118                __I2COA = 0x118
                0x0000011a                __I2CSA = 0x11a
                0x0000011c                __I2CIV = 0x11c
                0x0000012e                __TAIV = 0x12e
                0x00000160                __TACTL = 0x160
                0x00000162                __TACCTL0 = 0x162
                0x00000164                __TACCTL1 = 0x164
                0x00000166                __TACCTL2 = 0x166
                0x00000170                __TAR = 0x170
                0x00000172                __TACCR0 = 0x172
                0x00000174                __TACCR1 = 0x174
                0x00000176                __TACCR2 = 0x176
                0x0000011e                __TBIV = 0x11e
                0x00000180                __TBCTL = 0x180
                0x00000182                __TBCCTL0 = 0x182
                0x00000184                __TBCCTL1 = 0x184
                0x00000186                __TBCCTL2 = 0x186
                0x00000188                __TBCCTL3 = 0x188
                0x0000018a                __TBCCTL4 = 0x18a
                0x0000018c                __TBCCTL5 = 0x18c
                0x0000018e                __TBCCTL6 = 0x18e
                0x00000190                __TBR = 0x190
                0x00000192                __TBCCR0 = 0x192
                0x00000194                __TBCCR1 = 0x194
                0x00000196                __TBCCR2 = 0x196
                0x00000198                __TBCCR3 = 0x198
                0x0000019a                __TBCCR4 = 0x19a
                0x0000019c                __TBCCR5 = 0x19c
                0x0000019e                __TBCCR6 = 0x19e
                0x00000056                __DCOCTL = 0x56
                0x00000057                __BCSCTL1 = 0x57
                0x00000058                __BCSCTL2 = 0x58
                0x00000055                __SVSCTL = 0x55
                0x00000128                __FCTL1 = 0x128
                0x0000012a                __FCTL2 = 0x12a
                0x0000012c                __FCTL3 = 0x12c
                0x00000059                __CACTL1 = 0x59
                0x0000005a                __CACTL2 = 0x5a
                0x0000005b                __CAPD = 0x5b
                0x000001a0                __ADC12CTL0 = 0x1a0
                0x000001a2                __ADC12CTL1 = 0x1a2
                0x000001a4                __ADC12IFG = 0x1a4
                0x000001a6                __ADC12IE = 0x1a6
                0x000001a8                __ADC12IV = 0x1a8
                0x00000140                __ADC12MEM0 = 0x140
                0x00000142                __ADC12MEM1 = 0x142
                0x00000144                __ADC12MEM2 = 0x144
                0x00000146                __ADC12MEM3 = 0x146
                0x00000148                __ADC12MEM4 = 0x148
                0x0000014a                __ADC12MEM5 = 0x14a
                0x0000014c                __ADC12MEM6 = 0x14c
                0x0000014e                __ADC12MEM7 = 0x14e
                0x00000150                __ADC12MEM8 = 0x150
                0x00000152                __ADC12MEM9 = 0x152
                0x00000154                __ADC12MEM10 = 0x154
                0x00000156                __ADC12MEM11 = 0x156
                0x00000158                __ADC12MEM12 = 0x158
                0x0000015a                __ADC12MEM13 = 0x15a
                0x0000015c                __ADC12MEM14 = 0x15c
                0x0000015e                __ADC12MEM15 = 0x15e
                0x00000080                __ADC12MCTL0 = 0x80
                0x00000081                __ADC12MCTL1 = 0x81
                0x00000082                __ADC12MCTL2 = 0x82
                0x00000083                __ADC12MCTL3 = 0x83
                0x00000084                __ADC12MCTL4 = 0x84
                0x00000085                __ADC12MCTL5 = 0x85
                0x00000086                __ADC12MCTL6 = 0x86
                0x00000087                __ADC12MCTL7 = 0x87
                0x00000088                __ADC12MCTL8 = 0x88
                0x00000089                __ADC12MCTL9 = 0x89
                0x0000008a                __ADC12MCTL10 = 0x8a
                0x0000008b                __ADC12MCTL11 = 0x8b
                0x0000008c                __ADC12MCTL12 = 0x8c
                0x0000008d                __ADC12MCTL13 = 0x8d
                0x0000008e                __ADC12MCTL14 = 0x8e
                0x0000008f                __ADC12MCTL15 = 0x8f
                0x000001c0                __DAC12_0CTL = 0x1c0
                0x000001c2                __DAC12_1CTL = 0x1c2
                0x000001c8                __DAC12_0DAT = 0x1c8
                0x000001ca                __DAC12_1DAT = 0x1ca
                0x00000122                __DMACTL0 = 0x122
                0x00000124                __DMACTL1 = 0x124
                0x000001e0                __DMA0CTL = 0x1e0
                0x000001e8                __DMA1CTL = 0x1e8
                0x000001f0                __DMA2CTL = 0x1f0
                0x000001e2                __DMA0SA = 0x1e2
                0x000001e4                __DMA0DA = 0x1e4
                0x000001e6                __DMA0SZ = 0x1e6
                0x000001ea                __DMA1SA = 0x1ea
                0x000001ec                __DMA1DA = 0x1ec
                0x000001ee                __DMA1SZ = 0x1ee
                0x000001f2                __DMA2SA = 0x1f2
                0x000001f4                __DMA2DA = 0x1f4
                0x000001f6                __DMA2SZ = 0x1f6

.hash
 *(.hash)

.dynsym
 *(.dynsym)

.dynstr
 *(.dynstr)

.gnu.version
 *(.gnu.version)

.gnu.version_d
 *(.gnu.version_d)

.gnu.version_r
 *(.gnu.version_r)

.rel.init
 *(.rel.init)

.rela.init
 *(.rela.init)

.rel.fini
 *(.rel.fini)

.rela.fini
 *(.rela.fini)

.rel.text
 *(.rel.text .rel.text.* .rel.gnu.linkonce.t.*)

.rela.text
 *(.rela.text .rela.text.* .rela.gnu.linkonce.t.*)

.rel.rodata
 *(.rel.rodata .rel.rodata.* .rel.gnu.linkonce.r.*)

.rela.rodata
 *(.rela.rodata .rela.rodata.* .rela.gnu.linkonce.r.*)

.rel.data
 *(.rel.data .rel.data.* .rel.gnu.linkonce.d.*)

.rela.data
 *(.rela.data .rela.data.* .rela.gnu.linkonce.d.*)

.rel.bss
 *(.rel.bss .rel.bss.* .rel.gnu.linkonce.b.*)

.rela.bss
 *(.rela.bss .rela.bss.* .rela.gnu.linkonce.b.*)

.rel.ctors
 *(.rel.ctors)

.rela.ctors
 *(.rela.ctors)

.rel.dtors
 *(.rel.dtors)

.rela.dtors
 *(.rela.dtors)

.rel.got
 *(.rel.got)

.rela.got
 *(.rela.got)

.rel.plt
 *(.rel.plt)

.rela.plt
 *(.rela.plt)

.text           0x00004000     0xb660
                0x00004000                . = ALIGN (0x2)
 *(.init .init.*)
 *(.init0)
 .init0         0x00004000        0x0 /usr/lib/gcc/msp430/4.6.3/mmpy-16/libcrt0.a(_reset_vector__.o)
                0x00004000                _reset_vector__
 *(.init1)
 .init1         0x00004000        0xc /usr/lib/gcc/msp430/4.6.3/mmpy-16/libcrt0.a(__watchdog_support.o)
                0x00004000                __watchdog_support
 *(.init2)
 .init2         0x0000400c        0x4 /usr/lib/gcc/msp430/4.6.3/mmpy-16/libcrt0.a(__init_stack.o)
                0x0000400c                __init_stack
 *(.init3)
 .init3         0x00004010        0x0 /usr/lib/gcc/msp430/4.6.3/mmpy-16/libcrt0.a(__low_level_init.o)
                0x00004010                __low_level_init
 *(.init4)
 .init4         0x00004010       0x18 /usr/lib/gcc/msp430/4.6.3/mmpy-16/libcrt0.a(_copy_data.o)
                0x00004010                __do_copy_data
 .init4         0x00004028       0x16 /usr/lib/gcc/msp430/4.6.3/mmpy-16/libcrt0.a(_clear_bss.o)
                0x00004028                __do_clear_bss
 *(.init5)
 *(.init6)
 *(.init7)
 *(.init8)
 *(.init9)
 .init9         0x0000403e      0x2d8 obj_sky/contiki-sky-main.o
                0x0000403e                main
 *(.fini9)
 .fini9         0x00004316        0x0 /usr/lib/gcc/msp430/4.6.3/mmpy-16/libcrt0.a(__stop_progExec__.o)
                0x00004316                __stop_progExec__
 *(.fini8)
 *(.fini7)
 *(.fini6)
 *(.fini5)
 *(.fini4)
 *(.fini3)
 *(.fini2)
 *(.fini1)
 *(.fini0)
 .fini0         0x00004316        0x6 /usr/lib/gcc/msp430/4.6.3/mmpy-16/libcrt0.a(_endless_loop__.o)
                0x00004316                _endless_loop__
 *(.fini .fini.*)
                0x0000431c                . = ALIGN (0x2)
                0x0000431c                __ctors_start = .
 *(.ctors)
                0x0000431c                __ctors_end = .
                0x0000431c                __dtors_start = .
 *(.dtors)
                0x0000431c                __dtors_end = .
                0x0000431c                . = ALIGN (0x2)
 *(.text .text.* .gnu.linkonce.t.*)
 .text          0x0000431c        0x4 /usr/lib/gcc/msp430/4.6.3/mmpy-16/crt0ivtbl16.o
                0x0000431c                __isr_14
                0x0000431c                __isr_11
                0x0000431c                __isr_2
                0x0000431c                __isr_7
                0x0000431c                __isr_0
                0x0000431c                __isr_8
                0x0000431c                __isr_3
                0x0000431c                __isr_12
                0x0000431c                __isr_13
                0x0000431c                __isr_9
 .text.str_tarx
                0x00004320      0x2d4 udp-echo-server.co
 .text.get_border_router_addr
                0x000045f4       0x22 udp-echo-server.co
                0x000045f4                get_border_router_addr
 .text.process_thread_udp_echo_server_process
                0x00004616      0x31a udp-echo-server.co
 .text.start_network_layer
                0x00004930       0xa2 obj_sky/contiki-sky-main.o
 .text.init_platform
                0x000049d2        0xc contiki-sky.a(contiki-sky-pla)
                0x000049d2                init_platform
 .text.status   0x000049de       0x18 contiki-sky.a(sht11-sensor.o)
 .text.configure
                0x000049f6       0x40 contiki-sky.a(sht11-sensor.o)
 .text.value    0x00004a36       0x2e contiki-sky.a(sht11-sensor.o)
 .text.value    0x00004a64       0x1a contiki-sky.a(light-sensor.o)
 .text.status   0x00004a7e        0xc contiki-sky.a(light-sensor.o)
 .text.configure
                0x00004a8a       0x10 contiki-sky.a(light-sensor.o)
 .text.status   0x00004a9a       0x16 contiki-sky.a(button-sensor.o)
 .text.configure
                0x00004ab0       0x52 contiki-sky.a(button-sensor.o)
 .text.value    0x00004b02       0x22 contiki-sky.a(button-sensor.o)
 .text.irq_p2   0x00004b24       0x8a contiki-sky.a(button-sensor.o)
                0x00004b24                irq_p2
                0x00004b24                __isr_1
 .text.owreadb  0x00004bae       0x52 contiki-sky.a(ds2411.o)
 .text.ds2411_init
                0x00004c00      0x122 contiki-sky.a(ds2411.o)
                0x00004c00                ds2411_init
 .text.wait_ready
                0x00004d22       0x50 contiki-sky.a(xmem.o)
 .text.xmem_init
                0x00004d72       0x3e contiki-sky.a(xmem.o)
                0x00004d72                xmem_init
 .text.xmem_pread
                0x00004db0       0xea contiki-sky.a(xmem.o)
                0x00004db0                xmem_pread
 .text.node_id_restore
                0x00004e9a       0x38 contiki-sky.a(node-id.o)
                0x00004e9a                node_id_restore
 .text.process_thread_sensors_process
                0x00004ed2       0xbe contiki-sky.a(sensors.o)
 .text.sensors_changed
                0x00004f90       0x2a contiki-sky.a(sensors.o)
                0x00004f90                sensors_changed
 .text.get_object
                0x00004fba        0x4 contiki-sky.a(cc2420.o)
 .text.set_object
                0x00004fbe        0x4 contiki-sky.a(cc2420.o)
 .text.strobe   0x00004fc2       0x20 contiki-sky.a(cc2420.o)
 .text.getreg   0x00004fe2       0x54 contiki-sky.a(cc2420.o)
 .text.setreg   0x00005036       0x52 contiki-sky.a(cc2420.o)
 .text.write_ram
                0x00005088       0x80 contiki-sky.a(cc2420.o)
 .text.write_fifo_buf
                0x00005108       0x40 contiki-sky.a(cc2420.o)
 .text.get_status
                0x00005148       0x24 contiki-sky.a(cc2420.o)
 .text.set_txpower
                0x0000516c       0x26 contiki-sky.a(cc2420.o)
 .text.cc2420_receiving_packet
                0x00005192        0xe contiki-sky.a(cc2420.o)
 .text.pending_packet
                0x000051a0        0x8 contiki-sky.a(cc2420.o)
 .text.on       0x000051a8       0x1e contiki-sky.a(cc2420.o)
 .text.wait_for_transmission
                0x000051c6       0x22 contiki-sky.a(cc2420.o)
 .text.wait_for_status
                0x000051e8       0x2a contiki-sky.a(cc2420.o)
 .text.getrxdata
                0x00005212       0x56 contiki-sky.a(cc2420.o)
 .text.flushrx  0x00005268       0x1a contiki-sky.a(cc2420.o)
 .text.off      0x00005282       0x5a contiki-sky.a(cc2420.o)
 .text.RELEASE_LOCK
                0x000052dc       0x28 contiki-sky.a(cc2420.o)
 .text.set_key  0x00005304       0x18 contiki-sky.a(cc2420.o)
 .text.cc2420_prepare
                0x0000531c       0x3c contiki-sky.a(cc2420.o)
 .text.cc2420_on
                0x00005358       0x22 contiki-sky.a(cc2420.o)
                0x00005358                cc2420_on
 .text.cc2420_off
                0x0000537a       0x30 contiki-sky.a(cc2420.o)
                0x0000537a                cc2420_off
 .text.cc2420_cca
                0x000053aa       0x5e contiki-sky.a(cc2420.o)
 .text.cc2420_read
                0x00005408       0xb0 contiki-sky.a(cc2420.o)
 .text.process_thread_cc2420_process
                0x000054b8       0x50 contiki-sky.a(cc2420.o)
 .text.encrypt  0x00005508       0x8e contiki-sky.a(cc2420.o)
 .text.cc2420_set_channel
                0x00005596       0x3c contiki-sky.a(cc2420.o)
                0x00005596                cc2420_set_channel
 .text.cc2420_set_pan_addr
                0x000055d2       0x4c contiki-sky.a(cc2420.o)
                0x000055d2                cc2420_set_pan_addr
 .text.cc2420_interrupt
                0x0000561e       0x18 contiki-sky.a(cc2420.o)
                0x0000561e                cc2420_interrupt
 .text.cc2420_set_txpower
                0x00005636        0xe contiki-sky.a(cc2420.o)
                0x00005636                cc2420_set_txpower
 .text.cc2420_get_txpower
                0x00005644       0x1e contiki-sky.a(cc2420.o)
                0x00005644                cc2420_get_txpower
 .text.cc2420_transmit
                0x00005662      0x10e contiki-sky.a(cc2420.o)
 .text.cc2420_send
                0x00005770       0x12 contiki-sky.a(cc2420.o)
 .text.cc2420_rssi
                0x00005782       0x4c contiki-sky.a(cc2420.o)
                0x00005782                cc2420_rssi
 .text.get_value
                0x000057ce       0xac contiki-sky.a(cc2420.o)
 .text.cc2420_set_cca_threshold
                0x0000587a       0x16 contiki-sky.a(cc2420.o)
                0x0000587a                cc2420_set_cca_threshold
 .text.set_value
                0x00005890       0x8a contiki-sky.a(cc2420.o)
 .text.cc2420_init
                0x0000591a       0xde contiki-sky.a(cc2420.o)
                0x0000591a                cc2420_init
 .text.cc2420_port1_interrupt
                0x000059f8       0x62 contiki-sky.a(cc2420-arch.o)
                0x000059f8                __isr_4
                0x000059f8                cc2420_port1_interrupt
 .text.cc2420_arch_init
                0x00005a5a       0x1a contiki-sky.a(cc2420-arch.o)
                0x00005a5a                cc2420_arch_init
 .text.sky_sensors_status
                0x00005a74       0x42 contiki-sky.a(sky-sensors.o)
                0x00005a74                sky_sensors_status
 .text.sky_sensors_configure
                0x00005ab6       0xfc contiki-sky.a(sky-sensors.o)
                0x00005ab6                sky_sensors_configure
 .text.handle_rxdma_timer
                0x00005bb2       0x3a contiki-sky.a(uart1.o)
 .text.uart1_active
                0x00005bec       0x1a contiki-sky.a(uart1.o)
                0x00005bec                uart1_active
 .text.uart1_set_input
                0x00005c06       0x20 contiki-sky.a(uart1.o)
                0x00005c06                uart1_set_input
 .text.uart1_writeb
                0x00005c26       0x1a contiki-sky.a(uart1.o)
                0x00005c26                uart1_writeb
 .text.uart1_init
                0x00005c40       0xf6 contiki-sky.a(uart1.o)
                0x00005c40                uart1_init
 .text.putchar  0x00005d36       0x10 contiki-sky.a(uart1-putchar.o)
                0x00005d36                putchar
 .text.msp430_init_dco
                0x00005d46       0x84 contiki-sky.a(msp430.o)
                0x00005d46                msp430_init_dco
 .text.msp430_add_lpm_req
                0x00005dca        0xc contiki-sky.a(msp430.o)
                0x00005dca                msp430_add_lpm_req
 .text.msp430_cpu_init
                0x00005dd6       0x2a contiki-sky.a(msp430.o)
                0x00005dd6                msp430_cpu_init
 .text.splhigh_
                0x00005e00        0x8 contiki-sky.a(msp430.o)
                0x00005e00                splhigh_
 .text.msp430_sync_dco
                0x00005e08       0x68 contiki-sky.a(msp430.o)
                0x00005e08                msp430_sync_dco
 .text.timera1  0x00005e70      0x11e contiki-sky.a(clock.o)
                0x00005e70                __isr_5
                0x00005e70                timera1
 .text.clock_time
                0x00005f8e       0x1a contiki-sky.a(clock.o)
                0x00005f8e                clock_time
 .text.clock_init
                0x00005fa8       0x28 contiki-sky.a(clock.o)
                0x00005fa8                clock_init
 .text.clock_delay
                0x00005fd0        0xc contiki-sky.a(clock.o)
                0x00005fd0                clock_delay
 .text.clock_wait
                0x00005fdc       0x34 contiki-sky.a(clock.o)
                0x00005fdc                clock_wait
 .text.clock_seconds
                0x00006010       0x1a contiki-sky.a(clock.o)
                0x00006010                clock_seconds
 .text.show_leds
                0x0000602a       0xf6 contiki-sky.a(leds.o)
 .text.leds_init
                0x00006120        0xa contiki-sky.a(leds.o)
                0x00006120                leds_init
 .text.leds_on  0x0000612a        0xa contiki-sky.a(leds.o)
                0x0000612a                leds_on
 .text.leds_off
                0x00006134        0xe contiki-sky.a(leds.o)
                0x00006134                leds_off
 .text.leds_toggle
                0x00006142        0xa contiki-sky.a(leds.o)
                0x00006142                leds_toggle
 .text.leds_arch_init
                0x0000614c        0xe contiki-sky.a(leds-arch.o)
                0x0000614c                leds_arch_init
 .text.leds_arch_set
                0x0000615a       0x3a contiki-sky.a(leds-arch.o)
                0x0000615a                leds_arch_set
 .text.watchdog_interrupt
                0x00006194        0x6 contiki-sky.a(watchdog.o)
                0x00006194                __isr_10
                0x00006194                watchdog_interrupt
 .text.watchdog_start
                0x0000619a       0x14 contiki-sky.a(watchdog.o)
                0x0000619a                watchdog_start
 .text.watchdog_periodic
                0x000061ae       0x12 contiki-sky.a(watchdog.o)
                0x000061ae                watchdog_periodic
 .text.watchdog_stop
                0x000061c0       0x16 contiki-sky.a(watchdog.o)
                0x000061c0                watchdog_stop
 .text.watchdog_init
                0x000061d6       0x14 contiki-sky.a(watchdog.o)
                0x000061d6                watchdog_init
 .text.rtimer_arch_init
                0x000061ea        0xe contiki-sky.a(rtimer-arch.o)
                0x000061ea                rtimer_arch_init
 .text.rtimer_arch_now
                0x000061f8        0xe contiki-sky.a(rtimer-arch.o)
                0x000061f8                rtimer_arch_now
 .text.timera0  0x00006206       0x70 contiki-sky.a(rtimer-arch.o)
                0x00006206                __isr_6
                0x00006206                timera0
 .text.rtimer_arch_schedule
                0x00006276        0x6 contiki-sky.a(rtimer-arch.o)
                0x00006276                rtimer_arch_schedule
 .text.autostart_start
                0x0000627c       0x16 contiki-sky.a(autostart.o)
                0x0000627c                autostart_start
 .text.process_thread_ctimer_process
                0x00006292       0xa4 contiki-sky.a(ctimer.o)
 .text.ctimer_init
                0x00006336       0x18 contiki-sky.a(ctimer.o)
                0x00006336                ctimer_init
 .text.ctimer_set
                0x0000634e       0x50 contiki-sky.a(ctimer.o)
                0x0000634e                ctimer_set
 .text.ctimer_reset
                0x0000639e       0x30 contiki-sky.a(ctimer.o)
                0x0000639e                ctimer_reset
 .text.ctimer_stop
                0x000063ce       0x28 contiki-sky.a(ctimer.o)
                0x000063ce                ctimer_stop
 .text.energest_init
                0x000063f6       0x28 contiki-sky.a(energest.o)
                0x000063f6                energest_init
 .text.energest_type_time
                0x0000641e       0x46 contiki-sky.a(energest.o)
                0x0000641e                energest_type_time
 .text.energest_type_set
                0x00006464        0xe contiki-sky.a(energest.o)
                0x00006464                energest_type_set
 .text.energest_flush
                0x00006472       0x48 contiki-sky.a(energest.o)
                0x00006472                energest_flush
 .text.update_time
                0x000064ba       0x78 contiki-sky.a(etimer.o)
 .text.etimer_request_poll
                0x00006532        0xa contiki-sky.a(etimer.o)
                0x00006532                etimer_request_poll
 .text.process_thread_etimer_process
                0x0000653c       0xc8 contiki-sky.a(etimer.o)
 .text.add_timer
                0x00006604       0x40 contiki-sky.a(etimer.o)
 .text.etimer_set
                0x00006644       0x12 contiki-sky.a(etimer.o)
                0x00006644                etimer_set
 .text.etimer_reset
                0x00006656       0x12 contiki-sky.a(etimer.o)
                0x00006656                etimer_reset
 .text.etimer_restart
                0x00006668       0x12 contiki-sky.a(etimer.o)
                0x00006668                etimer_restart
 .text.etimer_expired
                0x0000667a        0xe contiki-sky.a(etimer.o)
                0x0000667a                etimer_expired
 .text.etimer_expiration_time
                0x00006688       0x14 contiki-sky.a(etimer.o)
                0x00006688                etimer_expiration_time
 .text.etimer_pending
                0x0000669c        0xc contiki-sky.a(etimer.o)
                0x0000669c                etimer_pending
 .text.etimer_next_expiration_time
                0x000066a8       0x16 contiki-sky.a(etimer.o)
                0x000066a8                etimer_next_expiration_time
 .text.etimer_stop
                0x000066be       0x3c contiki-sky.a(etimer.o)
                0x000066be                etimer_stop
 .text.call_process
                0x000066fa       0x4a contiki-sky.a(process.o)
 .text.exit_process
                0x00006744       0x96 contiki-sky.a(process.o)
 .text.do_poll  0x000067da       0x30 contiki-sky.a(process.o)
 .text.process_alloc_event
                0x0000680a        0xe contiki-sky.a(process.o)
                0x0000680a                process_alloc_event
 .text.process_init
                0x00006818       0x1c contiki-sky.a(process.o)
                0x00006818                process_init
 .text.process_run
                0x00006834       0xa2 contiki-sky.a(process.o)
                0x00006834                process_run
 .text.process_nevents
                0x000068d6        0xe contiki-sky.a(process.o)
                0x000068d6                process_nevents
 .text.process_post
                0x000068e4       0x54 contiki-sky.a(process.o)
                0x000068e4                process_post
 .text.process_post_synch
                0x00006938       0x12 contiki-sky.a(process.o)
                0x00006938                process_post_synch
 .text.process_start
                0x0000694a       0x32 contiki-sky.a(process.o)
                0x0000694a                process_start
 .text.process_poll
                0x0000697c       0x18 contiki-sky.a(process.o)
                0x0000697c                process_poll
 .text.rtimer_init
                0x00006994        0x6 contiki-sky.a(rtimer.o)
                0x00006994                rtimer_init
 .text.rtimer_run_next
                0x0000699a       0x26 contiki-sky.a(rtimer.o)
                0x0000699a                rtimer_run_next
 .text.timer_set
                0x000069c0       0x1c contiki-sky.a(timer.o)
                0x000069c0                timer_set
 .text.timer_reset
                0x000069dc        0xe contiki-sky.a(timer.o)
                0x000069dc                timer_reset
 .text.timer_restart
                0x000069ea       0x14 contiki-sky.a(timer.o)
                0x000069ea                timer_restart
 .text.timer_expired
                0x000069fe       0x2a contiki-sky.a(timer.o)
                0x000069fe                timer_expired
 .text.list_init
                0x00006a28        0x6 contiki-sky.a(list.o)
                0x00006a28                list_init
 .text.list_head
                0x00006a2e        0x4 contiki-sky.a(list.o)
                0x00006a2e                list_head
 .text.list_tail
                0x00006a32       0x12 contiki-sky.a(list.o)
                0x00006a32                list_tail
 .text.list_remove
                0x00006a44       0x34 contiki-sky.a(list.o)
                0x00006a44                list_remove
 .text.list_push
                0x00006a78       0x1a contiki-sky.a(list.o)
                0x00006a78                list_push
 .text.list_add
                0x00006a92       0x2a contiki-sky.a(list.o)
                0x00006a92                list_add
 .text.list_length
                0x00006abc       0x10 contiki-sky.a(list.o)
                0x00006abc                list_length
 .text.list_item_next
                0x00006acc        0xc contiki-sky.a(list.o)
                0x00006acc                list_item_next
 .text.random_init
                0x00006ad8        0x6 contiki-sky.a(random.o)
                0x00006ad8                random_init
 .text.random_rand
                0x00006ade        0x6 contiki-sky.a(random.o)
                0x00006ade                random_rand
 .text.set_packet_attrs
                0x00006ae4       0x44 contiki-sky.a(sicslowpan.o)
 .text.addr_context_lookup_by_number
                0x00006b28       0x36 contiki-sky.a(sicslowpan.o)
 .text.compress_addr_64
                0x00006b5e       0xae contiki-sky.a(sicslowpan.o)
 .text.uncompress_addr
                0x00006c0c       0xb4 contiki-sky.a(sicslowpan.o)
 .text.input    0x00006cc0      0x65c contiki-sky.a(sicslowpan.o)
 .text.sicslowpan_init
                0x0000731c       0x26 contiki-sky.a(sicslowpan.o)
                0x0000731c                sicslowpan_init
 .text.addr_context_lookup_by_prefix
                0x00007342       0x4c contiki-sky.a(sicslowpan.o)
 .text.send_packet
                0x0000738e       0x1a contiki-sky.a(sicslowpan.o)
 .text.output   0x000073a8      0x6da contiki-sky.a(sicslowpan.o)
 .text.packet_sent
                0x00007a82       0x22 contiki-sky.a(sicslowpan.o)
 .text.chksum   0x00007aa4       0x32 contiki-sky.a(uip6.o)
 .text.upper_layer_chksum
                0x00007ad6       0x56 contiki-sky.a(uip6.o)
 .text.ext_hdr_options_process
                0x00007b2c       0xda contiki-sky.a(uip6.o)
 .text.uip_add32
                0x00007c06       0x68 contiki-sky.a(uip6.o)
                0x00007c06                uip_add32
 .text.unlikely.uip_add_rcv_nxt
                0x00007c6e       0x2e contiki-sky.a(uip6.o)
 .text.uip_icmp6chksum
                0x00007c9c        0xa contiki-sky.a(uip6.o)
                0x00007c9c                uip_icmp6chksum
 .text.uip_tcpchksum
                0x00007ca6        0xa contiki-sky.a(uip6.o)
                0x00007ca6                uip_tcpchksum
 .text.uip_udpchksum
                0x00007cb0        0xa contiki-sky.a(uip6.o)
                0x00007cb0                uip_udpchksum
 .text.uip_init
                0x00007cba       0x7a contiki-sky.a(uip6.o)
                0x00007cba                uip_init
 .text.remove_ext_hdr
                0x00007d34       0x5a contiki-sky.a(uip6.o)
                0x00007d34                remove_ext_hdr
 .text.uip_udp_new
                0x00007d8e       0xf4 contiki-sky.a(uip6.o)
                0x00007d8e                uip_udp_new
 .text.uip_unlisten
                0x00007e82       0x2a contiki-sky.a(uip6.o)
                0x00007e82                uip_unlisten
 .text.uip_process
                0x00007eac      0xe9e contiki-sky.a(uip6.o)
                0x00007eac                uip_process
 .text.uip_htonl
                0x00008d4a       0x2e contiki-sky.a(uip6.o)
                0x00008d4a                uip_htonl
 .text.uip_ds6_list_loop
                0x00008d78       0x86 contiki-sky.a(uip-ds6.o)
                0x00008d78                uip_ds6_list_loop
 .text.uip_ds6_prefix_add
                0x00008dfe       0x80 contiki-sky.a(uip-ds6.o)
                0x00008dfe                uip_ds6_prefix_add
 .text.uip_ds6_is_addr_onlink
                0x00008e7e       0x54 contiki-sky.a(uip-ds6.o)
                0x00008e7e                uip_ds6_is_addr_onlink
 .text.uip_ds6_addr_lookup
                0x00008ed2       0x2a contiki-sky.a(uip-ds6.o)
                0x00008ed2                uip_ds6_addr_lookup
 .text.uip_ds6_get_link_local
                0x00008efc       0x3e contiki-sky.a(uip-ds6.o)
                0x00008efc                uip_ds6_get_link_local
 .text.uip_ds6_maddr_add
                0x00008f3a       0x4c contiki-sky.a(uip-ds6.o)
                0x00008f3a                uip_ds6_maddr_add
 .text.uip_ds6_addr_add
                0x00008f86       0xc4 contiki-sky.a(uip-ds6.o)
                0x00008f86                uip_ds6_addr_add
 .text.uip_ds6_maddr_lookup
                0x0000904a       0x2a contiki-sky.a(uip-ds6.o)
                0x0000904a                uip_ds6_maddr_lookup
 .text.uip_ds6_addr_rm
                0x00009074       0x54 contiki-sky.a(uip-ds6.o)
                0x00009074                uip_ds6_addr_rm
 .text.uip_ds6_periodic
                0x000090c8       0x4a contiki-sky.a(uip-ds6.o)
                0x000090c8                uip_ds6_periodic
 .text.uip_ds6_set_addr_iid
                0x00009112       0x14 contiki-sky.a(uip-ds6.o)
                0x00009112                uip_ds6_set_addr_iid
 .text.get_match_length
                0x00009126       0x3e contiki-sky.a(uip-ds6.o)
                0x00009126                get_match_length
 .text.uip_ds6_select_src
                0x00009164       0xaa contiki-sky.a(uip-ds6.o)
                0x00009164                uip_ds6_select_src
 .text.uip_ds6_compute_reachable_time
                0x0000920e       0x3e contiki-sky.a(uip-ds6.o)
                0x0000920e                uip_ds6_compute_reachable_time
 .text.uip_ds6_init
                0x0000924c      0x154 contiki-sky.a(uip-ds6.o)
                0x0000924c                uip_ds6_init
 .text.uip_ds6_nbr_rm
                0x000093a0       0x1a contiki-sky.a(uip-ds6-nbr.o)
                0x000093a0                uip_ds6_nbr_rm
 .text.uip_ds6_neighbors_init
                0x000093ba        0xe contiki-sky.a(uip-ds6-nbr.o)
                0x000093ba                uip_ds6_neighbors_init
 .text.uip_ds6_nbr_add
                0x000093c8       0x60 contiki-sky.a(uip-ds6-nbr.o)
                0x000093c8                uip_ds6_nbr_add
 .text.uip_ds6_nbr_get_ll
                0x00009428        0xc contiki-sky.a(uip-ds6-nbr.o)
                0x00009428                uip_ds6_nbr_get_ll
 .text.uip_ds6_nbr_lookup
                0x00009434       0x42 contiki-sky.a(uip-ds6-nbr.o)
                0x00009434                uip_ds6_nbr_lookup
 .text.uip_ds6_nbr_ll_lookup
                0x00009476        0xc contiki-sky.a(uip-ds6-nbr.o)
                0x00009476                uip_ds6_nbr_ll_lookup
 .text.uip_ds6_nbr_ipaddr_from_lladdr
                0x00009482        0x6 contiki-sky.a(uip-ds6-nbr.o)
                0x00009482                uip_ds6_nbr_ipaddr_from_lladdr
 .text.uip_ds6_nbr_lladdr_from_ipaddr
                0x00009488       0x12 contiki-sky.a(uip-ds6-nbr.o)
                0x00009488                uip_ds6_nbr_lladdr_from_ipaddr
 .text.uip_ds6_link_neighbor_callback
                0x0000949a       0x2a contiki-sky.a(uip-ds6-nbr.o)
                0x0000949a                uip_ds6_link_neighbor_callback
 .text.uip_ds6_neighbor_periodic
                0x000094c4       0x60 contiki-sky.a(uip-ds6-nbr.o)
                0x000094c4                uip_ds6_neighbor_periodic
 .text.call_route_callback
                0x00009524       0x4c contiki-sky.a(uip-ds6-route.o)
 .text.uip_ds6_route_init
                0x00009570       0x36 contiki-sky.a(uip-ds6-route.o)
                0x00009570                uip_ds6_route_init
 .text.uip_ds6_route_nexthop
                0x000095a6       0x1a contiki-sky.a(uip-ds6-route.o)
                0x000095a6                uip_ds6_route_nexthop
 .text.uip_ds6_route_head
                0x000095c0        0xa contiki-sky.a(uip-ds6-route.o)
                0x000095c0                uip_ds6_route_head
 .text.uip_ds6_route_next
                0x000095ca        0xe contiki-sky.a(uip-ds6-route.o)
                0x000095ca                uip_ds6_route_next
 .text.uip_ds6_route_lookup
                0x000095d8       0x8c contiki-sky.a(uip-ds6-route.o)
                0x000095d8                uip_ds6_route_lookup
 .text.uip_ds6_route_rm
                0x00009664       0xa4 contiki-sky.a(uip-ds6-route.o)
                0x00009664                uip_ds6_route_rm
 .text.rm_routelist
                0x00009708       0x34 contiki-sky.a(uip-ds6-route.o)
 .text.rm_routelist_callback
                0x0000973c        0x6 contiki-sky.a(uip-ds6-route.o)
 .text.uip_ds6_route_add
                0x00009742      0x10c contiki-sky.a(uip-ds6-route.o)
                0x00009742                uip_ds6_route_add
 .text.uip_ds6_defrt_rm
                0x0000984e       0x48 contiki-sky.a(uip-ds6-route.o)
                0x0000984e                uip_ds6_defrt_rm
 .text.uip_ds6_defrt_lookup
                0x00009896       0x36 contiki-sky.a(uip-ds6-route.o)
                0x00009896                uip_ds6_defrt_lookup
 .text.uip_ds6_defrt_add
                0x000098cc       0x74 contiki-sky.a(uip-ds6-route.o)
                0x000098cc                uip_ds6_defrt_add
 .text.uip_ds6_defrt_choose
                0x00009940       0x3a contiki-sky.a(uip-ds6-route.o)
                0x00009940                uip_ds6_defrt_choose
 .text.uip_ds6_defrt_periodic
                0x0000997a       0x38 contiki-sky.a(uip-ds6-route.o)
                0x0000997a                uip_ds6_defrt_periodic
 .text.echo_reply_input
                0x000099b2      0x112 contiki-sky.a(uip-icmp6.o)
 .text.echo_request_input
                0x00009ac4      0x12c contiki-sky.a(uip-icmp6.o)
 .text.uip_icmp6_input
                0x00009bf0       0x44 contiki-sky.a(uip-icmp6.o)
                0x00009bf0                uip_icmp6_input
 .text.uip_icmp6_register_input_handler
                0x00009c34        0xc contiki-sky.a(uip-icmp6.o)
                0x00009c34                uip_icmp6_register_input_handler
 .text.uip_icmp6_error_output
                0x00009c40      0x17a contiki-sky.a(uip-icmp6.o)
                0x00009c40                uip_icmp6_error_output
 .text.uip_icmp6_send
                0x00009dba       0x96 contiki-sky.a(uip-icmp6.o)
                0x00009dba                uip_icmp6_send
 .text.uip_icmp6_init
                0x00009e50       0x12 contiki-sky.a(uip-icmp6.o)
                0x00009e50                uip_icmp6_init
 .text.uip_nd6_init
                0x00009e62        0x2 contiki-sky.a(uip-nd6.o)
                0x00009e62                uip_nd6_init
 .text.start_periodic_tcp_timer
                0x00009e64       0x16 contiki-sky.a(tcpip.o)
 .text.tcpip_output
                0x00009e7a       0x10 contiki-sky.a(tcpip.o)
                0x00009e7a                tcpip_output
 .text.tcpip_set_outputfunc
                0x00009e8a        0x6 contiki-sky.a(tcpip.o)
                0x00009e8a                tcpip_set_outputfunc
 .text.udp_new  0x00009e90       0x1a contiki-sky.a(tcpip.o)
                0x00009e90                udp_new
 .text.tcpip_input
                0x00009eaa       0x16 contiki-sky.a(tcpip.o)
                0x00009eaa                tcpip_input
 .text.tcpip_ipv6_output
                0x00009ec0       0xce contiki-sky.a(tcpip.o)
                0x00009ec0                tcpip_ipv6_output
 .text.process_thread_tcpip_process
                0x00009f8e      0x1d0 contiki-sky.a(tcpip.o)
 .text.tcpip_uipcall
                0x0000a15e       0x72 contiki-sky.a(tcpip.o)
                0x0000a15e                tcpip_uipcall
 .text.uip_debug_ipaddr_print
                0x0000a1d0       0x7c contiki-sky.a(uip-debug.o)
                0x0000a1d0                uip_debug_ipaddr_print
 .text.uip_udp_packet_send
                0x0000a24c       0x2e contiki-sky.a(uip-udp-packet.)
                0x0000a24c                uip_udp_packet_send
 .text.rpl_get_mode
                0x0000a27a        0x6 contiki-sky.a(rpl.o)
                0x0000a27a                rpl_get_mode
 .text.rpl_purge_routes
                0x0000a280       0x96 contiki-sky.a(rpl.o)
                0x0000a280                rpl_purge_routes
 .text.rpl_remove_routes
                0x0000a316       0x22 contiki-sky.a(rpl.o)
                0x0000a316                rpl_remove_routes
 .text.rpl_remove_routes_by_nexthop
                0x0000a338       0x46 contiki-sky.a(rpl.o)
                0x0000a338                rpl_remove_routes_by_nexthop
 .text.rpl_add_route
                0x0000a37e       0x44 contiki-sky.a(rpl.o)
                0x0000a37e                rpl_add_route
 .text.rpl_link_neighbor_callback
                0x0000a3c2       0x7c contiki-sky.a(rpl.o)
                0x0000a3c2                rpl_link_neighbor_callback
 .text.rpl_ipv6_neighbor_callback
                0x0000a43e       0x1e contiki-sky.a(rpl.o)
                0x0000a43e                rpl_ipv6_neighbor_callback
 .text.rpl_init
                0x0000a45c       0x4a contiki-sky.a(rpl.o)
                0x0000a45c                rpl_init
 .text.lollipop_greater_than
                0x0000a4a6       0x44 contiki-sky.a(rpl-dag.o)
 .text.acceptable_rank
                0x0000a4ea       0x50 contiki-sky.a(rpl-dag.o)
 .text.find_parent_any_dag_any_instance
                0x0000a53a       0x14 contiki-sky.a(rpl-dag.o)
 .text.rpl_set_preferred_parent
                0x0000a54e       0x30 contiki-sky.a(rpl-dag.o)
 .text.set_ip_from_prefix
                0x0000a57e       0x38 contiki-sky.a(rpl-dag.o)
 .text.check_prefix
                0x0000a5b6       0x80 contiki-sky.a(rpl-dag.o)
 .text.rpl_get_nbr
                0x0000a636       0x1e contiki-sky.a(rpl-dag.o)
                0x0000a636                rpl_get_nbr
 .text.rpl_dag_init
                0x0000a654        0xe contiki-sky.a(rpl-dag.o)
                0x0000a654                rpl_dag_init
 .text.rpl_get_parent
                0x0000a662        0xc contiki-sky.a(rpl-dag.o)
                0x0000a662                rpl_get_parent
 .text.rpl_get_parent_ipaddr
                0x0000a66e       0x10 contiki-sky.a(rpl-dag.o)
                0x0000a66e                rpl_get_parent_ipaddr
 .text.rpl_set_prefix
                0x0000a67e       0x8e contiki-sky.a(rpl-dag.o)
                0x0000a67e                rpl_set_prefix
 .text.rpl_set_default_route
                0x0000a70c       0x4a contiki-sky.a(rpl-dag.o)
                0x0000a70c                rpl_set_default_route
 .text.rpl_alloc_instance
                0x0000a756       0x34 contiki-sky.a(rpl-dag.o)
                0x0000a756                rpl_alloc_instance
 .text.rpl_add_parent
                0x0000a78a       0x56 contiki-sky.a(rpl-dag.o)
                0x0000a78a                rpl_add_parent
 .text.rpl_find_parent
                0x0000a7e0       0x1a contiki-sky.a(rpl-dag.o)
                0x0000a7e0                rpl_find_parent
 .text.rpl_find_parent_any_dag
                0x0000a7fa       0x22 contiki-sky.a(rpl-dag.o)
                0x0000a7fa                rpl_find_parent_any_dag
 .text.rpl_select_parent
                0x0000a81c       0x7e contiki-sky.a(rpl-dag.o)
                0x0000a81c                rpl_select_parent
 .text.rpl_select_dag
                0x0000a89a      0x182 contiki-sky.a(rpl-dag.o)
                0x0000a89a                rpl_select_dag
 .text.rpl_nullify_parent
                0x0000aa1c       0x54 contiki-sky.a(rpl-dag.o)
                0x0000aa1c                rpl_nullify_parent
 .text.rpl_remove_parent
                0x0000aa70       0x16 contiki-sky.a(rpl-dag.o)
                0x0000aa70                rpl_remove_parent
 .text.nbr_callback
                0x0000aa86        0x6 contiki-sky.a(rpl-dag.o)
 .text.remove_parents.constprop.2
                0x0000aa8c       0x32 contiki-sky.a(rpl-dag.o)
 .text.rpl_move_parent
                0x0000aabe       0x5a contiki-sky.a(rpl-dag.o)
                0x0000aabe                rpl_move_parent
 .text.rpl_get_any_dag
                0x0000ab18       0x18 contiki-sky.a(rpl-dag.o)
                0x0000ab18                rpl_get_any_dag
 .text.rpl_get_instance
                0x0000ab30       0x1a contiki-sky.a(rpl-dag.o)
                0x0000ab30                rpl_get_instance
 .text.rpl_alloc_dag
                0x0000ab4a       0x60 contiki-sky.a(rpl-dag.o)
                0x0000ab4a                rpl_alloc_dag
 .text.rpl_repair_root
                0x0000abaa       0x50 contiki-sky.a(rpl-dag.o)
                0x0000abaa                rpl_repair_root
 .text.rpl_find_of
                0x0000abfa       0x10 contiki-sky.a(rpl-dag.o)
                0x0000abfa                rpl_find_of
 .text.rpl_join_instance
                0x0000ac0a      0x13c contiki-sky.a(rpl-dag.o)
                0x0000ac0a                rpl_join_instance
 .text.rpl_local_repair
                0x0000ad46       0x7c contiki-sky.a(rpl-dag.o)
                0x0000ad46                rpl_local_repair
 .text.rpl_process_parent_event
                0x0000adc2       0x4e contiki-sky.a(rpl-dag.o)
                0x0000adc2                rpl_process_parent_event
 .text.rpl_recalculate_ranks
                0x0000ae10       0x48 contiki-sky.a(rpl-dag.o)
                0x0000ae10                rpl_recalculate_ranks
 .text.rpl_add_dag
                0x0000ae58      0x112 contiki-sky.a(rpl-dag.o)
                0x0000ae58                rpl_add_dag
 .text.rpl_process_dio
                0x0000af6a      0x2d2 contiki-sky.a(rpl-dag.o)
                0x0000af6a                rpl_process_dio
 .text.rpl_lock_parent
                0x0000b23c        0xc contiki-sky.a(rpl-dag.o)
                0x0000b23c                rpl_lock_parent
 .text.rpl_verify_header
                0x0000b248       0xba contiki-sky.a(rpl-ext-header.)
                0x0000b248                rpl_verify_header
 .text.rpl_update_header_empty
                0x0000b302      0x126 contiki-sky.a(rpl-ext-header.)
                0x0000b302                rpl_update_header_empty
 .text.rpl_update_header_final
                0x0000b428       0x94 contiki-sky.a(rpl-ext-header.)
                0x0000b428                rpl_update_header_final
 .text.rpl_invert_header
                0x0000b4bc       0x7a contiki-sky.a(rpl-ext-header.)
                0x0000b4bc                rpl_invert_header
 .text.rpl_insert_header
                0x0000b536       0x12 contiki-sky.a(rpl-ext-header.)
                0x0000b536                rpl_insert_header
 .text.get32    0x0000b548       0x46 contiki-sky.a(rpl-icmp6.o)
 .text.set32    0x0000b58e       0x2a contiki-sky.a(rpl-icmp6.o)
 .text.get16    0x0000b5b8        0xe contiki-sky.a(rpl-icmp6.o)
 .text.set16    0x0000b5c6       0x10 contiki-sky.a(rpl-icmp6.o)
 .text.dao_ack_input
                0x0000b5d6        0x6 contiki-sky.a(rpl-icmp6.o)
 .text.dio_input
                0x0000b5dc      0x2d6 contiki-sky.a(rpl-icmp6.o)
 .text.dis_output
                0x0000b8b2       0x50 contiki-sky.a(rpl-icmp6.o)
                0x0000b8b2                dis_output
 .text.dio_output
                0x0000b902      0x268 contiki-sky.a(rpl-icmp6.o)
                0x0000b902                dio_output
 .text.dis_input
                0x0000bb6a       0x28 contiki-sky.a(rpl-icmp6.o)
 .text.dao_output_target
                0x0000bb92       0xea contiki-sky.a(rpl-icmp6.o)
                0x0000bb92                dao_output_target
 .text.dao_output
                0x0000bc7c       0x80 contiki-sky.a(rpl-icmp6.o)
                0x0000bc7c                dao_output
 .text.dao_ack_output
                0x0000bcfc       0x32 contiki-sky.a(rpl-icmp6.o)
                0x0000bcfc                dao_ack_output
 .text.dao_input
                0x0000bd2e      0x2a8 contiki-sky.a(rpl-icmp6.o)
 .text.rpl_icmp6_register_handlers
                0x0000bfd6       0x22 contiki-sky.a(rpl-icmp6.o)
                0x0000bfd6                rpl_icmp6_register_handlers
 .text.reset    0x0000bff8        0x2 contiki-sky.a(rpl-mrhof.o)
 .text.update_metric_container
                0x0000bffa        0x6 contiki-sky.a(rpl-mrhof.o)
 .text.calculate_rank
                0x0000c000       0x3e contiki-sky.a(rpl-mrhof.o)
 .text.best_parent
                0x0000c03e       0x74 contiki-sky.a(rpl-mrhof.o)
 .text.neighbor_link_callback
                0x0000c0b2       0xa2 contiki-sky.a(rpl-mrhof.o)
 .text.best_dag
                0x0000c154       0x34 contiki-sky.a(rpl-mrhof.o)
 .text.new_dio_interval
                0x0000c188       0x92 contiki-sky.a(rpl-timers.o)
 .text.handle_periodic_timer
                0x0000c21a       0x2e contiki-sky.a(rpl-timers.o)
 .text.set_dao_lifetime_timer
                0x0000c248       0x52 contiki-sky.a(rpl-timers.o)
 .text.schedule_dao
                0x0000c29a       0x82 contiki-sky.a(rpl-timers.o)
 .text.handle_dio_timer
                0x0000c31c       0x88 contiki-sky.a(rpl-timers.o)
 .text.handle_dao_timer
                0x0000c3a4       0x64 contiki-sky.a(rpl-timers.o)
 .text.rpl_reset_periodic_timer
                0x0000c408       0x60 contiki-sky.a(rpl-timers.o)
                0x0000c408                rpl_reset_periodic_timer
 .text.rpl_reset_dio_timer
                0x0000c468       0x18 contiki-sky.a(rpl-timers.o)
                0x0000c468                rpl_reset_dio_timer
 .text.rpl_schedule_dao
                0x0000c480        0xc contiki-sky.a(rpl-timers.o)
                0x0000c480                rpl_schedule_dao
 .text.rpl_schedule_probing
                0x0000c48c       0x3c contiki-sky.a(rpl-timers.o)
                0x0000c48c                rpl_schedule_probing
 .text.handle_probing_timer
                0x0000c4c8      0x124 contiki-sky.a(rpl-timers.o)
 .text.input_packet
                0x0000c5ec        0x6 contiki-sky.a(csma.o)
 .text.on       0x0000c5f2        0x6 contiki-sky.a(csma.o)
 .text.off      0x0000c5f8        0x6 contiki-sky.a(csma.o)
 .text.channel_check_interval
                0x0000c5fe       0x10 contiki-sky.a(csma.o)
 .text.transmit_packet_list
                0x0000c60e       0x24 contiki-sky.a(csma.o)
 .text.send_packet
                0x0000c632      0x17a contiki-sky.a(csma.o)
 .text.init     0x0000c7ac       0x1a contiki-sky.a(csma.o)
 .text.free_packet
                0x0000c7c6       0x9c contiki-sky.a(csma.o)
 .text.packet_sent
                0x0000c862      0x130 contiki-sky.a(csma.o)
 .text.parse    0x0000c992       0xa0 contiki-sky.a(framer-802154.o)
 .text.create_frame.isra.0
                0x0000ca32      0x108 contiki-sky.a(framer-802154.o)
 .text.create   0x0000cb3a        0x8 contiki-sky.a(framer-802154.o)
 .text.hdr_length
                0x0000cb42        0x8 contiki-sky.a(framer-802154.o)
 .text.framer_canonical_create_and_secure
                0x0000cb4a       0x20 contiki-sky.a(framer.o)
                0x0000cb4a                framer_canonical_create_and_secure
 .text.mac_call_sent_callback
                0x0000cb6a       0x14 contiki-sky.a(mac.o)
                0x0000cb6a                mac_call_sent_callback
 .text.on       0x0000cb7e        0x6 contiki-sky.a(nullrdc.o)
 .text.channel_check_interval
                0x0000cb84        0x4 contiki-sky.a(nullrdc.o)
 .text.init     0x0000cb88        0x6 contiki-sky.a(nullrdc.o)
 .text.send_one_packet
                0x0000cb8e      0x116 contiki-sky.a(nullrdc.o)
 .text.send_list
                0x0000cca4       0x30 contiki-sky.a(nullrdc.o)
 .text.send_packet
                0x0000ccd4        0x6 contiki-sky.a(nullrdc.o)
 .text.off      0x0000ccda       0x10 contiki-sky.a(nullrdc.o)
 .text.packet_input
                0x0000ccea       0x3c contiki-sky.a(nullrdc.o)
 .text.linkaddr_copy
                0x0000cd26        0x8 contiki-sky.a(linkaddr.o)
                0x0000cd26                linkaddr_copy
 .text.linkaddr_cmp
                0x0000cd2e       0x12 contiki-sky.a(linkaddr.o)
                0x0000cd2e                linkaddr_cmp
 .text.linkaddr_set_node_addr
                0x0000cd40        0xc contiki-sky.a(linkaddr.o)
                0x0000cd40                linkaddr_set_node_addr
 .text.index_from_key
                0x0000cd4c       0x48 contiki-sky.a(nbr-table.o)
 .text.item_from_key
                0x0000cd94       0x34 contiki-sky.a(nbr-table.o)
 .text.nbr_set_bit
                0x0000cdc8       0x8e contiki-sky.a(nbr-table.o)
 .text.index_from_lladdr
                0x0000ce56       0x42 contiki-sky.a(nbr-table.o)
 .text.nbr_get_bit.constprop.0
                0x0000ce98       0x62 contiki-sky.a(nbr-table.o)
 .text.nbr_table_register
                0x0000cefa       0x28 contiki-sky.a(nbr-table.o)
                0x0000cefa                nbr_table_register
 .text.nbr_table_next
                0x0000cf22       0x90 contiki-sky.a(nbr-table.o)
                0x0000cf22                nbr_table_next
 .text.nbr_table_head
                0x0000cfb2       0x36 contiki-sky.a(nbr-table.o)
                0x0000cfb2                nbr_table_head
 .text.nbr_table_add_lladdr
                0x0000cfe8      0x144 contiki-sky.a(nbr-table.o)
                0x0000cfe8                nbr_table_add_lladdr
 .text.nbr_table_get_from_lladdr
                0x0000d12c       0x48 contiki-sky.a(nbr-table.o)
                0x0000d12c                nbr_table_get_from_lladdr
 .text.nbr_table_remove
                0x0000d174       0x32 contiki-sky.a(nbr-table.o)
                0x0000d174                nbr_table_remove
 .text.nbr_table_lock
                0x0000d1a6       0x10 contiki-sky.a(nbr-table.o)
                0x0000d1a6                nbr_table_lock
 .text.nbr_table_unlock
                0x0000d1b6       0x10 contiki-sky.a(nbr-table.o)
                0x0000d1b6                nbr_table_unlock
 .text.nbr_table_get_lladdr
                0x0000d1c6       0x5a contiki-sky.a(nbr-table.o)
                0x0000d1c6                nbr_table_get_lladdr
 .text.packetbuf_compact
                0x0000d220       0x2e contiki-sky.a(packetbuf.o)
                0x0000d220                packetbuf_compact
 .text.packetbuf_copyto
                0x0000d24e       0x52 contiki-sky.a(packetbuf.o)
                0x0000d24e                packetbuf_copyto
 .text.packetbuf_hdrreduce
                0x0000d2a0       0x1a contiki-sky.a(packetbuf.o)
                0x0000d2a0                packetbuf_hdrreduce
 .text.packetbuf_set_datalen
                0x0000d2ba        0x6 contiki-sky.a(packetbuf.o)
                0x0000d2ba                packetbuf_set_datalen
 .text.packetbuf_dataptr
                0x0000d2c0        0xe contiki-sky.a(packetbuf.o)
                0x0000d2c0                packetbuf_dataptr
 .text.packetbuf_hdrptr
                0x0000d2ce        0xa contiki-sky.a(packetbuf.o)
                0x0000d2ce                packetbuf_hdrptr
 .text.packetbuf_datalen
                0x0000d2d8        0x6 contiki-sky.a(packetbuf.o)
                0x0000d2d8                packetbuf_datalen
 .text.packetbuf_hdrlen
                0x0000d2de       0x10 contiki-sky.a(packetbuf.o)
                0x0000d2de                packetbuf_hdrlen
 .text.packetbuf_totlen
                0x0000d2ee        0xc contiki-sky.a(packetbuf.o)
                0x0000d2ee                packetbuf_totlen
 .text.packetbuf_hdralloc
                0x0000d2fa       0x2e contiki-sky.a(packetbuf.o)
                0x0000d2fa                packetbuf_hdralloc
 .text.packetbuf_attr_clear
                0x0000d328       0x28 contiki-sky.a(packetbuf.o)
                0x0000d328                packetbuf_attr_clear
 .text.packetbuf_clear
                0x0000d350       0x1a contiki-sky.a(packetbuf.o)
                0x0000d350                packetbuf_clear
 .text.packetbuf_copyfrom
                0x0000d36a       0x2e contiki-sky.a(packetbuf.o)
                0x0000d36a                packetbuf_copyfrom
 .text.packetbuf_attr_copyto
                0x0000d398       0x22 contiki-sky.a(packetbuf.o)
                0x0000d398                packetbuf_attr_copyto
 .text.packetbuf_attr_copyfrom
                0x0000d3ba       0x24 contiki-sky.a(packetbuf.o)
                0x0000d3ba                packetbuf_attr_copyfrom
 .text.packetbuf_holds_broadcast
                0x0000d3de        0xe contiki-sky.a(packetbuf.o)
                0x0000d3de                packetbuf_holds_broadcast
 .text.queuebuf_init
                0x0000d3ec       0x12 contiki-sky.a(queuebuf.o)
                0x0000d3ec                queuebuf_init
 .text.queuebuf_numfree
                0x0000d3fe        0xa contiki-sky.a(queuebuf.o)
                0x0000d3fe                queuebuf_numfree
 .text.queuebuf_new_from_packetbuf
                0x0000d408       0x52 contiki-sky.a(queuebuf.o)
                0x0000d408                queuebuf_new_from_packetbuf
 .text.queuebuf_update_attr_from_packetbuf
                0x0000d45a       0x12 contiki-sky.a(queuebuf.o)
                0x0000d45a                queuebuf_update_attr_from_packetbuf
 .text.queuebuf_free
                0x0000d46c       0x2a contiki-sky.a(queuebuf.o)
                0x0000d46c                queuebuf_free
 .text.queuebuf_to_packetbuf
                0x0000d496       0x32 contiki-sky.a(queuebuf.o)
                0x0000d496                queuebuf_to_packetbuf
 .text.queuebuf_attr
                0x0000d4c8        0xe contiki-sky.a(queuebuf.o)
                0x0000d4c8                queuebuf_attr
 .text.bootstrap
                0x0000d4d6        0x4 contiki-sky.a(nullsec.o)
 .text.send     0x0000d4da        0xa contiki-sky.a(nullsec.o)
 .text.on_frame_created
                0x0000d4e4        0x4 contiki-sky.a(nullsec.o)
 .text.input    0x0000d4e8        0x6 contiki-sky.a(nullsec.o)
 .text.get_overhead
                0x0000d4ee        0x4 contiki-sky.a(nullsec.o)
 .text.crc8_add
                0x0000d4f2       0x1c contiki-sky.a(sht11.o)
 .text.sstart   0x0000d50e       0x3e contiki-sky.a(sht11.o)
 .text.swrite   0x0000d54c       0x52 contiki-sky.a(sht11.o)
 .text.sread    0x0000d59e       0x4e contiki-sky.a(sht11.o)
 .text.sreset   0x0000d5ec       0x2a contiki-sky.a(sht11.o)
 .text.scmd.part.0
                0x0000d616       0xb0 contiki-sky.a(sht11.o)
 .text.sht11_init
                0x0000d6c6       0x1a contiki-sky.a(sht11.o)
                0x0000d6c6                sht11_init
 .text.sht11_off
                0x0000d6e0       0x14 contiki-sky.a(sht11.o)
                0x0000d6e0                sht11_off
 .text.sht11_temp
                0x0000d6f4        0xa contiki-sky.a(sht11.o)
                0x0000d6f4                sht11_temp
 .text.sht11_humidity
                0x0000d6fe        0xa contiki-sky.a(sht11.o)
                0x0000d6fe                sht11_humidity
 .text.sht11_sreg
                0x0000d708       0x7a contiki-sky.a(sht11.o)
                0x0000d708                sht11_sreg
 .text.spi_init
                0x0000d782       0x32 contiki-sky.a(spi.o)
                0x0000d782                spi_init
 .text.stimer_set
                0x0000d7b4       0x1c contiki-sky.a(stimer.o)
                0x0000d7b4                stimer_set
 .text.stimer_expired
                0x0000d7d0       0x30 contiki-sky.a(stimer.o)
                0x0000d7d0                stimer_expired
 .text.memb_init
                0x0000d800       0x36 contiki-sky.a(memb.o)
                0x0000d800                memb_init
 .text.memb_alloc
                0x0000d836       0x3e contiki-sky.a(memb.o)
                0x0000d836                memb_alloc
 .text.memb_free
                0x0000d874       0x3a contiki-sky.a(memb.o)
                0x0000d874                memb_free
 .text.memb_inmemb
                0x0000d8ae       0x2e contiki-sky.a(memb.o)
                0x0000d8ae                memb_inmemb
 .text.memb_numfree
                0x0000d8dc       0x26 contiki-sky.a(memb.o)
                0x0000d8dc                memb_numfree
 .text.field_len
                0x0000d902       0x98 contiki-sky.a(frame802154.o)
 .text.frame802154_hdrlen
                0x0000d99a       0x2e contiki-sky.a(frame802154.o)
                0x0000d99a                frame802154_hdrlen
 .text.frame802154_create
                0x0000d9c8      0x146 contiki-sky.a(frame802154.o)
                0x0000d9c8                frame802154_create
 .text.frame802154_parse
                0x0000db0e      0x1da contiki-sky.a(frame802154.o)
                0x0000db0e                frame802154_parse
 .text.mac_sequence_is_duplicate
                0x0000dce8       0x44 contiki-sky.a(mac-sequence.o)
                0x0000dce8                mac_sequence_is_duplicate
 .text.mac_sequence_register_seqno
                0x0000dd2c       0x76 contiki-sky.a(mac-sequence.o)
                0x0000dd2c                mac_sequence_register_seqno
 .text.libgcc   0x0000dda2       0x2c /usr/lib/gcc/msp430/4.6.3/mmpy-16/libgcc.a(_mulsi3.o)
                0x0000dda2                __mulsi3
 .text.libgcc   0x0000ddce       0x22 /usr/lib/gcc/msp430/4.6.3/mmpy-16/libgcc.a(_udivmod16.o)
                0x0000ddce                __udivhi3
                0x0000ddce                __ext_udivmod16
                0x0000dde8                __umodhi3
 .text.libgcc   0x0000ddf0       0x3a /usr/lib/gcc/msp430/4.6.3/mmpy-16/libgcc.a(_divmod16.o)
                0x0000ddf0                __ext_divmod16
                0x0000ddf0                __divhi3
                0x0000de22                __modhi3
 .text.libgcc   0x0000de2a       0x40 /usr/lib/gcc/msp430/4.6.3/mmpy-16/libgcc.a(_udivmod32.o)
                0x0000de2a                __udivsi3
                0x0000de2a                __ext_udivmod32
                0x0000de60                __umodsi3
 .text          0x0000de6a       0x42 /usr/lib/gcc/msp430/4.6.3/mmpy-16/libgcc.a(_fixunssfsi.o)
                0x0000de6a                __fixunssfsi
 .text          0x0000deac      0x32e /usr/lib/gcc/msp430/4.6.3/mmpy-16/libgcc.a(_addsub_sf.o)
                0x0000e13e                __addsf3
                0x0000e18a                __subsf3
 .text          0x0000e1da      0x224 /usr/lib/gcc/msp430/4.6.3/mmpy-16/libgcc.a(_mul_sf.o)
                0x0000e1da                __mulsf3
 .text          0x0000e3fe       0x50 /usr/lib/gcc/msp430/4.6.3/mmpy-16/libgcc.a(_ge_sf.o)
                0x0000e3fe                __gesf2
 .text          0x0000e44e       0xa6 /usr/lib/gcc/msp430/4.6.3/mmpy-16/libgcc.a(_si_to_sf.o)
                0x0000e44e                __floatsisf
 .text          0x0000e4f4       0x90 /usr/lib/gcc/msp430/4.6.3/mmpy-16/libgcc.a(_sf_to_si.o)
                0x0000e4f4                __fixsfsi
 .text          0x0000e584       0x72 /usr/lib/gcc/msp430/4.6.3/mmpy-16/libgcc.a(_clzsi2.o)
                0x0000e584                __clzsi2
 .text          0x0000e5f6      0x1de /usr/lib/gcc/msp430/4.6.3/mmpy-16/libgcc.a(_pack_sf.o)
                0x0000e5f6                __pack_f
 .text          0x0000e7d4      0x124 /usr/lib/gcc/msp430/4.6.3/mmpy-16/libgcc.a(_unpack_sf.o)
                0x0000e7d4                __unpack_f
 .text          0x0000e8f8       0xa4 /usr/lib/gcc/msp430/4.6.3/mmpy-16/libgcc.a(_fpcmp_parts_sf.o)
                0x0000e8f8                __fpcmp_parts_f
 .text          0x0000e99c       0x20 /usr/lib/gcc/msp430/4.6.3/../../../../msp430/lib/mmpy-16/libc.a(memcmp.o)
                0x0000e99c                memcmp
 .text          0x0000e9bc       0x14 /usr/lib/gcc/msp430/4.6.3/../../../../msp430/lib/mmpy-16/libc.a(strcpy.o)
                0x0000e9bc                strcpy
 .text          0x0000e9d0       0xfa /usr/lib/gcc/msp430/4.6.3/../../../../msp430/lib/mmpy-16/libc.a(memcpy.o)
                0x0000e9d0                memcpy
 .text          0x0000eaca       0xfa /usr/lib/gcc/msp430/4.6.3/../../../../msp430/lib/mmpy-16/libc.a(memmove.o)
                0x0000eaca                memmove
 .text          0x0000ebc4       0x6a /usr/lib/gcc/msp430/4.6.3/../../../../msp430/lib/mmpy-16/libc.a(memset.o)
                0x0000ebc4                memset
 .text          0x0000ec2e       0x6c /usr/lib/gcc/msp430/4.6.3/../../../../msp430/lib/mmpy-16/libc.a(strtok.o)
                0x0000ec2e                strtok_r
                0x0000ec90                strtok
 .text          0x0000ec9a       0x1e /usr/lib/gcc/msp430/4.6.3/../../../../msp430/lib/mmpy-16/libc.a(printf.o)
                0x0000ec9a                printf
                0x0000ecaa                vprintf
 .text          0x0000ecb8      0x836 /usr/lib/gcc/msp430/4.6.3/../../../../msp430/lib/mmpy-16/libc.a(vuprintf.o)
                0x0000ee50                vuprintf
 .text          0x0000f4ee       0x2c /usr/lib/gcc/msp430/4.6.3/../../../../msp430/lib/mmpy-16/libc.a(puts.o)
                0x0000f4ee                puts
 .text          0x0000f51a       0x54 /usr/lib/gcc/msp430/4.6.3/../../../../msp430/lib/mmpy-16/libc.a(rand.o)
                0x0000f51a                rand_r
                0x0000f53e                rand
                0x0000f564                srand
 .text.libgcc   0x0000f56e       0xf0 /usr/lib/gcc/msp430/4.6.3/mmpy-16/libgcc.a(_udivmod64.o)
                0x0000f56e                __xabi_udivmod64
                0x0000f5cc                __udivdi3
                0x0000f5f2                __umoddi3
                0x0000f620                __udivmoddi4
 .text.crt0     0x0000f65e        0x2 /usr/lib/gcc/msp430/4.6.3/mmpy-16/libcrt0.a(_unexpected_.o)
                0x0000f65e                _unexpected_
                0x0000f660                . = ALIGN (0x2)

.rodata         0x0000f660      0x488
                0x0000f660                . = ALIGN (0x2)
 *(.rodata .rodata.* .gnu.linkonce.r.*)
 .rodata        0x0000f660       0xd4 udp-echo-server.co
                0x0000f718                autostart_processes
 .rodata        0x0000f734      0x12e obj_sky/contiki-sky-main.o
 .rodata        0x0000f862        0xe contiki-sky.a(sht11-sensor.o)
                0x0000f868                sht11_sensor
 .rodata        0x0000f870        0xe contiki-sky.a(light-sensor.o)
                0x0000f876                light_sensor
 .rodata        0x0000f87e       0x10 contiki-sky.a(button-sensor.o)
                0x0000f886                button_sensor
 .rodata        0x0000f88e        0x8 contiki-sky.a(sensors.o)
 .rodata        0x0000f896       0x5a contiki-sky.a(cc2420.o)
                0x0000f8b2                cc2420_aes_128_driver
                0x0000f8b6                cc2420_driver
 .rodata        0x0000f8f0        0xf contiki-sky.a(ctimer.o)
 .rodata        0x0000f8ff        0xc contiki-sky.a(etimer.o)
 *fill*         0x0000f90b        0x1 00
 .rodata        0x0000f90c       0x24 contiki-sky.a(sicslowpan.o)
                0x0000f918                sicslowpan_driver
                0x0000f91e                llprefix
                0x0000f920                unc_mxconf
                0x0000f924                unc_ctxconf
                0x0000f928                unc_llconf
 .rodata        0x0000f930       0x20 contiki-sky.a(uip6.o)
 .rodata        0x0000f950        0xd contiki-sky.a(tcpip.o)
 .rodata        0x0000f95d       0x29 contiki-sky.a(uip-debug.o)
 .rodata        0x0000f986       0x14 contiki-sky.a(csma.o)
                0x0000f98c                csma_driver
 .rodata        0x0000f99a        0x8 contiki-sky.a(framer-802154.o)
                0x0000f99a                framer_802154
 .rodata        0x0000f9a2       0x18 contiki-sky.a(nullrdc.o)
                0x0000f9aa                nullrdc_driver
 .rodata        0x0000f9ba        0x8 contiki-sky.a(linkaddr.o)
                0x0000f9ba                linkaddr_null
 .rodata        0x0000f9c2       0x14 contiki-sky.a(nullsec.o)
                0x0000f9ca                nullsec_driver
 .rodata        0x0000f9d6        0x2 contiki-sky.a(frame802154.o)
 .rodata        0x0000f9d8        0x8 /usr/lib/gcc/msp430/4.6.3/mmpy-16/libgcc.a(_thenan_sf.o)
                0x0000f9d8                __thenan_sf
 .rodata        0x0000f9e0      0x100 /usr/lib/gcc/msp430/4.6.3/mmpy-16/libgcc.a(_clz.o)
                0x0000f9e0                __clz_tab
 .rodata        0x0000fae0        0x7 /usr/lib/gcc/msp430/4.6.3/../../../../msp430/lib/mmpy-16/libc.a(vuprintf.o)
                0x0000fae8                . = ALIGN (0x2)
 *fill*         0x0000fae7        0x1 00
                0x0000fae8                _etext = .

.data           0x00001100       0xe0 load address 0x0000fae8
                0x00001100                . = ALIGN (0x2)
                0x00001100                PROVIDE (__data_start, .)
 *(.data .data.* .gnu.linkonce.d.*)
 .data          0x00001100        0xa udp-echo-server.co
                0x00001100                udp_echo_server_process
 .data          0x0000110a        0x4 contiki-sky.a(contiki-sky-pla)
                0x0000110a                sensors
 .data          0x0000110e        0x1 contiki-sky.a(sht11-sensor.o)
 *fill*         0x0000110f        0x1 00
 .data          0x00001110        0xa contiki-sky.a(sensors.o)
                0x00001110                sensors_process
 .data          0x0000111a        0xa contiki-sky.a(cc2420.o)
                0x0000111a                cc2420_process
 .data          0x00001124        0x2 contiki-sky.a(msp430.o)
 .data          0x00001126        0xa contiki-sky.a(ctimer.o)
                0x00001126                ctimer_process
 .data          0x00001130        0xa contiki-sky.a(etimer.o)
                0x00001130                etimer_process
 .data          0x0000113a        0xa contiki-sky.a(uip-ds6-nbr.o)
                0x0000113a                ds6_neighbors
 .data          0x00001144       0x20 contiki-sky.a(uip-ds6-route.o)
 .data          0x00001164        0xc contiki-sky.a(uip-icmp6.o)
 .data          0x00001170        0xa contiki-sky.a(tcpip.o)
                0x00001170                tcpip_process
 .data          0x0000117a        0xa contiki-sky.a(rpl-dag.o)
                0x0000117a                rpl_parents
 .data          0x00001184       0x1a contiki-sky.a(rpl-icmp6.o)
 .data          0x0000119e        0xe contiki-sky.a(rpl-mrhof.o)
                0x0000119e                rpl_mrhof
 .data          0x000011ac       0x18 contiki-sky.a(csma.o)
 .data          0x000011c4        0x8 contiki-sky.a(nbr-table.o)
 .data          0x000011cc       0x10 contiki-sky.a(queuebuf.o)
 .data          0x000011dc        0x4 /usr/lib/gcc/msp430/4.6.3/../../../../msp430/lib/mmpy-16/libc.a(rand.o)
                0x000011e0                . = ALIGN (0x2)
                0x000011e0                _edata = .
                0x0000fae8                PROVIDE (__data_load_start, LOADADDR (.data))
                0x000000e0                PROVIDE (__data_size, SIZEOF (.data))

.bss            0x000011e0     0x16d4 load address 0x0000fbc8
                0x000011e0                PROVIDE (__bss_start, .)
 *(.bss .bss.*)
 .bss           0x000011e0      0x1f4 udp-echo-server.co
                0x000011e0                i
 .bss           0x000013d4        0xc obj_sky/contiki-sky-main.o
 .bss           0x000013e0        0x8 contiki-sky.a(button-sensor.o)
 .bss           0x000013e8        0x2 contiki-sky.a(node-id.o)
                0x000013e8                node_id
 .bss           0x000013ea        0x6 contiki-sky.a(sensors.o)
 .bss           0x000013f0        0x8 contiki-sky.a(cc2420.o)
 .bss           0x000013f8        0x4 contiki-sky.a(sky-sensors.o)
 .bss           0x000013fc       0x9a contiki-sky.a(uart1.o)
 .bss           0x00001496        0xa contiki-sky.a(clock.o)
 .bss           0x000014a0        0x1 contiki-sky.a(leds.o)
 *fill*         0x000014a1        0x1 00
 .bss           0x000014a2        0x2 contiki-sky.a(watchdog.o)
 .bss           0x000014a4        0x4 contiki-sky.a(ctimer.o)
 .bss           0x000014a8        0x6 contiki-sky.a(etimer.o)
 .bss           0x000014ae       0x42 contiki-sky.a(process.o)
                0x000014ae                process_current
                0x000014b0                process_list
 .bss           0x000014f0        0x2 contiki-sky.a(rtimer.o)
 .bss           0x000014f2      0x124 contiki-sky.a(sicslowpan.o)
 .bss           0x00001616       0x12 contiki-sky.a(uip6.o)
                0x00001616                uip_ext_opt_offset
                0x00001618                uip_ext_len
                0x0000161a                uip_ext_bitmap
 .bss           0x00001628       0x18 contiki-sky.a(uip-ds6.o)
 .bss           0x00001640      0x17c contiki-sky.a(uip-ds6-nbr.o)
 .bss           0x000017bc      0x1d2 contiki-sky.a(uip-ds6-route.o)
 .bss           0x0000198e       0x14 contiki-sky.a(uip-icmp6.o)
 .bss           0x000019a2       0x36 contiki-sky.a(tcpip.o)
 .bss           0x000019d8        0x2 contiki-sky.a(rpl.o)
 .bss           0x000019da       0x78 contiki-sky.a(rpl-dag.o)
 .bss           0x00001a52       0x18 contiki-sky.a(rpl-timers.o)
 .bss           0x00001a6a       0xc4 contiki-sky.a(csma.o)
 .bss           0x00001b2e        0x2 contiki-sky.a(framer-802154.o)
 .bss           0x00001b30       0x96 contiki-sky.a(nbr-table.o)
 .bss           0x00001bc6       0xb8 contiki-sky.a(packetbuf.o)
 .bss           0x00001c7e      0x5a0 contiki-sky.a(queuebuf.o)
 .bss           0x0000221e       0xa0 contiki-sky.a(mac-sequence.o)
 .bss           0x000022be        0x2 /usr/lib/gcc/msp430/4.6.3/../../../../msp430/lib/mmpy-16/libc.a(strtok.o)
 *(COMMON)
 COMMON         0x000022c0        0x2 contiki-sky.a(contiki-sky-pla)
                0x000022c0                sensors_flags
 COMMON         0x000022c2        0x8 contiki-sky.a(ds2411.o)
                0x000022c2                ds2411_id
 COMMON         0x000022ca        0x1 contiki-sky.a(sensors.o)
                0x000022ca                sensors_event
 *fill*         0x000022cb        0x1 00
 COMMON         0x000022cc       0x10 contiki-sky.a(cc2420.o)
                0x000022cc                cc2420_last_rssi
                0x000022ce                cc2420_sfd_start_time
                0x000022d0                cc2420_time_of_departure
                0x000022d2                cc2420_time_of_arrival
                0x000022d4                cc2420_last_correlation
                0x000022d6                cc2420_authority_level_of_sender
                0x000022d8                cc2420_sfd_counter
                0x000022da                cc2420_sfd_end_time
 COMMON         0x000022dc        0x2 contiki-sky.a(msp430.o)
                0x000022dc                msp430_dco_required
 COMMON         0x000022de       0x56 contiki-sky.a(energest.o)
                0x000022de                energest_total_time
                0x0000230e                energest_total_count
                0x00002310                energest_current_mode
                0x0000231c                energest_current_time
 COMMON         0x00002334        0x1 contiki-sky.a(process.o)
                0x00002334                process_maxevents
 *fill*         0x00002335        0x1 00
 COMMON         0x00002336        0x8 contiki-sky.a(sicslowpan.o)
                0x00002336                frag_sender
 COMMON         0x0000233e      0x304 contiki-sky.a(uip6.o)
                0x0000233e                uip_len
                0x00002340                uip_sappdata
                0x00002342                uip_acc32
                0x00002346                uip_lladdr
                0x0000234e                uip_aligned_buf
                0x0000243e                uip_flags
                0x00002440                uip_next_hdr
                0x00002442                uip_udp_conn
                0x00002444                uip_appdata
                0x00002446                uip_conn
                0x00002448                uip_conns
                0x000024f8                uip_listenports
                0x00002508                uip_slen
                0x0000250a                uip_udp_conns
 COMMON         0x00002642      0x15c contiki-sky.a(uip-ds6.o)
                0x00002642                uip_ds6_timer_ra
                0x0000264a                uip_ds6_if
                0x00002736                uip_ds6_netif_addr_list_offset
                0x00002737                uip_ds6_addr_size
                0x00002738                uip_ds6_prefix_list
                0x00002792                uip_ds6_timer_periodic
 COMMON         0x0000279e        0x1 contiki-sky.a(tcpip.o)
                0x0000279e                tcpip_event
 *fill*         0x0000279f        0x1 00
 COMMON         0x000027a0       0xde contiki-sky.a(rpl-dag.o)
                0x000027a0                default_instance
                0x000027a2                instance_table
 COMMON         0x0000287e        0x8 contiki-sky.a(linkaddr.o)
                0x0000287e                linkaddr_node_addr
 COMMON         0x00002886       0x2e contiki-sky.a(packetbuf.o)
                0x00002886                packetbuf_addrs
                0x00002896                packetbuf_attrs
                0x000028b4                . = ALIGN (0x2)
                0x000028b4                PROVIDE (__bss_end, .)
                0x000016d4                PROVIDE (__bss_size, SIZEOF (.bss))

.noinit         0x000028b4        0x2 load address 0x0000fbc8
                0x000028b4                PROVIDE (__noinit_start, .)
 *(.noinit .noinit.*)
 .noinit.crt0   0x000028b4        0x2 /usr/lib/gcc/msp430/4.6.3/mmpy-16/libcrt0.a(__watchdog_support.o)
                0x000028b4                __wdt_clear_value
                0x000028b6                . = ALIGN (0x2)
                0x000028b6                PROVIDE (__noinit_end, .)
                0x000028b6                . = ALIGN (0x2)
                0x000028b6                _end = .

.infomem        0x00001000        0x0
 *(.infomem)
                0x00001000                . = ALIGN (0x2)
 *(.infomem.*)

.infomemnobits  0x00001000        0x0
 *(.infomemnobits)
                0x00001000                . = ALIGN (0x2)
 *(.infomemnobits.*)

.infoa
 *(.infoa .infoa.*)

.infob
 *(.infob .infob.*)

.infoc
 *(.infoc .infoc.*)

.infod
 *(.infod .infod.*)

.vectors        0x0000ffe0       0x20
                0x0000ffe0                PROVIDE (__vectors_start, .)
 *(.vectors*)
 .vectors       0x0000ffe0       0x20 /usr/lib/gcc/msp430/4.6.3/mmpy-16/crt0ivtbl16.o
                0x0000ffe0                __ivtbl_16
                0x00010000                _vectors_end = .

.fartext        0x00000000        0x0
                0x00000000                . = ALIGN (0x2)
 *(.fartext)
                0x00000000                . = ALIGN (0x2)
 *(.fartext.*)
                0x00000000                _efartext = .

.profiler
 *(.profiler)

.stab           0x00000000    0x28cb0
 *(.stab)
 .stab          0x00000000     0x2310 udp-echo-server.co
 .stab          0x00002310     0x12b4 obj_sky/contiki-sky-main.o
                               0x1b0c (size before relaxing)
 .stab          0x000035c4      0x264 contiki-sky.a(contiki-sky-pla)
                                0x5b8 (size before relaxing)
 .stab          0x00003828      0x414 contiki-sky.a(sht11-sensor.o)
                                0x948 (size before relaxing)
 .stab          0x00003c3c      0x324 contiki-sky.a(light-sensor.o)
                                0x690 (size before relaxing)
 .stab          0x00003f60      0x468 contiki-sky.a(button-sensor.o)
                                0x7d4 (size before relaxing)
 .stab          0x000043c8      0x624 contiki-sky.a(ds2411.o)
                                0xb40 (size before relaxing)
 .stab          0x000049ec      0xbac contiki-sky.a(xmem.o)
                                0xf60 (size before relaxing)
 .stab          0x00005598      0x2b8 contiki-sky.a(node-id.o)
                                0x4e0 (size before relaxing)
 .stab          0x00005850      0x63c contiki-sky.a(sensors.o)
                                0xb70 (size before relaxing)
 .stab          0x00005e8c     0x25e0 contiki-sky.a(cc2420.o)
                               0x2cac (size before relaxing)
 .stab          0x0000846c      0x63c contiki-sky.a(cc2420-arch.o)
                               0x1728 (size before relaxing)
 .stab          0x00008aa8      0x4f8 contiki-sky.a(sky-sensors.o)
                                0x864 (size before relaxing)
 .stab          0x00008fa0      0x60c contiki-sky.a(uart1.o)
                                0x960 (size before relaxing)
 .stab          0x000095ac      0x27c contiki-sky.a(uart1-putchar.o)
                                0x7bc (size before relaxing)
 .stab          0x00009828      0x744 contiki-sky.a(msp430.o)
                                0xa98 (size before relaxing)
 .stab          0x00009f6c      0x948 contiki-sky.a(clock.o)
                                0xc9c (size before relaxing)
 .stab          0x0000a8b4      0x5dc contiki-sky.a(leds.o)
                                0x828 (size before relaxing)
 .stab          0x0000ae90      0x3a8 contiki-sky.a(leds-arch.o)
                                0x6fc (size before relaxing)
 .stab          0x0000b238      0x3fc contiki-sky.a(watchdog.o)
                                0x750 (size before relaxing)
 .stab          0x0000b634      0x3cc contiki-sky.a(rtimer-arch.o)
                                0x720 (size before relaxing)
 .stab          0x0000ba00      0x294 contiki-sky.a(autostart.o)
                                0x534 (size before relaxing)
 .stab          0x0000bc94      0x7a4 contiki-sky.a(ctimer.o)
                                0xb10 (size before relaxing)
 .stab          0x0000c438      0x474 contiki-sky.a(energest.o)
                                0x6fc (size before relaxing)
 .stab          0x0000c8ac      0xa38 contiki-sky.a(etimer.o)
                                0xd08 (size before relaxing)
 .stab          0x0000d2e4      0xb7c contiki-sky.a(process.o)
                               0x1014 (size before relaxing)
 .stab          0x0000de60      0x3d8 contiki-sky.a(rtimer.o)
                                0x6c0 (size before relaxing)
 .stab          0x0000e238      0x354 contiki-sky.a(timer.o)
                                0x594 (size before relaxing)
 .stab          0x0000e58c      0x7f8 contiki-sky.a(list.o)
                                0x804 (size before relaxing)
 .stab          0x0000ed84      0x228 contiki-sky.a(random.o)
                                0x624 (size before relaxing)
 .stab          0x0000efac     0x1f98 contiki-sky.a(sicslowpan.o)
                               0x2ee0 (size before relaxing)
 .stab          0x00010f44     0x2bd4 contiki-sky.a(uip6.o)
                               0x378c (size before relaxing)
 .stab          0x00013b18     0x13d4 contiki-sky.a(uip-ds6.o)
                               0x1f74 (size before relaxing)
 .stab          0x00014eec      0xcd8 contiki-sky.a(uip-ds6-nbr.o)
                               0x1710 (size before relaxing)
 .stab          0x00015bc4     0x1260 contiki-sky.a(uip-ds6-route.o)
                               0x1de8 (size before relaxing)
 .stab          0x00016e24      0xcf0 contiki-sky.a(uip-icmp6.o)
                               0x1968 (size before relaxing)
 .stab          0x00017b14      0x57c contiki-sky.a(uip-nd6.o)
                               0x1158 (size before relaxing)
 .stab          0x00018090     0x1410 contiki-sky.a(tcpip.o)
                               0x2658 (size before relaxing)
 .stab          0x000194a0      0x444 contiki-sky.a(uip-debug.o)
                                0xbd0 (size before relaxing)
 .stab          0x000198e4      0x444 contiki-sky.a(uip-udp-packet.)
                                0xc00 (size before relaxing)
 .stab          0x00019d28      0xa8c contiki-sky.a(rpl.o)
                               0x17b8 (size before relaxing)
 .stab          0x0001a7b4     0x2f10 contiki-sky.a(rpl-dag.o)
                               0x3c18 (size before relaxing)
 .stab          0x0001d6c4      0xa50 contiki-sky.a(rpl-ext-header.)
                               0x180c (size before relaxing)
 .stab          0x0001e114     0x17ac contiki-sky.a(rpl-icmp6.o)
                               0x25b0 (size before relaxing)
 .stab          0x0001f8c0      0x8ac contiki-sky.a(rpl-mrhof.o)
                               0x159c (size before relaxing)
 .stab          0x0002016c      0xbdc contiki-sky.a(rpl-timers.o)
                               0x18cc (size before relaxing)
 .stab          0x00020d48     0x1050 contiki-sky.a(csma.o)
                               0x1590 (size before relaxing)
 .stab          0x00021d98      0x930 contiki-sky.a(framer-802154.o)
                                0xf54 (size before relaxing)
 .stab          0x000226c8      0x3fc contiki-sky.a(framer.o)
                                0xc54 (size before relaxing)
 .stab          0x00022ac4      0x1f8 contiki-sky.a(mac.o)
                                0x4ec (size before relaxing)
 .stab          0x00022cbc      0xa44 contiki-sky.a(nullrdc.o)
                               0x12a8 (size before relaxing)
 .stab          0x00023700      0x2c4 contiki-sky.a(linkaddr.o)
                                0x6c0 (size before relaxing)
 .stab          0x000239c4      0xd80 contiki-sky.a(nbr-table.o)
                               0x1428 (size before relaxing)
 .stab          0x00024744      0xdb0 contiki-sky.a(packetbuf.o)
                               0x1ed8 (size before relaxing)
 .stab          0x000254f4      0xaa4 contiki-sky.a(queuebuf.o)
                               0x1bb4 (size before relaxing)
 .stab          0x00025f98      0x66c contiki-sky.a(nullsec.o)
                                0xda4 (size before relaxing)
 .stab          0x00026604      0xbb8 contiki-sky.a(sht11.o)
                               0x10e0 (size before relaxing)
 .stab          0x000271bc      0x204 contiki-sky.a(spi.o)
                                0x42c (size before relaxing)
 .stab          0x000273c0      0x3c0 contiki-sky.a(stimer.o)
                                0x600 (size before relaxing)
 .stab          0x00027780      0x5c4 contiki-sky.a(memb.o)
                                0xaf8 (size before relaxing)
 .stab          0x00027d44      0x924 contiki-sky.a(frame802154.o)
                               0x10f8 (size before relaxing)
 .stab          0x00028668      0x648 contiki-sky.a(mac-sequence.o)
                               0x1770 (size before relaxing)

.stabstr        0x00000000    0x1c33c
 *(.stabstr)
 .stabstr       0x00000000    0x1c33c udp-echo-server.co

.stab.excl
 *(.stab.excl)

.stab.exclstr
 *(.stab.exclstr)

.stab.index
 *(.stab.index)

.stab.indexstr
 *(.stab.indexstr)

.comment
 *(.comment)

.debug
 *(.debug)

.line
 *(.line)

.debug_srcinfo
 *(.debug_srcinfo)

.debug_sfnames
 *(.debug_sfnames)

.debug_aranges  0x00000000      0x280
 *(.debug_aranges)
 .debug_aranges
                0x00000000       0x14 /usr/lib/gcc/msp430/4.6.3/mmpy-16/libgcc.a(_mulsi3.o)
 .debug_aranges
                0x00000014       0x14 /usr/lib/gcc/msp430/4.6.3/mmpy-16/libgcc.a(_udivmod16.o)
 .debug_aranges
                0x00000028       0x14 /usr/lib/gcc/msp430/4.6.3/mmpy-16/libgcc.a(_divmod16.o)
 .debug_aranges
                0x0000003c       0x14 /usr/lib/gcc/msp430/4.6.3/mmpy-16/libgcc.a(_udivmod32.o)
 .debug_aranges
                0x00000050       0x14 /usr/lib/gcc/msp430/4.6.3/mmpy-16/libgcc.a(_fixunssfsi.o)
 .debug_aranges
                0x00000064       0x14 /usr/lib/gcc/msp430/4.6.3/mmpy-16/libgcc.a(_addsub_sf.o)
 .debug_aranges
                0x00000078       0x14 /usr/lib/gcc/msp430/4.6.3/mmpy-16/libgcc.a(_mul_sf.o)
 .debug_aranges
                0x0000008c       0x14 /usr/lib/gcc/msp430/4.6.3/mmpy-16/libgcc.a(_ge_sf.o)
 .debug_aranges
                0x000000a0       0x14 /usr/lib/gcc/msp430/4.6.3/mmpy-16/libgcc.a(_si_to_sf.o)
 .debug_aranges
                0x000000b4       0x14 /usr/lib/gcc/msp430/4.6.3/mmpy-16/libgcc.a(_sf_to_si.o)
 .debug_aranges
                0x000000c8       0x14 /usr/lib/gcc/msp430/4.6.3/mmpy-16/libgcc.a(_clzsi2.o)
 .debug_aranges
                0x000000dc       0x14 /usr/lib/gcc/msp430/4.6.3/mmpy-16/libgcc.a(_pack_sf.o)
 .debug_aranges
                0x000000f0       0x14 /usr/lib/gcc/msp430/4.6.3/mmpy-16/libgcc.a(_unpack_sf.o)
 .debug_aranges
                0x00000104       0x14 /usr/lib/gcc/msp430/4.6.3/mmpy-16/libgcc.a(_fpcmp_parts_sf.o)
 .debug_aranges
                0x00000118       0x14 /usr/lib/gcc/msp430/4.6.3/../../../../msp430/lib/mmpy-16/libc.a(strncmp.o)
 .debug_aranges
                0x0000012c       0x14 /usr/lib/gcc/msp430/4.6.3/../../../../msp430/lib/mmpy-16/libc.a(memcmp.o)
 .debug_aranges
                0x00000140       0x14 /usr/lib/gcc/msp430/4.6.3/../../../../msp430/lib/mmpy-16/libc.a(strcpy.o)
 .debug_aranges
                0x00000154       0x14 /usr/lib/gcc/msp430/4.6.3/../../../../msp430/lib/mmpy-16/libc.a(memcpy.o)
 .debug_aranges
                0x00000168       0x14 /usr/lib/gcc/msp430/4.6.3/../../../../msp430/lib/mmpy-16/libc.a(memmove.o)
 .debug_aranges
                0x0000017c       0x14 /usr/lib/gcc/msp430/4.6.3/../../../../msp430/lib/mmpy-16/libc.a(memset.o)
 .debug_aranges
                0x00000190       0x14 /usr/lib/gcc/msp430/4.6.3/../../../../msp430/lib/mmpy-16/libc.a(strtok.o)
 .debug_aranges
                0x000001a4       0x14 /usr/lib/gcc/msp430/4.6.3/../../../../msp430/lib/mmpy-16/libc.a(printf.o)
 .debug_aranges
                0x000001b8       0x14 /usr/lib/gcc/msp430/4.6.3/../../../../msp430/lib/mmpy-16/libc.a(vuprintf.o)
 .debug_aranges
                0x000001cc       0x14 /usr/lib/gcc/msp430/4.6.3/../../../../msp430/lib/mmpy-16/libc.a(puts.o)
 .debug_aranges
                0x000001e0       0x14 /usr/lib/gcc/msp430/4.6.3/../../../../msp430/lib/mmpy-16/libc.a(rand.o)
 .debug_aranges
                0x000001f4       0x14 /usr/lib/gcc/msp430/4.6.3/mmpy-16/libgcc.a(_udivmod64.o)
 .debug_aranges
                0x00000208       0x14 /usr/lib/gcc/msp430/4.6.3/mmpy-16/libcrt0.a(__watchdog_support.o)
 .debug_aranges
                0x0000021c       0x14 /usr/lib/gcc/msp430/4.6.3/mmpy-16/libcrt0.a(__init_stack.o)
 .debug_aranges
                0x00000230       0x14 /usr/lib/gcc/msp430/4.6.3/mmpy-16/libcrt0.a(_copy_data.o)
 .debug_aranges
                0x00000244       0x14 /usr/lib/gcc/msp430/4.6.3/mmpy-16/libcrt0.a(_clear_bss.o)
 .debug_aranges
                0x00000258       0x14 /usr/lib/gcc/msp430/4.6.3/mmpy-16/libcrt0.a(_endless_loop__.o)
 .debug_aranges
                0x0000026c       0x14 /usr/lib/gcc/msp430/4.6.3/mmpy-16/libcrt0.a(_unexpected_.o)

.debug_pubnames
 *(.debug_pubnames)

.debug_info     0x00000000     0x30e1
 *(.debug_info)
 .debug_info    0x00000000       0xd6 /usr/lib/gcc/msp430/4.6.3/mmpy-16/libgcc.a(_mulsi3.o)
 .debug_info    0x000000d6       0xd6 /usr/lib/gcc/msp430/4.6.3/mmpy-16/libgcc.a(_udivmod16.o)
 .debug_info    0x000001ac       0xd6 /usr/lib/gcc/msp430/4.6.3/mmpy-16/libgcc.a(_divmod16.o)
 .debug_info    0x00000282       0xd6 /usr/lib/gcc/msp430/4.6.3/mmpy-16/libgcc.a(_udivmod32.o)
 .debug_info    0x00000358       0xb5 /usr/lib/gcc/msp430/4.6.3/mmpy-16/libgcc.a(_fixunssfsi.o)