Archive member included because of file (symbol)

contiki-sky.a(contiki-sky-pla)
                              obj_sky/contiki-sky-main.o (init_platform)
contiki-sky.a(button-sensor.o)
                              contiki-sky.a(contiki-sky-pla) (button_sensor)
contiki-sky.a(ds2411.o)       obj_sky/contiki-sky-main.o (ds2411_init)
contiki-sky.a(xmem.o)         obj_sky/contiki-sky-main.o (xmem_init)
contiki-sky.a(node-id.o)      obj_sky/contiki-sky-main.o (node_id_restore)
contiki-sky.a(sensors.o)      contiki-sky.a(button-sensor.o) (sensors_changed)
contiki-sky.a(cc2420.o)       obj_sky/contiki-sky-main.o (cc2420_set_pan_addr)
contiki-sky.a(cc2420-arch.o)  contiki-sky.a(cc2420.o) (cc2420_arch_init)
contiki-sky.a(uart1.o)        obj_sky/contiki-sky-main.o (uart1_active)
contiki-sky.a(uart1-putchar.o)
                              obj_sky/contiki-sky-main.o (putchar)
contiki-sky.a(msp430.o)       contiki-sky.a(uart1.o) (msp430_add_lpm_req)
contiki-sky.a(clock.o)        obj_sky/contiki-sky-main.o (clock_init)
contiki-sky.a(leds.o)         obj_sky/contiki-sky-main.o (leds_init)
contiki-sky.a(leds-arch.o)    contiki-sky.a(leds.o) (leds_arch_init)
contiki-sky.a(watchdog.o)     obj_sky/contiki-sky-main.o (watchdog_start)
contiki-sky.a(rtimer-arch.o)  obj_sky/contiki-sky-main.o (rtimer_arch_now)
contiki-sky.a(autostart.o)    obj_sky/contiki-sky-main.o (autostart_start)
contiki-sky.a(ctimer.o)       obj_sky/contiki-sky-main.o (ctimer_init)
contiki-sky.a(energest.o)     obj_sky/contiki-sky-main.o (energest_init)
contiki-sky.a(etimer.o)       contiki-sky.a(clock.o) (etimer_request_poll)
contiki-sky.a(process.o)      contiki-sky.a(ctimer.o) (process_current)
contiki-sky.a(rtimer.o)       obj_sky/contiki-sky-main.o (rtimer_init)
contiki-sky.a(timer.o)        obj_sky/contiki-sky-main.o (timer_set)
contiki-sky.a(list.o)         contiki-sky.a(ctimer.o) (list_init)
contiki-sky.a(random.o)       obj_sky/contiki-sky-main.o (random_init)
contiki-sky.a(sicslowpan.o)   obj_sky/contiki-sky-main.o (sicslowpan_driver)
contiki-sky.a(uip6.o)         udp-echo-server.co (uip_aligned_buf)
contiki-sky.a(uip-ds6.o)      contiki-sky.a(uip6.o) (uip_ds6_is_addr_onlink)
contiki-sky.a(uip-ds6-nbr.o)  contiki-sky.a(uip-ds6.o) (uip_ds6_neighbors_init)
contiki-sky.a(uip-ds6-route.o)
                              contiki-sky.a(uip-ds6.o) (uip_ds6_route_init)
contiki-sky.a(uip-icmp6.o)    contiki-sky.a(uip6.o) (uip_icmp6_input)
contiki-sky.a(uip-nd6.o)      contiki-sky.a(uip6.o) (uip_nd6_init)
contiki-sky.a(tcpip.o)        contiki-sky.a(sicslowpan.o) (tcpip_set_outputfunc)
contiki-sky.a(uip-debug.o)    contiki-sky.a(uip-ds6-route.o) (uip_debug_ipaddr_print)
contiki-sky.a(uip-udp-packet.)
                              udp-echo-server.co (uip_udp_packet_send)
contiki-sky.a(rpl.o)          contiki-sky.a(uip-ds6-nbr.o) (rpl_link_neighbor_callback)
contiki-sky.a(rpl-dag.o)      contiki-sky.a(rpl.o) (default_instance)
contiki-sky.a(rpl-ext-header.)
                              contiki-sky.a(uip6.o) (rpl_verify_header)
contiki-sky.a(rpl-icmp6.o)    contiki-sky.a(rpl.o) (dao_output_target)
contiki-sky.a(rpl-mrhof.o)    contiki-sky.a(rpl.o) (rpl_mrhof)
contiki-sky.a(rpl-timers.o)   contiki-sky.a(rpl.o) (rpl_reset_periodic_timer)
contiki-sky.a(csma.o)         obj_sky/contiki-sky-main.o (csma_driver)
contiki-sky.a(framer-802154.o)
                              contiki-sky.a(sicslowpan.o) (framer_802154)
contiki-sky.a(framer.o)       contiki-sky.a(framer-802154.o) (framer_canonical_create_and_secure)
contiki-sky.a(mac.o)          contiki-sky.a(csma.o) (mac_call_sent_callback)
contiki-sky.a(nullrdc.o)      obj_sky/contiki-sky-main.o (nullrdc_driver)
contiki-sky.a(linkaddr.o)     obj_sky/contiki-sky-main.o (linkaddr_copy)
contiki-sky.a(nbr-table.o)    contiki-sky.a(uip-ds6-nbr.o) (nbr_table_register)
contiki-sky.a(packetbuf.o)    contiki-sky.a(framer.o) (packetbuf_compact)
contiki-sky.a(queuebuf.o)     obj_sky/contiki-sky-main.o (queuebuf_init)
contiki-sky.a(nullsec.o)      obj_sky/contiki-sky-main.o (nullsec_driver)
contiki-sky.a(spi.o)          contiki-sky.a(xmem.o) (spi_init)
contiki-sky.a(stimer.o)       contiki-sky.a(uip-ds6.o) (stimer_set)
contiki-sky.a(memb.o)         contiki-sky.a(uip-ds6-route.o) (memb_init)
contiki-sky.a(frame802154.o)  contiki-sky.a(framer-802154.o) (frame802154_hdrlen)
contiki-sky.a(mac-sequence.o)
                              contiki-sky.a(nullrdc.o) (mac_sequence_is_duplicate)
/usr/lib/gcc/msp430/4.6.3/mmpy-16/libgcc.a(_mulsi3.o)
                              contiki-sky.a(rpl.o) (__mulsi3)
/usr/lib/gcc/msp430/4.6.3/mmpy-16/libgcc.a(_udivmod16.o)
                              contiki-sky.a(rpl-dag.o) (__udivhi3)
/usr/lib/gcc/msp430/4.6.3/mmpy-16/libgcc.a(_divmod16.o)
                              udp-echo-server.co (__divhi3)
/usr/lib/gcc/msp430/4.6.3/mmpy-16/libgcc.a(_udivmod32.o)
                              obj_sky/contiki-sky-main.o (__udivsi3)
/usr/lib/gcc/msp430/4.6.3/../../../../msp430/lib/mmpy-16/libc.a(strchr.o)
[...]
Memory Configuration

Name             Origin             Length             Attributes
sfr              0x00000000         0x00000010
peripheral_8bit  0x00000010         0x000000f0
peripheral_16bit 0x00000100         0x00000100
ram_mirror       0x00000200         0x00000800         xw
infomem          0x00001000         0x00000100
infob            0x00001000         0x00000080
infoa            0x00001080         0x00000080
ram              0x00001100         0x00002800         xw
rom              0x00004000         0x0000bfe0         xr
vectors          0x0000ffe0         0x00000020
bsl              0x00000000         0x00000000
infoc            0x00000000         0x00000000
infod            0x00000000         0x00000000
ram2             0x00000000         0x00000000         xw
usbram           0x00000000         0x00000000         xw
far_rom          0x00000000         0x00000000
*default*        0x00000000         0xffffffff

Linker script and memory map

LOAD /usr/lib/gcc/msp430/4.6.3/mmpy-16/crt0ivtbl16.o
LOAD udp-echo-server.co
LOAD obj_sky/contiki-sky-main.o
LOAD contiki-sky.a
LOAD /usr/lib/gcc/msp430/4.6.3/mmpy-16/libgcc.a
LOAD /usr/lib/gcc/msp430/4.6.3/../../../../msp430/lib/mmpy-16/libc.a
LOAD /usr/lib/gcc/msp430/4.6.3/mmpy-16/libgcc.a
LOAD /usr/lib/gcc/msp430/4.6.3/mmpy-16/libcrt0.a
                0x00000080                PROVIDE (__info_segment_size, 0x80)
                0x00001000                PROVIDE (__infob, 0x1000)
                0x00001080                PROVIDE (__infoa, 0x1080)
                0x00000000                __IE1 = 0x0
                0x00000002                __IFG1 = 0x2
                0x00000004                __ME1 = 0x4
                0x00000001                __IE2 = 0x1
                0x00000003                __IFG2 = 0x3
                0x00000005                __ME2 = 0x5
                0x00000120                __WDTCTL = 0x120
                0x00000130                __MPY = 0x130
                0x00000132                __MPYS = 0x132
                0x00000134                __MAC = 0x134
                0x00000136                __MACS = 0x136
                0x00000138                __OP2 = 0x138
                0x0000013a                __RESLO = 0x13a
                0x0000013c                __RESHI = 0x13c
                0x0000013e                __SUMEXT = 0x13e
                0x00000020                __P1IN = 0x20
                0x00000021                __P1OUT = 0x21
                0x00000022                __P1DIR = 0x22
                0x00000023                __P1IFG = 0x23
                0x00000024                __P1IES = 0x24
                0x00000025                __P1IE = 0x25
                0x00000026                __P1SEL = 0x26
                0x00000028                __P2IN = 0x28
                0x00000029                __P2OUT = 0x29
                0x0000002a                __P2DIR = 0x2a
                0x0000002b                __P2IFG = 0x2b
                0x0000002c                __P2IES = 0x2c
                0x0000002d                __P2IE = 0x2d
                0x0000002e                __P2SEL = 0x2e
                0x00000018                __P3IN = 0x18
                0x00000019                __P3OUT = 0x19
                0x0000001a                __P3DIR = 0x1a
                0x0000001b                __P3SEL = 0x1b
                0x0000001c                __P4IN = 0x1c
                0x0000001d                __P4OUT = 0x1d
                0x0000001e                __P4DIR = 0x1e
                0x0000001f                __P4SEL = 0x1f
                0x00000030                __P5IN = 0x30
                0x00000031                __P5OUT = 0x31
                0x00000032                __P5DIR = 0x32
                0x00000033                __P5SEL = 0x33
                0x00000034                __P6IN = 0x34
                0x00000035                __P6OUT = 0x35
                0x00000036                __P6DIR = 0x36
                0x00000037                __P6SEL = 0x37
                0x00000070                __U0CTL = 0x70
                0x00000071                __U0TCTL = 0x71
                0x00000072                __U0RCTL = 0x72
                0x00000073                __U0MCTL = 0x73
                0x00000074                __U0BR0 = 0x74
                0x00000075                __U0BR1 = 0x75
                0x00000076                __U0RXBUF = 0x76
                0x00000077                __U0TXBUF = 0x77
                0x00000078                __U1CTL = 0x78
                0x00000079                __U1TCTL = 0x79
                0x0000007a                __U1RCTL = 0x7a
                0x0000007b                __U1MCTL = 0x7b
                0x0000007c                __U1BR0 = 0x7c
                0x0000007d                __U1BR1 = 0x7d
                0x0000007e                __U1RXBUF = 0x7e
                0x0000007f                __U1TXBUF = 0x7f
                0x00000050                __I2CIE = 0x50
                0x00000051                __I2CIFG = 0x51
                0x00000052                __I2CNDAT = 0x52
                0x00000071                __I2CTCTL = 0x71
                0x00000072                __I2CDCTL = 0x72
                0x00000073                __I2CPSC = 0x73
                0x00000074                __I2CSCLH = 0x74
                0x00000075                __I2CSCLL = 0x75
                0x00000076                __I2CDRB = 0x76
                0x00000076                __I2CDRW = 0x76
                0x00000118                __I2COA = 0x118
                0x0000011a                __I2CSA = 0x11a
                0x0000011c                __I2CIV = 0x11c
                0x0000012e                __TAIV = 0x12e
                0x00000160                __TACTL = 0x160
                0x00000162                __TACCTL0 = 0x162
                0x00000164                __TACCTL1 = 0x164
                0x00000166                __TACCTL2 = 0x166
                0x00000170                __TAR = 0x170
                0x00000172                __TACCR0 = 0x172
                0x00000174                __TACCR1 = 0x174
                0x00000176                __TACCR2 = 0x176
                0x0000011e                __TBIV = 0x11e
                0x00000180                __TBCTL = 0x180
                0x00000182                __TBCCTL0 = 0x182
                0x00000184                __TBCCTL1 = 0x184
                0x00000186                __TBCCTL2 = 0x186
                0x00000188                __TBCCTL3 = 0x188
                0x0000018a                __TBCCTL4 = 0x18a
                0x0000018c                __TBCCTL5 = 0x18c
                0x0000018e                __TBCCTL6 = 0x18e
                0x00000190                __TBR = 0x190
                0x00000192                __TBCCR0 = 0x192
                0x00000194                __TBCCR1 = 0x194
                0x00000196                __TBCCR2 = 0x196
                0x00000198                __TBCCR3 = 0x198
                0x0000019a                __TBCCR4 = 0x19a
                0x0000019c                __TBCCR5 = 0x19c
                0x0000019e                __TBCCR6 = 0x19e
                0x00000056                __DCOCTL = 0x56
                0x00000057                __BCSCTL1 = 0x57
                0x00000058                __BCSCTL2 = 0x58
                0x00000055                __SVSCTL = 0x55
                0x00000128                __FCTL1 = 0x128
                0x0000012a                __FCTL2 = 0x12a
                0x0000012c                __FCTL3 = 0x12c
                0x00000059                __CACTL1 = 0x59
                0x0000005a                __CACTL2 = 0x5a
                0x0000005b                __CAPD = 0x5b
                0x000001a0                __ADC12CTL0 = 0x1a0
                0x000001a2                __ADC12CTL1 = 0x1a2
                0x000001a4                __ADC12IFG = 0x1a4
                0x000001a6                __ADC12IE = 0x1a6
                0x000001a8                __ADC12IV = 0x1a8
                0x00000140                __ADC12MEM0 = 0x140
                0x00000142                __ADC12MEM1 = 0x142
                0x00000144                __ADC12MEM2 = 0x144
                0x00000146                __ADC12MEM3 = 0x146
                0x00000148                __ADC12MEM4 = 0x148
                0x0000014a                __ADC12MEM5 = 0x14a
                0x0000014c                __ADC12MEM6 = 0x14c
                0x0000014e                __ADC12MEM7 = 0x14e
                0x00000150                __ADC12MEM8 = 0x150
                0x00000152                __ADC12MEM9 = 0x152
                0x00000154                __ADC12MEM10 = 0x154
                0x00000156                __ADC12MEM11 = 0x156
                0x00000158                __ADC12MEM12 = 0x158
                0x0000015a                __ADC12MEM13 = 0x15a
                0x0000015c                __ADC12MEM14 = 0x15c
                0x0000015e                __ADC12MEM15 = 0x15e
                0x00000080                __ADC12MCTL0 = 0x80
                0x00000081                __ADC12MCTL1 = 0x81
                0x00000082                __ADC12MCTL2 = 0x82
                0x00000083                __ADC12MCTL3 = 0x83
                0x00000084                __ADC12MCTL4 = 0x84
                0x00000085                __ADC12MCTL5 = 0x85
                0x00000086                __ADC12MCTL6 = 0x86
                0x00000087                __ADC12MCTL7 = 0x87
                0x00000088                __ADC12MCTL8 = 0x88
                0x00000089                __ADC12MCTL9 = 0x89
                0x0000008a                __ADC12MCTL10 = 0x8a
                0x0000008b                __ADC12MCTL11 = 0x8b
                0x0000008c                __ADC12MCTL12 = 0x8c
                0x0000008d                __ADC12MCTL13 = 0x8d
                0x0000008e                __ADC12MCTL14 = 0x8e
                0x0000008f                __ADC12MCTL15 = 0x8f
                0x000001c0                __DAC12_0CTL = 0x1c0
                0x000001c2                __DAC12_1CTL = 0x1c2
                0x000001c8                __DAC12_0DAT = 0x1c8
                0x000001ca                __DAC12_1DAT = 0x1ca
                0x00000122                __DMACTL0 = 0x122
                0x00000124                __DMACTL1 = 0x124
                0x000001e0                __DMA0CTL = 0x1e0
                0x000001e8                __DMA1CTL = 0x1e8
                0x000001f0                __DMA2CTL = 0x1f0
                0x000001e2                __DMA0SA = 0x1e2
                0x000001e4                __DMA0DA = 0x1e4
                0x000001e6                __DMA0SZ = 0x1e6
                0x000001ea                __DMA1SA = 0x1ea
                0x000001ec                __DMA1DA = 0x1ec
                0x000001ee                __DMA1SZ = 0x1ee
                0x000001f2                __DMA2SA = 0x1f2
                0x000001f4                __DMA2DA = 0x1f4
                0x000001f6                __DMA2SZ = 0x1f6

.hash
 *(.hash)

.dynsym
 *(.dynsym)

.dynstr
 *(.dynstr)

.gnu.version
 *(.gnu.version)

.gnu.version_d
 *(.gnu.version_d)

.gnu.version_r
 *(.gnu.version_r)

.rel.init
 *(.rel.init)

.rela.init
 *(.rela.init)

.rel.fini
 *(.rel.fini)

.rela.fini
 *(.rela.fini)

.rel.text
 *(.rel.text .rel.text.* .rel.gnu.linkonce.t.*)

.rela.text
 *(.rela.text .rela.text.* .rela.gnu.linkonce.t.*)

.rel.rodata
 *(.rel.rodata .rel.rodata.* .rel.gnu.linkonce.r.*)

.rela.rodata
 *(.rela.rodata .rela.rodata.* .rela.gnu.linkonce.r.*)

.rel.data
 *(.rel.data .rel.data.* .rel.gnu.linkonce.d.*)

.rela.data
 *(.rela.data .rela.data.* .rela.gnu.linkonce.d.*)

.rel.bss
 *(.rel.bss .rel.bss.* .rel.gnu.linkonce.b.*)

.rela.bss
 *(.rela.bss .rela.bss.* .rela.gnu.linkonce.b.*)

.rel.ctors
 *(.rel.ctors)

.rela.ctors
 *(.rela.ctors)

.rel.dtors
 *(.rel.dtors)

.rela.dtors
 *(.rela.dtors)

.rel.got
 *(.rel.got)

.rela.got
 *(.rela.got)

.rel.plt
 *(.rel.plt)

.rela.plt
 *(.rela.plt)

.text           0x00004000     0xa780
                0x00004000                . = ALIGN (0x2)
 *(.init .init.*)
 *(.init0)
 .init0         0x00004000        0x0 /usr/lib/gcc/msp430/4.6.3/mmpy-16/libcrt0.a(_reset_vector__.o)
                0x00004000                _reset_vector__
 *(.init1)
 .init1         0x00004000        0xc /usr/lib/gcc/msp430/4.6.3/mmpy-16/libcrt0.a(__watchdog_support.o)
                0x00004000                __watchdog_support
 *(.init2)
 .init2         0x0000400c        0x4 /usr/lib/gcc/msp430/4.6.3/mmpy-16/libcrt0.a(__init_stack.o)
                0x0000400c                __init_stack
 *(.init3)
 .init3         0x00004010        0x0 /usr/lib/gcc/msp430/4.6.3/mmpy-16/libcrt0.a(__low_level_init.o)
                0x00004010                __low_level_init
 *(.init4)
 .init4         0x00004010       0x18 /usr/lib/gcc/msp430/4.6.3/mmpy-16/libcrt0.a(_copy_data.o)
                0x00004010                __do_copy_data
 .init4         0x00004028       0x16 /usr/lib/gcc/msp430/4.6.3/mmpy-16/libcrt0.a(_clear_bss.o)
                0x00004028                __do_clear_bss
 *(.init5)
 *(.init6)
 *(.init7)
 *(.init8)
 *(.init9)
 .init9         0x0000403e      0x2d8 obj_sky/contiki-sky-main.o
                0x0000403e                main
 *(.fini9)
 .fini9         0x00004316        0x0 /usr/lib/gcc/msp430/4.6.3/mmpy-16/libcrt0.a(__stop_progExec__.o)
                0x00004316                __stop_progExec__
 *(.fini8)
 *(.fini7)
 *(.fini6)
 *(.fini5)
 *(.fini4)
 *(.fini3)
 *(.fini2)
 *(.fini1)
 *(.fini0)
 .fini0         0x00004316        0x6 /usr/lib/gcc/msp430/4.6.3/mmpy-16/libcrt0.a(_endless_loop__.o)
                0x00004316                _endless_loop__
 *(.fini .fini.*)
                0x0000431c                . = ALIGN (0x2)
                0x0000431c                __ctors_start = .
 *(.ctors)
                0x0000431c                __ctors_end = .
                0x0000431c                __dtors_start = .
 *(.dtors)
                0x0000431c                __dtors_end = .
                0x0000431c                . = ALIGN (0x2)
 *(.text .text.* .gnu.linkonce.t.*)
 .text          0x0000431c        0x4 /usr/lib/gcc/msp430/4.6.3/mmpy-16/crt0ivtbl16.o
                0x0000431c                __isr_14
                0x0000431c                __isr_11
                0x0000431c                __isr_2
                0x0000431c                __isr_7
                0x0000431c                __isr_0
                0x0000431c                __isr_8
                0x0000431c                __isr_3
                0x0000431c                __isr_12
                0x0000431c                __isr_13
                0x0000431c                __isr_9
 .text.reset_parameters
                0x00004320       0x2c udp-echo-server.co
 .text.str_tarx
                0x0000434c      0x1ae udp-echo-server.co
 .text.get_border_router_addr
                0x000044fa       0x22 udp-echo-server.co
                0x000044fa                get_border_router_addr
 .text.process_thread_udp_echo_server_process
                0x0000451c      0x34e udp-echo-server.co
 .text.start_network_layer
                0x0000486a       0xa2 obj_sky/contiki-sky-main.o
 .text.init_platform
                0x0000490c        0xc contiki-sky.a(contiki-sky-pla)
                0x0000490c                init_platform
 .text.status   0x00004918       0x16 contiki-sky.a(button-sensor.o)
 .text.configure
                0x0000492e       0x52 contiki-sky.a(button-sensor.o)
 .text.value    0x00004980       0x22 contiki-sky.a(button-sensor.o)
 .text.irq_p2   0x000049a2       0x8a contiki-sky.a(button-sensor.o)
                0x000049a2                irq_p2
                0x000049a2                __isr_1
 .text.owreadb  0x00004a2c       0x52 contiki-sky.a(ds2411.o)
 .text.ds2411_init
                0x00004a7e      0x122 contiki-sky.a(ds2411.o)
                0x00004a7e                ds2411_init
 .text.wait_ready
                0x00004ba0       0x50 contiki-sky.a(xmem.o)
 .text.xmem_init
                0x00004bf0       0x3e contiki-sky.a(xmem.o)
                0x00004bf0                xmem_init
 .text.xmem_pread
                0x00004c2e       0xea contiki-sky.a(xmem.o)
                0x00004c2e                xmem_pread
 .text.node_id_restore
                0x00004d18       0x38 contiki-sky.a(node-id.o)
                0x00004d18                node_id_restore
 .text.process_thread_sensors_process
                0x00004d50       0xbe contiki-sky.a(sensors.o)
 .text.sensors_changed
                0x00004e0e       0x2a contiki-sky.a(sensors.o)
                0x00004e0e                sensors_changed
 .text.get_object
                0x00004e38        0x4 contiki-sky.a(cc2420.o)
 .text.set_object
                0x00004e3c        0x4 contiki-sky.a(cc2420.o)
 .text.strobe   0x00004e40       0x20 contiki-sky.a(cc2420.o)
 .text.getreg   0x00004e60       0x54 contiki-sky.a(cc2420.o)
 .text.setreg   0x00004eb4       0x52 contiki-sky.a(cc2420.o)
 .text.write_ram
                0x00004f06       0x80 contiki-sky.a(cc2420.o)
 .text.write_fifo_buf
                0x00004f86       0x40 contiki-sky.a(cc2420.o)
 .text.get_status
                0x00004fc6       0x24 contiki-sky.a(cc2420.o)
 .text.set_txpower
                0x00004fea       0x26 contiki-sky.a(cc2420.o)
 .text.cc2420_receiving_packet
                0x00005010        0xe contiki-sky.a(cc2420.o)
 .text.pending_packet
                0x0000501e        0x8 contiki-sky.a(cc2420.o)
 .text.on       0x00005026       0x1e contiki-sky.a(cc2420.o)
 .text.wait_for_transmission
                0x00005044       0x22 contiki-sky.a(cc2420.o)
 .text.wait_for_status
                0x00005066       0x2a contiki-sky.a(cc2420.o)
 .text.getrxdata
                0x00005090       0x56 contiki-sky.a(cc2420.o)
 .text.flushrx  0x000050e6       0x1a contiki-sky.a(cc2420.o)
 .text.off      0x00005100       0x5a contiki-sky.a(cc2420.o)
 .text.RELEASE_LOCK
                0x0000515a       0x28 contiki-sky.a(cc2420.o)
 .text.set_key  0x00005182       0x18 contiki-sky.a(cc2420.o)
 .text.cc2420_prepare
                0x0000519a       0x3c contiki-sky.a(cc2420.o)
 .text.cc2420_on
                0x000051d6       0x22 contiki-sky.a(cc2420.o)
                0x000051d6                cc2420_on
 .text.cc2420_off
                0x000051f8       0x30 contiki-sky.a(cc2420.o)
                0x000051f8                cc2420_off
 .text.cc2420_cca
                0x00005228       0x5e contiki-sky.a(cc2420.o)
 .text.cc2420_read
                0x00005286       0xb0 contiki-sky.a(cc2420.o)
 .text.process_thread_cc2420_process
                0x00005336       0x50 contiki-sky.a(cc2420.o)
 .text.encrypt  0x00005386       0x8e contiki-sky.a(cc2420.o)
 .text.cc2420_set_channel
                0x00005414       0x3c contiki-sky.a(cc2420.o)
                0x00005414                cc2420_set_channel
 .text.cc2420_set_pan_addr
                0x00005450       0x4c contiki-sky.a(cc2420.o)
                0x00005450                cc2420_set_pan_addr
 .text.cc2420_interrupt
                0x0000549c       0x18 contiki-sky.a(cc2420.o)
                0x0000549c                cc2420_interrupt
 .text.cc2420_set_txpower
                0x000054b4        0xe contiki-sky.a(cc2420.o)
                0x000054b4                cc2420_set_txpower
 .text.cc2420_get_txpower
                0x000054c2       0x1e contiki-sky.a(cc2420.o)
                0x000054c2                cc2420_get_txpower
 .text.cc2420_transmit
                0x000054e0      0x10e contiki-sky.a(cc2420.o)
 .text.cc2420_send
                0x000055ee       0x12 contiki-sky.a(cc2420.o)
 .text.cc2420_rssi
                0x00005600       0x4c contiki-sky.a(cc2420.o)
                0x00005600                cc2420_rssi
 .text.get_value
                0x0000564c       0xac contiki-sky.a(cc2420.o)
 .text.cc2420_set_cca_threshold
                0x000056f8       0x16 contiki-sky.a(cc2420.o)
                0x000056f8                cc2420_set_cca_threshold
 .text.set_value
                0x0000570e       0x8a contiki-sky.a(cc2420.o)
 .text.cc2420_init
                0x00005798       0xde contiki-sky.a(cc2420.o)
                0x00005798                cc2420_init
 .text.cc2420_port1_interrupt
                0x00005876       0x62 contiki-sky.a(cc2420-arch.o)
                0x00005876                __isr_4
                0x00005876                cc2420_port1_interrupt
 .text.cc2420_arch_init
                0x000058d8       0x1a contiki-sky.a(cc2420-arch.o)
                0x000058d8                cc2420_arch_init
 .text.handle_rxdma_timer
                0x000058f2       0x3a contiki-sky.a(uart1.o)
 .text.uart1_active
                0x0000592c       0x1a contiki-sky.a(uart1.o)
                0x0000592c                uart1_active
 .text.uart1_set_input
                0x00005946       0x20 contiki-sky.a(uart1.o)
                0x00005946                uart1_set_input
 .text.uart1_writeb
                0x00005966       0x1a contiki-sky.a(uart1.o)
                0x00005966                uart1_writeb
 .text.uart1_init
                0x00005980       0xf6 contiki-sky.a(uart1.o)
                0x00005980                uart1_init
 .text.putchar  0x00005a76       0x10 contiki-sky.a(uart1-putchar.o)
                0x00005a76                putchar
 .text.msp430_init_dco
                0x00005a86       0x84 contiki-sky.a(msp430.o)
                0x00005a86                msp430_init_dco
 .text.msp430_add_lpm_req
                0x00005b0a        0xc contiki-sky.a(msp430.o)
                0x00005b0a                msp430_add_lpm_req
 .text.msp430_cpu_init
                0x00005b16       0x2a contiki-sky.a(msp430.o)
                0x00005b16                msp430_cpu_init
 .text.splhigh_
                0x00005b40        0x8 contiki-sky.a(msp430.o)
                0x00005b40                splhigh_
 .text.msp430_sync_dco
                0x00005b48       0x68 contiki-sky.a(msp430.o)
                0x00005b48                msp430_sync_dco
 .text.timera1  0x00005bb0      0x11e contiki-sky.a(clock.o)
                0x00005bb0                __isr_5
                0x00005bb0                timera1
 .text.clock_time
                0x00005cce       0x1a contiki-sky.a(clock.o)
                0x00005cce                clock_time
 .text.clock_init
                0x00005ce8       0x28 contiki-sky.a(clock.o)
                0x00005ce8                clock_init
 .text.clock_delay
                0x00005d10        0xc contiki-sky.a(clock.o)
                0x00005d10                clock_delay
 .text.clock_seconds
                0x00005d1c       0x1a contiki-sky.a(clock.o)
                0x00005d1c                clock_seconds
 .text.show_leds
                0x00005d36       0xf6 contiki-sky.a(leds.o)
 .text.leds_init
                0x00005e2c        0xa contiki-sky.a(leds.o)
                0x00005e2c                leds_init
 .text.leds_on  0x00005e36        0xa contiki-sky.a(leds.o)
                0x00005e36                leds_on
 .text.leds_off
                0x00005e40        0xe contiki-sky.a(leds.o)
                0x00005e40                leds_off
 .text.leds_toggle
                0x00005e4e        0xa contiki-sky.a(leds.o)
                0x00005e4e                leds_toggle
 .text.leds_arch_init
                0x00005e58        0xe contiki-sky.a(leds-arch.o)
                0x00005e58                leds_arch_init
 .text.leds_arch_set
                0x00005e66       0x3a contiki-sky.a(leds-arch.o)
                0x00005e66                leds_arch_set
 .text.watchdog_interrupt
                0x00005ea0        0x6 contiki-sky.a(watchdog.o)
                0x00005ea0                __isr_10
                0x00005ea0                watchdog_interrupt
 .text.watchdog_start
                0x00005ea6       0x14 contiki-sky.a(watchdog.o)
                0x00005ea6                watchdog_start
 .text.watchdog_periodic
                0x00005eba       0x12 contiki-sky.a(watchdog.o)
                0x00005eba                watchdog_periodic
 .text.watchdog_stop
                0x00005ecc       0x16 contiki-sky.a(watchdog.o)
                0x00005ecc                watchdog_stop
 .text.watchdog_init
                0x00005ee2       0x14 contiki-sky.a(watchdog.o)
                0x00005ee2                watchdog_init
 .text.rtimer_arch_init
                0x00005ef6        0xe contiki-sky.a(rtimer-arch.o)
                0x00005ef6                rtimer_arch_init
 .text.rtimer_arch_now
                0x00005f04        0xe contiki-sky.a(rtimer-arch.o)
                0x00005f04                rtimer_arch_now
 .text.timera0  0x00005f12       0x70 contiki-sky.a(rtimer-arch.o)
                0x00005f12                __isr_6
                0x00005f12                timera0
 .text.rtimer_arch_schedule
                0x00005f82        0x6 contiki-sky.a(rtimer-arch.o)
                0x00005f82                rtimer_arch_schedule
 .text.autostart_start
                0x00005f88       0x16 contiki-sky.a(autostart.o)
                0x00005f88                autostart_start
 .text.process_thread_ctimer_process
                0x00005f9e       0xa4 contiki-sky.a(ctimer.o)
 .text.ctimer_init
                0x00006042       0x18 contiki-sky.a(ctimer.o)
                0x00006042                ctimer_init
 .text.ctimer_set
                0x0000605a       0x50 contiki-sky.a(ctimer.o)
                0x0000605a                ctimer_set
 .text.ctimer_reset
                0x000060aa       0x30 contiki-sky.a(ctimer.o)
                0x000060aa                ctimer_reset
 .text.ctimer_stop
                0x000060da       0x28 contiki-sky.a(ctimer.o)
                0x000060da                ctimer_stop
 .text.energest_init
                0x00006102       0x28 contiki-sky.a(energest.o)
                0x00006102                energest_init
 .text.energest_type_time
                0x0000612a       0x46 contiki-sky.a(energest.o)
                0x0000612a                energest_type_time
 .text.energest_type_set
                0x00006170        0xe contiki-sky.a(energest.o)
                0x00006170                energest_type_set
 .text.energest_flush
                0x0000617e       0x48 contiki-sky.a(energest.o)
                0x0000617e                energest_flush
 .text.update_time
                0x000061c6       0x78 contiki-sky.a(etimer.o)
 .text.etimer_request_poll
                0x0000623e        0xa contiki-sky.a(etimer.o)
                0x0000623e                etimer_request_poll
 .text.process_thread_etimer_process
                0x00006248       0xc8 contiki-sky.a(etimer.o)
 .text.add_timer
                0x00006310       0x40 contiki-sky.a(etimer.o)
 .text.etimer_set
                0x00006350       0x12 contiki-sky.a(etimer.o)
                0x00006350                etimer_set
 .text.etimer_reset
                0x00006362       0x12 contiki-sky.a(etimer.o)
                0x00006362                etimer_reset
 .text.etimer_restart
                0x00006374       0x12 contiki-sky.a(etimer.o)
                0x00006374                etimer_restart
 .text.etimer_expired
                0x00006386        0xe contiki-sky.a(etimer.o)
                0x00006386                etimer_expired
 .text.etimer_expiration_time
                0x00006394       0x14 contiki-sky.a(etimer.o)
                0x00006394                etimer_expiration_time
 .text.etimer_pending
                0x000063a8        0xc contiki-sky.a(etimer.o)
                0x000063a8                etimer_pending
 .text.etimer_next_expiration_time
                0x000063b4       0x16 contiki-sky.a(etimer.o)
                0x000063b4                etimer_next_expiration_time
 .text.etimer_stop
                0x000063ca       0x3c contiki-sky.a(etimer.o)
                0x000063ca                etimer_stop
 .text.call_process
                0x00006406       0x4a contiki-sky.a(process.o)
 .text.exit_process
                0x00006450       0x96 contiki-sky.a(process.o)
 .text.do_poll  0x000064e6       0x30 contiki-sky.a(process.o)
 .text.process_alloc_event
                0x00006516        0xe contiki-sky.a(process.o)
                0x00006516                process_alloc_event
 .text.process_init
                0x00006524       0x1c contiki-sky.a(process.o)
                0x00006524                process_init
 .text.process_run
                0x00006540       0xa2 contiki-sky.a(process.o)
                0x00006540                process_run
 .text.process_nevents
                0x000065e2        0xe contiki-sky.a(process.o)
                0x000065e2                process_nevents
 .text.process_post
                0x000065f0       0x54 contiki-sky.a(process.o)
                0x000065f0                process_post
 .text.process_post_synch
                0x00006644       0x12 contiki-sky.a(process.o)
                0x00006644                process_post_synch
 .text.process_start
                0x00006656       0x32 contiki-sky.a(process.o)
                0x00006656                process_start
 .text.process_poll
                0x00006688       0x18 contiki-sky.a(process.o)
                0x00006688                process_poll
 .text.rtimer_init
                0x000066a0        0x6 contiki-sky.a(rtimer.o)
                0x000066a0                rtimer_init
 .text.rtimer_run_next
                0x000066a6       0x26 contiki-sky.a(rtimer.o)
                0x000066a6                rtimer_run_next
 .text.timer_set
                0x000066cc       0x1c contiki-sky.a(timer.o)
                0x000066cc                timer_set
 .text.timer_reset
                0x000066e8        0xe contiki-sky.a(timer.o)
                0x000066e8                timer_reset
 .text.timer_restart
                0x000066f6       0x14 contiki-sky.a(timer.o)
                0x000066f6                timer_restart
 .text.timer_expired
                0x0000670a       0x2a contiki-sky.a(timer.o)
                0x0000670a                timer_expired
 .text.list_init
                0x00006734        0x6 contiki-sky.a(list.o)
                0x00006734                list_init
 .text.list_head
                0x0000673a        0x4 contiki-sky.a(list.o)
                0x0000673a                list_head
 .text.list_tail
                0x0000673e       0x12 contiki-sky.a(list.o)
                0x0000673e                list_tail
 .text.list_remove
                0x00006750       0x34 contiki-sky.a(list.o)
                0x00006750                list_remove
 .text.list_push
                0x00006784       0x1a contiki-sky.a(list.o)
                0x00006784                list_push
 .text.list_add
                0x0000679e       0x2a contiki-sky.a(list.o)
                0x0000679e                list_add
 .text.list_length
                0x000067c8       0x10 contiki-sky.a(list.o)
                0x000067c8                list_length
 .text.list_item_next
                0x000067d8        0xc contiki-sky.a(list.o)
                0x000067d8                list_item_next
 .text.random_init
                0x000067e4        0x6 contiki-sky.a(random.o)
                0x000067e4                random_init
 .text.random_rand
                0x000067ea        0x6 contiki-sky.a(random.o)
                0x000067ea                random_rand
 .text.set_packet_attrs
                0x000067f0       0x44 contiki-sky.a(sicslowpan.o)
 .text.addr_context_lookup_by_number
                0x00006834       0x36 contiki-sky.a(sicslowpan.o)
 .text.compress_addr_64
                0x0000686a       0xae contiki-sky.a(sicslowpan.o)
 .text.uncompress_addr
                0x00006918       0xb4 contiki-sky.a(sicslowpan.o)
 .text.input    0x000069cc      0x65c contiki-sky.a(sicslowpan.o)
 .text.sicslowpan_init
                0x00007028       0x26 contiki-sky.a(sicslowpan.o)
                0x00007028                sicslowpan_init
 .text.addr_context_lookup_by_prefix
                0x0000704e       0x4c contiki-sky.a(sicslowpan.o)
 .text.send_packet
                0x0000709a       0x1a contiki-sky.a(sicslowpan.o)
 .text.output   0x000070b4      0x6da contiki-sky.a(sicslowpan.o)
 .text.packet_sent
                0x0000778e       0x22 contiki-sky.a(sicslowpan.o)
 .text.chksum   0x000077b0       0x32 contiki-sky.a(uip6.o)
 .text.upper_layer_chksum
                0x000077e2       0x56 contiki-sky.a(uip6.o)
 .text.ext_hdr_options_process
                0x00007838       0xda contiki-sky.a(uip6.o)
 .text.uip_add32
                0x00007912       0x68 contiki-sky.a(uip6.o)
                0x00007912                uip_add32
 .text.unlikely.uip_add_rcv_nxt
                0x0000797a       0x2e contiki-sky.a(uip6.o)
 .text.uip_icmp6chksum
                0x000079a8        0xa contiki-sky.a(uip6.o)
                0x000079a8                uip_icmp6chksum
 .text.uip_tcpchksum
                0x000079b2        0xa contiki-sky.a(uip6.o)
                0x000079b2                uip_tcpchksum
 .text.uip_udpchksum
                0x000079bc        0xa contiki-sky.a(uip6.o)
                0x000079bc                uip_udpchksum
 .text.uip_init
                0x000079c6       0x7a contiki-sky.a(uip6.o)
                0x000079c6                uip_init
 .text.remove_ext_hdr
                0x00007a40       0x5a contiki-sky.a(uip6.o)
                0x00007a40                remove_ext_hdr
 .text.uip_udp_new
                0x00007a9a       0xf4 contiki-sky.a(uip6.o)
                0x00007a9a                uip_udp_new
 .text.uip_unlisten
                0x00007b8e       0x2a contiki-sky.a(uip6.o)
                0x00007b8e                uip_unlisten
 .text.uip_process
                0x00007bb8      0xe9e contiki-sky.a(uip6.o)
                0x00007bb8                uip_process
 .text.uip_htonl
                0x00008a56       0x2e contiki-sky.a(uip6.o)
                0x00008a56                uip_htonl
 .text.uip_ds6_list_loop
                0x00008a84       0x86 contiki-sky.a(uip-ds6.o)
                0x00008a84                uip_ds6_list_loop
 .text.uip_ds6_prefix_add
                0x00008b0a       0x80 contiki-sky.a(uip-ds6.o)
                0x00008b0a                uip_ds6_prefix_add
 .text.uip_ds6_is_addr_onlink
                0x00008b8a       0x54 contiki-sky.a(uip-ds6.o)
                0x00008b8a                uip_ds6_is_addr_onlink
 .text.uip_ds6_addr_lookup
                0x00008bde       0x2a contiki-sky.a(uip-ds6.o)
                0x00008bde                uip_ds6_addr_lookup
 .text.uip_ds6_get_link_local
                0x00008c08       0x3e contiki-sky.a(uip-ds6.o)
                0x00008c08                uip_ds6_get_link_local
 .text.uip_ds6_maddr_add
                0x00008c46       0x4c contiki-sky.a(uip-ds6.o)
                0x00008c46                uip_ds6_maddr_add
 .text.uip_ds6_addr_add
                0x00008c92       0xc4 contiki-sky.a(uip-ds6.o)
                0x00008c92                uip_ds6_addr_add
 .text.uip_ds6_maddr_lookup
                0x00008d56       0x2a contiki-sky.a(uip-ds6.o)
                0x00008d56                uip_ds6_maddr_lookup
 .text.uip_ds6_addr_rm
                0x00008d80       0x54 contiki-sky.a(uip-ds6.o)
                0x00008d80                uip_ds6_addr_rm
 .text.uip_ds6_periodic
                0x00008dd4       0x4a contiki-sky.a(uip-ds6.o)
                0x00008dd4                uip_ds6_periodic
 .text.uip_ds6_set_addr_iid
                0x00008e1e       0x14 contiki-sky.a(uip-ds6.o)
                0x00008e1e                uip_ds6_set_addr_iid
 .text.get_match_length
                0x00008e32       0x3e contiki-sky.a(uip-ds6.o)
                0x00008e32                get_match_length
 .text.uip_ds6_select_src
                0x00008e70       0xaa contiki-sky.a(uip-ds6.o)
                0x00008e70                uip_ds6_select_src
 .text.uip_ds6_compute_reachable_time
                0x00008f1a       0x3e contiki-sky.a(uip-ds6.o)
                0x00008f1a                uip_ds6_compute_reachable_time
 .text.uip_ds6_init
                0x00008f58      0x154 contiki-sky.a(uip-ds6.o)
                0x00008f58                uip_ds6_init
 .text.uip_ds6_nbr_rm
                0x000090ac       0x1a contiki-sky.a(uip-ds6-nbr.o)
                0x000090ac                uip_ds6_nbr_rm
 .text.uip_ds6_neighbors_init
                0x000090c6        0xe contiki-sky.a(uip-ds6-nbr.o)
                0x000090c6                uip_ds6_neighbors_init
 .text.uip_ds6_nbr_add
                0x000090d4       0x60 contiki-sky.a(uip-ds6-nbr.o)
                0x000090d4                uip_ds6_nbr_add
 .text.uip_ds6_nbr_get_ll
                0x00009134        0xc contiki-sky.a(uip-ds6-nbr.o)
                0x00009134                uip_ds6_nbr_get_ll
 .text.uip_ds6_nbr_lookup
                0x00009140       0x42 contiki-sky.a(uip-ds6-nbr.o)
                0x00009140                uip_ds6_nbr_lookup
 .text.uip_ds6_nbr_ll_lookup
                0x00009182        0xc contiki-sky.a(uip-ds6-nbr.o)
                0x00009182                uip_ds6_nbr_ll_lookup
 .text.uip_ds6_nbr_ipaddr_from_lladdr
                0x0000918e        0x6 contiki-sky.a(uip-ds6-nbr.o)
                0x0000918e                uip_ds6_nbr_ipaddr_from_lladdr
 .text.uip_ds6_nbr_lladdr_from_ipaddr
                0x00009194       0x12 contiki-sky.a(uip-ds6-nbr.o)
                0x00009194                uip_ds6_nbr_lladdr_from_ipaddr
 .text.uip_ds6_link_neighbor_callback
                0x000091a6       0x2a contiki-sky.a(uip-ds6-nbr.o)
                0x000091a6                uip_ds6_link_neighbor_callback
 .text.uip_ds6_neighbor_periodic
                0x000091d0       0x60 contiki-sky.a(uip-ds6-nbr.o)
                0x000091d0                uip_ds6_neighbor_periodic
 .text.call_route_callback
                0x00009230       0x4c contiki-sky.a(uip-ds6-route.o)
 .text.uip_ds6_route_init
                0x0000927c       0x36 contiki-sky.a(uip-ds6-route.o)
                0x0000927c                uip_ds6_route_init
 .text.uip_ds6_route_nexthop
                0x000092b2       0x1a contiki-sky.a(uip-ds6-route.o)
                0x000092b2                uip_ds6_route_nexthop
 .text.uip_ds6_route_head
                0x000092cc        0xa contiki-sky.a(uip-ds6-route.o)
                0x000092cc                uip_ds6_route_head
 .text.uip_ds6_route_next
                0x000092d6        0xe contiki-sky.a(uip-ds6-route.o)
                0x000092d6                uip_ds6_route_next
 .text.uip_ds6_route_lookup
                0x000092e4       0x8c contiki-sky.a(uip-ds6-route.o)
                0x000092e4                uip_ds6_route_lookup
 .text.uip_ds6_route_rm
                0x00009370       0xa4 contiki-sky.a(uip-ds6-route.o)
                0x00009370                uip_ds6_route_rm
 .text.rm_routelist
                0x00009414       0x34 contiki-sky.a(uip-ds6-route.o)
 .text.rm_routelist_callback
                0x00009448        0x6 contiki-sky.a(uip-ds6-route.o)
 .text.uip_ds6_route_add
                0x0000944e      0x10c contiki-sky.a(uip-ds6-route.o)
                0x0000944e                uip_ds6_route_add
 .text.uip_ds6_defrt_rm
                0x0000955a       0x48 contiki-sky.a(uip-ds6-route.o)
                0x0000955a                uip_ds6_defrt_rm
 .text.uip_ds6_defrt_lookup
                0x000095a2       0x36 contiki-sky.a(uip-ds6-route.o)
                0x000095a2                uip_ds6_defrt_lookup
 .text.uip_ds6_defrt_add
                0x000095d8       0x74 contiki-sky.a(uip-ds6-route.o)
                0x000095d8                uip_ds6_defrt_add
 .text.uip_ds6_defrt_choose
                0x0000964c       0x3a contiki-sky.a(uip-ds6-route.o)
                0x0000964c                uip_ds6_defrt_choose
 .text.uip_ds6_defrt_periodic
                0x00009686       0x38 contiki-sky.a(uip-ds6-route.o)
                0x00009686                uip_ds6_defrt_periodic
 .text.echo_reply_input
                0x000096be      0x112 contiki-sky.a(uip-icmp6.o)
 .text.echo_request_input
                0x000097d0      0x12c contiki-sky.a(uip-icmp6.o)
 .text.uip_icmp6_input
                0x000098fc       0x44 contiki-sky.a(uip-icmp6.o)
                0x000098fc                uip_icmp6_input
 .text.uip_icmp6_register_input_handler
                0x00009940        0xc contiki-sky.a(uip-icmp6.o)
                0x00009940                uip_icmp6_register_input_handler
 .text.uip_icmp6_error_output
                0x0000994c      0x17a contiki-sky.a(uip-icmp6.o)
                0x0000994c                uip_icmp6_error_output
 .text.uip_icmp6_send
                0x00009ac6       0x96 contiki-sky.a(uip-icmp6.o)
                0x00009ac6                uip_icmp6_send
 .text.uip_icmp6_init
                0x00009b5c       0x12 contiki-sky.a(uip-icmp6.o)
                0x00009b5c                uip_icmp6_init
 .text.uip_nd6_init
                0x00009b6e        0x2 contiki-sky.a(uip-nd6.o)
                0x00009b6e                uip_nd6_init
 .text.start_periodic_tcp_timer
                0x00009b70       0x16 contiki-sky.a(tcpip.o)
 .text.tcpip_output
                0x00009b86       0x10 contiki-sky.a(tcpip.o)
                0x00009b86                tcpip_output
 .text.tcpip_set_outputfunc
                0x00009b96        0x6 contiki-sky.a(tcpip.o)
                0x00009b96                tcpip_set_outputfunc
 .text.udp_new  0x00009b9c       0x1a contiki-sky.a(tcpip.o)
                0x00009b9c                udp_new
 .text.tcpip_input
                0x00009bb6       0x16 contiki-sky.a(tcpip.o)
                0x00009bb6                tcpip_input
 .text.tcpip_ipv6_output
                0x00009bcc       0xce contiki-sky.a(tcpip.o)
                0x00009bcc                tcpip_ipv6_output
 .text.process_thread_tcpip_process
                0x00009c9a      0x1d0 contiki-sky.a(tcpip.o)
 .text.tcpip_uipcall
                0x00009e6a       0x72 contiki-sky.a(tcpip.o)
                0x00009e6a                tcpip_uipcall
 .text.uip_debug_ipaddr_print
                0x00009edc       0x7c contiki-sky.a(uip-debug.o)
                0x00009edc                uip_debug_ipaddr_print
 .text.uip_udp_packet_send
                0x00009f58       0x2e contiki-sky.a(uip-udp-packet.)
                0x00009f58                uip_udp_packet_send
 .text.rpl_get_mode
                0x00009f86        0x6 contiki-sky.a(rpl.o)
                0x00009f86                rpl_get_mode
 .text.rpl_purge_routes
                0x00009f8c       0x96 contiki-sky.a(rpl.o)
                0x00009f8c                rpl_purge_routes
 .text.rpl_remove_routes
                0x0000a022       0x22 contiki-sky.a(rpl.o)
                0x0000a022                rpl_remove_routes
 .text.rpl_remove_routes_by_nexthop
                0x0000a044       0x46 contiki-sky.a(rpl.o)
                0x0000a044                rpl_remove_routes_by_nexthop
 .text.rpl_add_route
                0x0000a08a       0x44 contiki-sky.a(rpl.o)
                0x0000a08a                rpl_add_route
 .text.rpl_link_neighbor_callback
                0x0000a0ce       0x7c contiki-sky.a(rpl.o)
                0x0000a0ce                rpl_link_neighbor_callback
 .text.rpl_ipv6_neighbor_callback
                0x0000a14a       0x1e contiki-sky.a(rpl.o)
                0x0000a14a                rpl_ipv6_neighbor_callback
 .text.rpl_init
                0x0000a168       0x4a contiki-sky.a(rpl.o)
                0x0000a168                rpl_init
 .text.lollipop_greater_than
                0x0000a1b2       0x44 contiki-sky.a(rpl-dag.o)
 .text.acceptable_rank
                0x0000a1f6       0x50 contiki-sky.a(rpl-dag.o)
 .text.find_parent_any_dag_any_instance
                0x0000a246       0x14 contiki-sky.a(rpl-dag.o)
 .text.rpl_set_preferred_parent
                0x0000a25a       0x30 contiki-sky.a(rpl-dag.o)
 .text.set_ip_from_prefix
                0x0000a28a       0x38 contiki-sky.a(rpl-dag.o)
 .text.check_prefix
                0x0000a2c2       0x80 contiki-sky.a(rpl-dag.o)
 .text.rpl_get_nbr
                0x0000a342       0x1e contiki-sky.a(rpl-dag.o)
                0x0000a342                rpl_get_nbr
 .text.rpl_dag_init
                0x0000a360        0xe contiki-sky.a(rpl-dag.o)
                0x0000a360                rpl_dag_init
 .text.rpl_get_parent
                0x0000a36e        0xc contiki-sky.a(rpl-dag.o)
                0x0000a36e                rpl_get_parent
 .text.rpl_get_parent_ipaddr
                0x0000a37a       0x10 contiki-sky.a(rpl-dag.o)
                0x0000a37a                rpl_get_parent_ipaddr
 .text.rpl_set_prefix
                0x0000a38a       0x8e contiki-sky.a(rpl-dag.o)
                0x0000a38a                rpl_set_prefix
 .text.rpl_set_default_route
                0x0000a418       0x4a contiki-sky.a(rpl-dag.o)
                0x0000a418                rpl_set_default_route
 .text.rpl_alloc_instance
                0x0000a462       0x34 contiki-sky.a(rpl-dag.o)
                0x0000a462                rpl_alloc_instance
 .text.rpl_add_parent
                0x0000a496       0x56 contiki-sky.a(rpl-dag.o)
                0x0000a496                rpl_add_parent
 .text.rpl_find_parent
                0x0000a4ec       0x1a contiki-sky.a(rpl-dag.o)
                0x0000a4ec                rpl_find_parent
 .text.rpl_find_parent_any_dag
                0x0000a506       0x22 contiki-sky.a(rpl-dag.o)
                0x0000a506                rpl_find_parent_any_dag
 .text.rpl_select_parent
                0x0000a528       0x7e contiki-sky.a(rpl-dag.o)
                0x0000a528                rpl_select_parent
 .text.rpl_select_dag
                0x0000a5a6      0x182 contiki-sky.a(rpl-dag.o)
                0x0000a5a6                rpl_select_dag
 .text.rpl_nullify_parent
                0x0000a728       0x54 contiki-sky.a(rpl-dag.o)
                0x0000a728                rpl_nullify_parent
 .text.rpl_remove_parent
                0x0000a77c       0x16 contiki-sky.a(rpl-dag.o)
                0x0000a77c                rpl_remove_parent
 .text.nbr_callback
                0x0000a792        0x6 contiki-sky.a(rpl-dag.o)
 .text.remove_parents.constprop.2
                0x0000a798       0x32 contiki-sky.a(rpl-dag.o)
 .text.rpl_move_parent
                0x0000a7ca       0x5a contiki-sky.a(rpl-dag.o)
                0x0000a7ca                rpl_move_parent
 .text.rpl_get_any_dag
                0x0000a824       0x18 contiki-sky.a(rpl-dag.o)
                0x0000a824                rpl_get_any_dag
 .text.rpl_get_instance
                0x0000a83c       0x1a contiki-sky.a(rpl-dag.o)
                0x0000a83c                rpl_get_instance
 .text.rpl_alloc_dag
                0x0000a856       0x60 contiki-sky.a(rpl-dag.o)
                0x0000a856                rpl_alloc_dag
 .text.rpl_repair_root
                0x0000a8b6       0x50 contiki-sky.a(rpl-dag.o)
                0x0000a8b6                rpl_repair_root
 .text.rpl_find_of
                0x0000a906       0x10 contiki-sky.a(rpl-dag.o)
                0x0000a906                rpl_find_of
 .text.rpl_join_instance
                0x0000a916      0x13c contiki-sky.a(rpl-dag.o)
                0x0000a916                rpl_join_instance
 .text.rpl_local_repair
                0x0000aa52       0x7c contiki-sky.a(rpl-dag.o)
                0x0000aa52                rpl_local_repair
 .text.rpl_process_parent_event
                0x0000aace       0x4e contiki-sky.a(rpl-dag.o)
                0x0000aace                rpl_process_parent_event
 .text.rpl_recalculate_ranks
                0x0000ab1c       0x48 contiki-sky.a(rpl-dag.o)
                0x0000ab1c                rpl_recalculate_ranks
 .text.rpl_add_dag
                0x0000ab64      0x112 contiki-sky.a(rpl-dag.o)
                0x0000ab64                rpl_add_dag
 .text.rpl_process_dio
                0x0000ac76      0x2d2 contiki-sky.a(rpl-dag.o)
                0x0000ac76                rpl_process_dio
 .text.rpl_lock_parent
                0x0000af48        0xc contiki-sky.a(rpl-dag.o)
                0x0000af48                rpl_lock_parent
 .text.rpl_verify_header
                0x0000af54       0xba contiki-sky.a(rpl-ext-header.)
                0x0000af54                rpl_verify_header
 .text.rpl_update_header_empty
                0x0000b00e      0x126 contiki-sky.a(rpl-ext-header.)
                0x0000b00e                rpl_update_header_empty
 .text.rpl_update_header_final
                0x0000b134       0x94 contiki-sky.a(rpl-ext-header.)
                0x0000b134                rpl_update_header_final
 .text.rpl_invert_header
                0x0000b1c8       0x7a contiki-sky.a(rpl-ext-header.)
                0x0000b1c8                rpl_invert_header
 .text.rpl_insert_header
                0x0000b242       0x12 contiki-sky.a(rpl-ext-header.)
                0x0000b242                rpl_insert_header
 .text.get32    0x0000b254       0x46 contiki-sky.a(rpl-icmp6.o)
 .text.set32    0x0000b29a       0x2a contiki-sky.a(rpl-icmp6.o)
 .text.get16    0x0000b2c4        0xe contiki-sky.a(rpl-icmp6.o)
 .text.set16    0x0000b2d2       0x10 contiki-sky.a(rpl-icmp6.o)
 .text.dao_ack_input
                0x0000b2e2        0x6 contiki-sky.a(rpl-icmp6.o)
 .text.dio_input
                0x0000b2e8      0x2d6 contiki-sky.a(rpl-icmp6.o)
 .text.dis_output
                0x0000b5be       0x50 contiki-sky.a(rpl-icmp6.o)
                0x0000b5be                dis_output
 .text.dio_output
                0x0000b60e      0x268 contiki-sky.a(rpl-icmp6.o)
                0x0000b60e                dio_output
 .text.dis_input
                0x0000b876       0x28 contiki-sky.a(rpl-icmp6.o)
 .text.dao_output_target
                0x0000b89e       0xea contiki-sky.a(rpl-icmp6.o)
                0x0000b89e                dao_output_target
 .text.dao_output
                0x0000b988       0x80 contiki-sky.a(rpl-icmp6.o)
                0x0000b988                dao_output
 .text.dao_ack_output
                0x0000ba08       0x32 contiki-sky.a(rpl-icmp6.o)
                0x0000ba08                dao_ack_output
 .text.dao_input
                0x0000ba3a      0x2a8 contiki-sky.a(rpl-icmp6.o)
 .text.rpl_icmp6_register_handlers
                0x0000bce2       0x22 contiki-sky.a(rpl-icmp6.o)
                0x0000bce2                rpl_icmp6_register_handlers
 .text.reset    0x0000bd04        0x2 contiki-sky.a(rpl-mrhof.o)
 .text.update_metric_container
                0x0000bd06        0x6 contiki-sky.a(rpl-mrhof.o)
 .text.calculate_rank
                0x0000bd0c       0x3e contiki-sky.a(rpl-mrhof.o)
 .text.best_parent
                0x0000bd4a       0x74 contiki-sky.a(rpl-mrhof.o)
 .text.neighbor_link_callback
                0x0000bdbe       0xa2 contiki-sky.a(rpl-mrhof.o)
 .text.best_dag
                0x0000be60       0x34 contiki-sky.a(rpl-mrhof.o)
 .text.new_dio_interval
                0x0000be94       0x92 contiki-sky.a(rpl-timers.o)
 .text.handle_periodic_timer
                0x0000bf26       0x2e contiki-sky.a(rpl-timers.o)
 .text.set_dao_lifetime_timer
                0x0000bf54       0x52 contiki-sky.a(rpl-timers.o)
 .text.schedule_dao
                0x0000bfa6       0x82 contiki-sky.a(rpl-timers.o)
 .text.handle_dio_timer
                0x0000c028       0x88 contiki-sky.a(rpl-timers.o)
 .text.handle_dao_timer
                0x0000c0b0       0x64 contiki-sky.a(rpl-timers.o)
 .text.rpl_reset_periodic_timer
                0x0000c114       0x60 contiki-sky.a(rpl-timers.o)
                0x0000c114                rpl_reset_periodic_timer
 .text.rpl_reset_dio_timer
                0x0000c174       0x18 contiki-sky.a(rpl-timers.o)
                0x0000c174                rpl_reset_dio_timer
 .text.rpl_schedule_dao
                0x0000c18c        0xc contiki-sky.a(rpl-timers.o)
                0x0000c18c                rpl_schedule_dao
 .text.rpl_schedule_probing
                0x0000c198       0x3c contiki-sky.a(rpl-timers.o)
                0x0000c198                rpl_schedule_probing
 .text.handle_probing_timer
                0x0000c1d4      0x124 contiki-sky.a(rpl-timers.o)
 .text.input_packet
                0x0000c2f8        0x6 contiki-sky.a(csma.o)
 .text.on       0x0000c2fe        0x6 contiki-sky.a(csma.o)
 .text.off      0x0000c304        0x6 contiki-sky.a(csma.o)
 .text.channel_check_interval
                0x0000c30a       0x10 contiki-sky.a(csma.o)
 .text.transmit_packet_list
                0x0000c31a       0x24 contiki-sky.a(csma.o)
 .text.send_packet
                0x0000c33e      0x17a contiki-sky.a(csma.o)
 .text.init     0x0000c4b8       0x1a contiki-sky.a(csma.o)
 .text.free_packet
                0x0000c4d2       0x9c contiki-sky.a(csma.o)
 .text.packet_sent
                0x0000c56e      0x130 contiki-sky.a(csma.o)
 .text.parse    0x0000c69e       0xa0 contiki-sky.a(framer-802154.o)
 .text.create_frame.isra.0
                0x0000c73e      0x108 contiki-sky.a(framer-802154.o)
 .text.create   0x0000c846        0x8 contiki-sky.a(framer-802154.o)
 .text.hdr_length
                0x0000c84e        0x8 contiki-sky.a(framer-802154.o)
 .text.framer_canonical_create_and_secure
                0x0000c856       0x20 contiki-sky.a(framer.o)
                0x0000c856                framer_canonical_create_and_secure
 .text.mac_call_sent_callback
                0x0000c876       0x14 contiki-sky.a(mac.o)
                0x0000c876                mac_call_sent_callback
 .text.on       0x0000c88a        0x6 contiki-sky.a(nullrdc.o)
 .text.channel_check_interval
                0x0000c890        0x4 contiki-sky.a(nullrdc.o)
 .text.init     0x0000c894        0x6 contiki-sky.a(nullrdc.o)
 .text.send_one_packet
                0x0000c89a      0x116 contiki-sky.a(nullrdc.o)
 .text.send_list
                0x0000c9b0       0x30 contiki-sky.a(nullrdc.o)
 .text.send_packet
                0x0000c9e0        0x6 contiki-sky.a(nullrdc.o)
 .text.off      0x0000c9e6       0x10 contiki-sky.a(nullrdc.o)
 .text.packet_input
                0x0000c9f6       0x3c contiki-sky.a(nullrdc.o)
 .text.linkaddr_copy
                0x0000ca32        0x8 contiki-sky.a(linkaddr.o)
                0x0000ca32                linkaddr_copy
 .text.linkaddr_cmp
                0x0000ca3a       0x12 contiki-sky.a(linkaddr.o)
                0x0000ca3a                linkaddr_cmp
 .text.linkaddr_set_node_addr
                0x0000ca4c        0xc contiki-sky.a(linkaddr.o)
                0x0000ca4c                linkaddr_set_node_addr
 .text.index_from_key
                0x0000ca58       0x48 contiki-sky.a(nbr-table.o)
 .text.item_from_key
                0x0000caa0       0x34 contiki-sky.a(nbr-table.o)
 .text.nbr_set_bit
                0x0000cad4       0x8e contiki-sky.a(nbr-table.o)
 .text.index_from_lladdr
                0x0000cb62       0x42 contiki-sky.a(nbr-table.o)
 .text.nbr_get_bit.constprop.0
                0x0000cba4       0x62 contiki-sky.a(nbr-table.o)
 .text.nbr_table_register
                0x0000cc06       0x28 contiki-sky.a(nbr-table.o)
                0x0000cc06                nbr_table_register
 .text.nbr_table_next
                0x0000cc2e       0x90 contiki-sky.a(nbr-table.o)
                0x0000cc2e                nbr_table_next
 .text.nbr_table_head
                0x0000ccbe       0x36 contiki-sky.a(nbr-table.o)
                0x0000ccbe                nbr_table_head
 .text.nbr_table_add_lladdr
                0x0000ccf4      0x144 contiki-sky.a(nbr-table.o)
                0x0000ccf4                nbr_table_add_lladdr
 .text.nbr_table_get_from_lladdr
                0x0000ce38       0x48 contiki-sky.a(nbr-table.o)
                0x0000ce38                nbr_table_get_from_lladdr
 .text.nbr_table_remove
                0x0000ce80       0x32 contiki-sky.a(nbr-table.o)
                0x0000ce80                nbr_table_remove
 .text.nbr_table_lock
                0x0000ceb2       0x10 contiki-sky.a(nbr-table.o)
                0x0000ceb2                nbr_table_lock
 .text.nbr_table_unlock
                0x0000cec2       0x10 contiki-sky.a(nbr-table.o)
                0x0000cec2                nbr_table_unlock
 .text.nbr_table_get_lladdr
                0x0000ced2       0x5a contiki-sky.a(nbr-table.o)
                0x0000ced2                nbr_table_get_lladdr
 .text.packetbuf_compact
                0x0000cf2c       0x2e contiki-sky.a(packetbuf.o)
                0x0000cf2c                packetbuf_compact
 .text.packetbuf_copyto
                0x0000cf5a       0x52 contiki-sky.a(packetbuf.o)
                0x0000cf5a                packetbuf_copyto
 .text.packetbuf_hdrreduce
                0x0000cfac       0x1a contiki-sky.a(packetbuf.o)
                0x0000cfac                packetbuf_hdrreduce
 .text.packetbuf_set_datalen
                0x0000cfc6        0x6 contiki-sky.a(packetbuf.o)
                0x0000cfc6                packetbuf_set_datalen
 .text.packetbuf_dataptr
                0x0000cfcc        0xe contiki-sky.a(packetbuf.o)
                0x0000cfcc                packetbuf_dataptr
 .text.packetbuf_hdrptr
                0x0000cfda        0xa contiki-sky.a(packetbuf.o)
                0x0000cfda                packetbuf_hdrptr
 .text.packetbuf_datalen
                0x0000cfe4        0x6 contiki-sky.a(packetbuf.o)
                0x0000cfe4                packetbuf_datalen
 .text.packetbuf_hdrlen
                0x0000cfea       0x10 contiki-sky.a(packetbuf.o)
                0x0000cfea                packetbuf_hdrlen
 .text.packetbuf_totlen
                0x0000cffa        0xc contiki-sky.a(packetbuf.o)
                0x0000cffa                packetbuf_totlen
 .text.packetbuf_hdralloc
                0x0000d006       0x2e contiki-sky.a(packetbuf.o)
                0x0000d006                packetbuf_hdralloc
 .text.packetbuf_attr_clear
                0x0000d034       0x28 contiki-sky.a(packetbuf.o)
                0x0000d034                packetbuf_attr_clear
 .text.packetbuf_clear
                0x0000d05c       0x1a contiki-sky.a(packetbuf.o)
                0x0000d05c                packetbuf_clear
 .text.packetbuf_copyfrom
                0x0000d076       0x2e contiki-sky.a(packetbuf.o)
                0x0000d076                packetbuf_copyfrom
 .text.packetbuf_attr_copyto
                0x0000d0a4       0x22 contiki-sky.a(packetbuf.o)
                0x0000d0a4                packetbuf_attr_copyto
 .text.packetbuf_attr_copyfrom
                0x0000d0c6       0x24 contiki-sky.a(packetbuf.o)
                0x0000d0c6                packetbuf_attr_copyfrom
 .text.packetbuf_holds_broadcast
                0x0000d0ea        0xe contiki-sky.a(packetbuf.o)
                0x0000d0ea                packetbuf_holds_broadcast
 .text.queuebuf_init
                0x0000d0f8       0x12 contiki-sky.a(queuebuf.o)
                0x0000d0f8                queuebuf_init
 .text.queuebuf_numfree
                0x0000d10a        0xa contiki-sky.a(queuebuf.o)
                0x0000d10a                queuebuf_numfree
 .text.queuebuf_new_from_packetbuf
                0x0000d114       0x52 contiki-sky.a(queuebuf.o)
                0x0000d114                queuebuf_new_from_packetbuf
 .text.queuebuf_update_attr_from_packetbuf
                0x0000d166       0x12 contiki-sky.a(queuebuf.o)
                0x0000d166                queuebuf_update_attr_from_packetbuf
 .text.queuebuf_free
                0x0000d178       0x2a contiki-sky.a(queuebuf.o)
                0x0000d178                queuebuf_free
 .text.queuebuf_to_packetbuf
                0x0000d1a2       0x32 contiki-sky.a(queuebuf.o)
                0x0000d1a2                queuebuf_to_packetbuf
 .text.queuebuf_attr
                0x0000d1d4        0xe contiki-sky.a(queuebuf.o)
                0x0000d1d4                queuebuf_attr
 .text.bootstrap
                0x0000d1e2        0x4 contiki-sky.a(nullsec.o)
 .text.send     0x0000d1e6        0xa contiki-sky.a(nullsec.o)
 .text.on_frame_created
                0x0000d1f0        0x4 contiki-sky.a(nullsec.o)
 .text.input    0x0000d1f4        0x6 contiki-sky.a(nullsec.o)
 .text.get_overhead
                0x0000d1fa        0x4 contiki-sky.a(nullsec.o)
 .text.spi_init
                0x0000d1fe       0x32 contiki-sky.a(spi.o)
                0x0000d1fe                spi_init
 .text.stimer_set
                0x0000d230       0x1c contiki-sky.a(stimer.o)
                0x0000d230                stimer_set
 .text.stimer_expired
                0x0000d24c       0x30 contiki-sky.a(stimer.o)
                0x0000d24c                stimer_expired
 .text.memb_init
                0x0000d27c       0x36 contiki-sky.a(memb.o)
                0x0000d27c                memb_init
 .text.memb_alloc
                0x0000d2b2       0x3e contiki-sky.a(memb.o)
                0x0000d2b2                memb_alloc
 .text.memb_free
                0x0000d2f0       0x3a contiki-sky.a(memb.o)
                0x0000d2f0                memb_free
 .text.memb_inmemb
                0x0000d32a       0x2e contiki-sky.a(memb.o)
                0x0000d32a                memb_inmemb
 .text.memb_numfree
                0x0000d358       0x26 contiki-sky.a(memb.o)
                0x0000d358                memb_numfree
 .text.field_len
                0x0000d37e       0x98 contiki-sky.a(frame802154.o)
 .text.frame802154_hdrlen
                0x0000d416       0x2e contiki-sky.a(frame802154.o)
                0x0000d416                frame802154_hdrlen
 .text.frame802154_create
                0x0000d444      0x146 contiki-sky.a(frame802154.o)
                0x0000d444                frame802154_create
 .text.frame802154_parse
                0x0000d58a      0x1da contiki-sky.a(frame802154.o)
                0x0000d58a                frame802154_parse
 .text.mac_sequence_is_duplicate
                0x0000d764       0x44 contiki-sky.a(mac-sequence.o)
                0x0000d764                mac_sequence_is_duplicate
 .text.mac_sequence_register_seqno
                0x0000d7a8       0x76 contiki-sky.a(mac-sequence.o)
                0x0000d7a8                mac_sequence_register_seqno
 .text.libgcc   0x0000d81e       0x2c /usr/lib/gcc/msp430/4.6.3/mmpy-16/libgcc.a(_mulsi3.o)
                0x0000d81e                __mulsi3
 .text.libgcc   0x0000d84a       0x22 /usr/lib/gcc/msp430/4.6.3/mmpy-16/libgcc.a(_udivmod16.o)
                0x0000d84a                __udivhi3
                0x0000d84a                __ext_udivmod16
                0x0000d864                __umodhi3
 .text.libgcc   0x0000d86c       0x3a /usr/lib/gcc/msp430/4.6.3/mmpy-16/libgcc.a(_divmod16.o)
                0x0000d86c                __ext_divmod16
                0x0000d86c                __divhi3
                0x0000d89e                __modhi3
 .text.libgcc   0x0000d8a6       0x40 /usr/lib/gcc/msp430/4.6.3/mmpy-16/libgcc.a(_udivmod32.o)
                0x0000d8a6                __udivsi3
                0x0000d8a6                __ext_udivmod32
                0x0000d8dc                __umodsi3
 .text          0x0000d8e6       0x12 /usr/lib/gcc/msp430/4.6.3/../../../../msp430/lib/mmpy-16/libc.a(strchr.o)
                0x0000d8e6                strchr
 .text          0x0000d8f8       0x28 /usr/lib/gcc/msp430/4.6.3/../../../../msp430/lib/mmpy-16/libc.a(strncmp.o)
                0x0000d8f8                strncmp
 .text          0x0000d920       0x20 /usr/lib/gcc/msp430/4.6.3/../../../../msp430/lib/mmpy-16/libc.a(memcmp.o)
                0x0000d920                memcmp
 .text          0x0000d940       0x14 /usr/lib/gcc/msp430/4.6.3/../../../../msp430/lib/mmpy-16/libc.a(strcpy.o)
                0x0000d940                strcpy
 .text          0x0000d954       0xfa /usr/lib/gcc/msp430/4.6.3/../../../../msp430/lib/mmpy-16/libc.a(memcpy.o)
                0x0000d954                memcpy
 .text          0x0000da4e       0xfa /usr/lib/gcc/msp430/4.6.3/../../../../msp430/lib/mmpy-16/libc.a(memmove.o)
                0x0000da4e                memmove
 .text          0x0000db48       0x6a /usr/lib/gcc/msp430/4.6.3/../../../../msp430/lib/mmpy-16/libc.a(memset.o)
                0x0000db48                memset
 .text          0x0000dbb2       0x56 /usr/lib/gcc/msp430/4.6.3/../../../../msp430/lib/mmpy-16/libc.a(strstr.o)
                0x0000dbb2                strstr
 .text          0x0000dc08       0x6c /usr/lib/gcc/msp430/4.6.3/../../../../msp430/lib/mmpy-16/libc.a(strtok.o)
                0x0000dc08                strtok_r
                0x0000dc6a                strtok
 .text          0x0000dc74       0x8a /usr/lib/gcc/msp430/4.6.3/../../../../msp430/lib/mmpy-16/libc.a(atoi.o)
                0x0000dc74                atoi
 .text          0x0000dcfe       0x1e /usr/lib/gcc/msp430/4.6.3/../../../../msp430/lib/mmpy-16/libc.a(printf.o)
                0x0000dcfe                printf
                0x0000dd0e                vprintf
 .text          0x0000dd1c       0xbc /usr/lib/gcc/msp430/4.6.3/../../../../msp430/lib/mmpy-16/libc.a(sprintf.o)
                0x0000dd7a                sprintf
                0x0000dd96                snprintf
                0x0000ddb0                vsprintf
                0x0000ddc6                vsnprintf
 .text          0x0000ddd8      0x836 /usr/lib/gcc/msp430/4.6.3/../../../../msp430/lib/mmpy-16/libc.a(vuprintf.o)
                0x0000df70                vuprintf
 .text          0x0000e60e       0x2c /usr/lib/gcc/msp430/4.6.3/../../../../msp430/lib/mmpy-16/libc.a(puts.o)
                0x0000e60e                puts
 .text          0x0000e63a       0x54 /usr/lib/gcc/msp430/4.6.3/../../../../msp430/lib/mmpy-16/libc.a(rand.o)
                0x0000e63a                rand_r
                0x0000e65e                rand
                0x0000e684                srand
 .text.libgcc   0x0000e68e       0xf0 /usr/lib/gcc/msp430/4.6.3/mmpy-16/libgcc.a(_udivmod64.o)
                0x0000e68e                __xabi_udivmod64
                0x0000e6ec                __udivdi3
                0x0000e712                __umoddi3
                0x0000e740                __udivmoddi4
 .text.crt0     0x0000e77e        0x2 /usr/lib/gcc/msp430/4.6.3/mmpy-16/libcrt0.a(_unexpected_.o)
                0x0000e77e                _unexpected_
                0x0000e780                . = ALIGN (0x2)

.rodata         0x0000e780      0x3fa
                0x0000e780                . = ALIGN (0x2)
 *(.rodata .rodata.* .gnu.linkonce.r.*)
 .rodata        0x0000e780      0x16a udp-echo-server.co
                0x0000e8ce                autostart_processes
 .rodata        0x0000e8ea      0x12e obj_sky/contiki-sky-main.o
 .rodata        0x0000ea18       0x10 contiki-sky.a(button-sensor.o)
                0x0000ea20                button_sensor
 .rodata        0x0000ea28        0x8 contiki-sky.a(sensors.o)
 .rodata        0x0000ea30       0x5a contiki-sky.a(cc2420.o)
                0x0000ea4c                cc2420_aes_128_driver
                0x0000ea50                cc2420_driver
 .rodata        0x0000ea8a        0xf contiki-sky.a(ctimer.o)
 .rodata        0x0000ea99        0xc contiki-sky.a(etimer.o)
 *fill*         0x0000eaa5        0x1 00
 .rodata        0x0000eaa6       0x24 contiki-sky.a(sicslowpan.o)
                0x0000eab2                sicslowpan_driver
                0x0000eab8                llprefix
                0x0000eaba                unc_mxconf
                0x0000eabe                unc_ctxconf
                0x0000eac2                unc_llconf
 .rodata        0x0000eaca       0x20 contiki-sky.a(uip6.o)
 .rodata        0x0000eaea        0xd contiki-sky.a(tcpip.o)
 .rodata        0x0000eaf7       0x29 contiki-sky.a(uip-debug.o)
 .rodata        0x0000eb20       0x14 contiki-sky.a(csma.o)
                0x0000eb26                csma_driver
 .rodata        0x0000eb34        0x8 contiki-sky.a(framer-802154.o)
                0x0000eb34                framer_802154
 .rodata        0x0000eb3c       0x18 contiki-sky.a(nullrdc.o)
                0x0000eb44                nullrdc_driver
 .rodata        0x0000eb54        0x8 contiki-sky.a(linkaddr.o)
                0x0000eb54                linkaddr_null
 .rodata        0x0000eb5c       0x14 contiki-sky.a(nullsec.o)
                0x0000eb64                nullsec_driver
 .rodata        0x0000eb70        0x2 contiki-sky.a(frame802154.o)
 .rodata        0x0000eb72        0x7 /usr/lib/gcc/msp430/4.6.3/../../../../msp430/lib/mmpy-16/libc.a(vuprintf.o)
                0x0000eb7a                . = ALIGN (0x2)
 *fill*         0x0000eb79        0x1 00
                0x0000eb7a                _etext = .

.data           0x00001100       0xde load address 0x0000eb7a
                0x00001100                . = ALIGN (0x2)
                0x00001100                PROVIDE (__data_start, .)
 *(.data .data.* .gnu.linkonce.d.*)
 .data          0x00001100        0xa udp-echo-server.co
                0x00001100                udp_echo_server_process
 .data          0x0000110a        0x4 contiki-sky.a(contiki-sky-pla)
                0x0000110a                sensors
 .data          0x0000110e        0xa contiki-sky.a(sensors.o)
                0x0000110e                sensors_process
 .data          0x00001118        0xa contiki-sky.a(cc2420.o)
                0x00001118                cc2420_process
 .data          0x00001122        0x2 contiki-sky.a(msp430.o)
 .data          0x00001124        0xa contiki-sky.a(ctimer.o)
                0x00001124                ctimer_process
 .data          0x0000112e        0xa contiki-sky.a(etimer.o)
                0x0000112e                etimer_process
 .data          0x00001138        0xa contiki-sky.a(uip-ds6-nbr.o)
                0x00001138                ds6_neighbors
 .data          0x00001142       0x20 contiki-sky.a(uip-ds6-route.o)
 .data          0x00001162        0xc contiki-sky.a(uip-icmp6.o)
 .data          0x0000116e        0xa contiki-sky.a(tcpip.o)
                0x0000116e                tcpip_process
 .data          0x00001178        0xa contiki-sky.a(rpl-dag.o)
                0x00001178                rpl_parents
 .data          0x00001182       0x1a contiki-sky.a(rpl-icmp6.o)
 .data          0x0000119c        0xe contiki-sky.a(rpl-mrhof.o)
                0x0000119c                rpl_mrhof
 .data          0x000011aa       0x18 contiki-sky.a(csma.o)
 .data          0x000011c2        0x8 contiki-sky.a(nbr-table.o)
 .data          0x000011ca       0x10 contiki-sky.a(queuebuf.o)
 .data          0x000011da        0x4 /usr/lib/gcc/msp430/4.6.3/../../../../msp430/lib/mmpy-16/libc.a(rand.o)
                0x000011de                . = ALIGN (0x2)
                0x000011de                _edata = .
                0x0000eb7a                PROVIDE (__data_load_start, LOADADDR (.data))
                0x000000de                PROVIDE (__data_size, SIZEOF (.data))

.bss            0x000011de     0x16ac load address 0x0000ec58
                0x000011de                PROVIDE (__bss_start, .)
 *(.bss .bss.*)
 .bss           0x000011de      0x1bc udp-echo-server.co
                0x000011de                i
 .bss           0x0000139a        0xc obj_sky/contiki-sky-main.o
 .bss           0x000013a6        0x8 contiki-sky.a(button-sensor.o)
 .bss           0x000013ae        0x2 contiki-sky.a(node-id.o)
                0x000013ae                node_id
 .bss           0x000013b0        0x6 contiki-sky.a(sensors.o)
 .bss           0x000013b6        0x8 contiki-sky.a(cc2420.o)
 .bss           0x000013be       0x9a contiki-sky.a(uart1.o)
 .bss           0x00001458        0xa contiki-sky.a(clock.o)
 .bss           0x00001462        0x1 contiki-sky.a(leds.o)
 *fill*         0x00001463        0x1 00
 .bss           0x00001464        0x2 contiki-sky.a(watchdog.o)
 .bss           0x00001466        0x4 contiki-sky.a(ctimer.o)
 .bss           0x0000146a        0x6 contiki-sky.a(etimer.o)
 .bss           0x00001470       0x42 contiki-sky.a(process.o)
                0x00001470                process_current
                0x00001472                process_list
 .bss           0x000014b2        0x2 contiki-sky.a(rtimer.o)
 .bss           0x000014b4      0x124 contiki-sky.a(sicslowpan.o)
 .bss           0x000015d8       0x12 contiki-sky.a(uip6.o)
                0x000015d8                uip_ext_opt_offset
                0x000015da                uip_ext_len
                0x000015dc                uip_ext_bitmap
 .bss           0x000015ea       0x18 contiki-sky.a(uip-ds6.o)
 .bss           0x00001602      0x17c contiki-sky.a(uip-ds6-nbr.o)
 .bss           0x0000177e      0x1d2 contiki-sky.a(uip-ds6-route.o)
 .bss           0x00001950       0x14 contiki-sky.a(uip-icmp6.o)
 .bss           0x00001964       0x36 contiki-sky.a(tcpip.o)
 .bss           0x0000199a        0x2 contiki-sky.a(rpl.o)
 .bss           0x0000199c       0x78 contiki-sky.a(rpl-dag.o)
 .bss           0x00001a14       0x18 contiki-sky.a(rpl-timers.o)
 .bss           0x00001a2c       0xc4 contiki-sky.a(csma.o)
 .bss           0x00001af0        0x2 contiki-sky.a(framer-802154.o)
 .bss           0x00001af2       0x96 contiki-sky.a(nbr-table.o)
 .bss           0x00001b88       0xb8 contiki-sky.a(packetbuf.o)
 .bss           0x00001c40      0x5a0 contiki-sky.a(queuebuf.o)
 .bss           0x000021e0       0xa0 contiki-sky.a(mac-sequence.o)
 .bss           0x00002280        0x2 /usr/lib/gcc/msp430/4.6.3/../../../../msp430/lib/mmpy-16/libc.a(strtok.o)
 .bss           0x00002282        0x4 /usr/lib/gcc/msp430/4.6.3/../../../../msp430/lib/mmpy-16/libc.a(sprintf.o)
 *(COMMON)
 COMMON         0x00002286       0x10 udp-echo-server.co
                0x00002286                d
                0x0000228e                str_urx
 COMMON         0x00002296        0x2 contiki-sky.a(contiki-sky-pla)
                0x00002296                sensors_flags
 COMMON         0x00002298        0x8 contiki-sky.a(ds2411.o)
                0x00002298                ds2411_id
 COMMON         0x000022a0        0x1 contiki-sky.a(sensors.o)
                0x000022a0                sensors_event
 *fill*         0x000022a1        0x1 00
 COMMON         0x000022a2       0x10 contiki-sky.a(cc2420.o)
                0x000022a2                cc2420_last_rssi
                0x000022a4                cc2420_sfd_start_time
                0x000022a6                cc2420_time_of_departure
                0x000022a8                cc2420_time_of_arrival
                0x000022aa                cc2420_last_correlation
                0x000022ac                cc2420_authority_level_of_sender
                0x000022ae                cc2420_sfd_counter
                0x000022b0                cc2420_sfd_end_time
 COMMON         0x000022b2        0x2 contiki-sky.a(msp430.o)
                0x000022b2                msp430_dco_required
 COMMON         0x000022b4       0x56 contiki-sky.a(energest.o)
                0x000022b4                energest_total_time
                0x000022e4                energest_total_count
                0x000022e6                energest_current_mode
                0x000022f2                energest_current_time
 COMMON         0x0000230a        0x1 contiki-sky.a(process.o)
                0x0000230a                process_maxevents
 *fill*         0x0000230b        0x1 00
 COMMON         0x0000230c        0x8 contiki-sky.a(sicslowpan.o)
                0x0000230c                frag_sender
 COMMON         0x00002314      0x304 contiki-sky.a(uip6.o)
                0x00002314                uip_len
                0x00002316                uip_sappdata
                0x00002318                uip_acc32
                0x0000231c                uip_lladdr
                0x00002324                uip_aligned_buf
                0x00002414                uip_flags
                0x00002416                uip_next_hdr
                0x00002418                uip_udp_conn
                0x0000241a                uip_appdata
                0x0000241c                uip_conn
                0x0000241e                uip_conns
                0x000024ce                uip_listenports
                0x000024de                uip_slen
                0x000024e0                uip_udp_conns
 COMMON         0x00002618      0x15c contiki-sky.a(uip-ds6.o)
                0x00002618                uip_ds6_timer_ra
                0x00002620                uip_ds6_if
                0x0000270c                uip_ds6_netif_addr_list_offset
                0x0000270d                uip_ds6_addr_size
                0x0000270e                uip_ds6_prefix_list
                0x00002768                uip_ds6_timer_periodic
 COMMON         0x00002774        0x1 contiki-sky.a(tcpip.o)
                0x00002774                tcpip_event
 *fill*         0x00002775        0x1 00
 COMMON         0x00002776       0xde contiki-sky.a(rpl-dag.o)
                0x00002776                default_instance
                0x00002778                instance_table
 COMMON         0x00002854        0x8 contiki-sky.a(linkaddr.o)
                0x00002854                linkaddr_node_addr
 COMMON         0x0000285c       0x2e contiki-sky.a(packetbuf.o)
                0x0000285c                packetbuf_addrs
                0x0000286c                packetbuf_attrs
                0x0000288a                . = ALIGN (0x2)
                0x0000288a                PROVIDE (__bss_end, .)
                0x000016ac                PROVIDE (__bss_size, SIZEOF (.bss))

.noinit         0x0000288a        0x2 load address 0x0000ec58
                0x0000288a                PROVIDE (__noinit_start, .)
 *(.noinit .noinit.*)
 .noinit.crt0   0x0000288a        0x2 /usr/lib/gcc/msp430/4.6.3/mmpy-16/libcrt0.a(__watchdog_support.o)
                0x0000288a                __wdt_clear_value
                0x0000288c                . = ALIGN (0x2)
                0x0000288c                PROVIDE (__noinit_end, .)
                0x0000288c                . = ALIGN (0x2)
                0x0000288c                _end = .

.infomem        0x00001000        0x0
 *(.infomem)
                0x00001000                . = ALIGN (0x2)
 *(.infomem.*)

.infomemnobits  0x00001000        0x0
 *(.infomemnobits)
                0x00001000                . = ALIGN (0x2)
 *(.infomemnobits.*)

.infoa
 *(.infoa .infoa.*)

.infob
 *(.infob .infob.*)

.infoc
 *(.infoc .infoc.*)

.infod
 *(.infod .infod.*)

.vectors        0x0000ffe0       0x20
                0x0000ffe0                PROVIDE (__vectors_start, .)
 *(.vectors*)
 .vectors       0x0000ffe0       0x20 /usr/lib/gcc/msp430/4.6.3/mmpy-16/crt0ivtbl16.o
                0x0000ffe0                __ivtbl_16
                0x00010000                _vectors_end = .

.fartext        0x00000000        0x0
                0x00000000                . = ALIGN (0x2)
 *(.fartext)
                0x00000000                . = ALIGN (0x2)
 *(.fartext.*)
                0x00000000                _efartext = .

.profiler
 *(.profiler)

.stab           0x00000000    0x27210
 *(.stab)
 .stab          0x00000000     0x2028 udp-echo-server.co
 .stab          0x00002028     0x12b4 obj_sky/contiki-sky-main.o
                               0x1b0c (size before relaxing)
 .stab          0x000032dc      0x264 contiki-sky.a(contiki-sky-pla)
                                0x5b8 (size before relaxing)
 .stab          0x00003540      0x468 contiki-sky.a(button-sensor.o)
                                0x7d4 (size before relaxing)
 .stab          0x000039a8      0x624 contiki-sky.a(ds2411.o)
                                0xb40 (size before relaxing)
 .stab          0x00003fcc      0xbac contiki-sky.a(xmem.o)
                                0xf60 (size before relaxing)
 .stab          0x00004b78      0x2b8 contiki-sky.a(node-id.o)
                                0x4e0 (size before relaxing)
 .stab          0x00004e30      0x654 contiki-sky.a(sensors.o)
                                0xb70 (size before relaxing)
 .stab          0x00005484     0x25e0 contiki-sky.a(cc2420.o)
                               0x2cac (size before relaxing)
 .stab          0x00007a64      0x63c contiki-sky.a(cc2420-arch.o)
                               0x1728 (size before relaxing)
 .stab          0x000080a0      0x60c contiki-sky.a(uart1.o)
                                0x960 (size before relaxing)
 .stab          0x000086ac      0x27c contiki-sky.a(uart1-putchar.o)
                                0x7bc (size before relaxing)
 .stab          0x00008928      0x744 contiki-sky.a(msp430.o)
                                0xa98 (size before relaxing)
 .stab          0x0000906c      0x948 contiki-sky.a(clock.o)
                                0xc9c (size before relaxing)
 .stab          0x000099b4      0x5dc contiki-sky.a(leds.o)
                                0x828 (size before relaxing)
 .stab          0x00009f90      0x3a8 contiki-sky.a(leds-arch.o)
                                0x6fc (size before relaxing)
 .stab          0x0000a338      0x3fc contiki-sky.a(watchdog.o)
                                0x750 (size before relaxing)
 .stab          0x0000a734      0x3cc contiki-sky.a(rtimer-arch.o)
                                0x720 (size before relaxing)
 .stab          0x0000ab00      0x294 contiki-sky.a(autostart.o)
                                0x534 (size before relaxing)
 .stab          0x0000ad94      0x7a4 contiki-sky.a(ctimer.o)
                                0xb10 (size before relaxing)
 .stab          0x0000b538      0x474 contiki-sky.a(energest.o)
                                0x6fc (size before relaxing)
 .stab          0x0000b9ac      0xa38 contiki-sky.a(etimer.o)
                                0xd08 (size before relaxing)
 .stab          0x0000c3e4      0xb7c contiki-sky.a(process.o)
                               0x1014 (size before relaxing)
 .stab          0x0000cf60      0x3d8 contiki-sky.a(rtimer.o)
                                0x6c0 (size before relaxing)
 .stab          0x0000d338      0x354 contiki-sky.a(timer.o)
                                0x594 (size before relaxing)
 .stab          0x0000d68c      0x7f8 contiki-sky.a(list.o)
                                0x804 (size before relaxing)
 .stab          0x0000de84      0x24c contiki-sky.a(random.o)
                                0x624 (size before relaxing)
 .stab          0x0000e0d0     0x1f98 contiki-sky.a(sicslowpan.o)
                               0x2ee0 (size before relaxing)
 .stab          0x00010068     0x2bc8 contiki-sky.a(uip6.o)
                               0x378c (size before relaxing)
 .stab          0x00012c30     0x13d4 contiki-sky.a(uip-ds6.o)
                               0x1f74 (size before relaxing)
 .stab          0x00014004      0xcd8 contiki-sky.a(uip-ds6-nbr.o)
                               0x1710 (size before relaxing)
 .stab          0x00014cdc     0x1260 contiki-sky.a(uip-ds6-route.o)
                               0x1de8 (size before relaxing)
 .stab          0x00015f3c      0xcf0 contiki-sky.a(uip-icmp6.o)
                               0x1968 (size before relaxing)
 .stab          0x00016c2c      0x57c contiki-sky.a(uip-nd6.o)
                               0x1158 (size before relaxing)
 .stab          0x000171a8     0x1410 contiki-sky.a(tcpip.o)
                               0x2658 (size before relaxing)
 .stab          0x000185b8      0x444 contiki-sky.a(uip-debug.o)
                                0xbd0 (size before relaxing)
 .stab          0x000189fc      0x444 contiki-sky.a(uip-udp-packet.)
                                0xc00 (size before relaxing)
 .stab          0x00018e40      0xa8c contiki-sky.a(rpl.o)
                               0x17b8 (size before relaxing)
 .stab          0x000198cc     0x2f10 contiki-sky.a(rpl-dag.o)
                               0x3c18 (size before relaxing)
 .stab          0x0001c7dc      0xa50 contiki-sky.a(rpl-ext-header.)
                               0x180c (size before relaxing)
 .stab          0x0001d22c     0x17ac contiki-sky.a(rpl-icmp6.o)
                               0x25b0 (size before relaxing)
 .stab          0x0001e9d8      0x8ac contiki-sky.a(rpl-mrhof.o)
                               0x159c (size before relaxing)
 .stab          0x0001f284      0xbdc contiki-sky.a(rpl-timers.o)
                               0x18cc (size before relaxing)
 .stab          0x0001fe60     0x1050 contiki-sky.a(csma.o)
                               0x1590 (size before relaxing)
 .stab          0x00020eb0      0x930 contiki-sky.a(framer-802154.o)
                                0xf54 (size before relaxing)
 .stab          0x000217e0      0x3fc contiki-sky.a(framer.o)
                                0xc54 (size before relaxing)
 .stab          0x00021bdc      0x1f8 contiki-sky.a(mac.o)
                                0x4ec (size before relaxing)
 .stab          0x00021dd4      0xa44 contiki-sky.a(nullrdc.o)
                               0x12a8 (size before relaxing)
 .stab          0x00022818      0x2c4 contiki-sky.a(linkaddr.o)
                                0x6c0 (size before relaxing)
 .stab          0x00022adc      0xd80 contiki-sky.a(nbr-table.o)
                               0x1428 (size before relaxing)
 .stab          0x0002385c      0xdb0 contiki-sky.a(packetbuf.o)
                               0x1ed8 (size before relaxing)
 .stab          0x0002460c      0xaa4 contiki-sky.a(queuebuf.o)
                               0x1bb4 (size before relaxing)
 .stab          0x000250b0      0x66c contiki-sky.a(nullsec.o)
                                0xda4 (size before relaxing)
 .stab          0x0002571c      0x204 contiki-sky.a(spi.o)
                                0x42c (size before relaxing)
 .stab          0x00025920      0x3c0 contiki-sky.a(stimer.o)
                                0x600 (size before relaxing)
 .stab          0x00025ce0      0x5c4 contiki-sky.a(memb.o)
                                0xaf8 (size before relaxing)
 .stab          0x000262a4      0x924 contiki-sky.a(frame802154.o)
                               0x10f8 (size before relaxing)
 .stab          0x00026bc8      0x648 contiki-sky.a(mac-sequence.o)
                               0x1770 (size before relaxing)

.stabstr        0x00000000    0x1b6a1
 *(.stabstr)
 .stabstr       0x00000000    0x1b6a1 udp-echo-server.co

.stab.excl
 *(.stab.excl)

.stab.exclstr
 *(.stab.exclstr)

.stab.index
 *(.stab.index)

.stab.indexstr
 *(.stab.indexstr)

.comment
 *(.comment)

.debug
 *(.debug)

.line
 *(.line)

.debug_srcinfo
 *(.debug_srcinfo)

.debug_sfnames
 *(.debug_sfnames)

.debug_aranges  0x00000000      0x208
 *(.debug_aranges)
 .debug_aranges
                0x00000000       0x14 /usr/lib/gcc/msp430/4.6.3/mmpy-16/libgcc.a(_mulsi3.o)
 .debug_aranges
                0x00000014       0x14 /usr/lib/gcc/msp430/4.6.3/mmpy-16/libgcc.a(_udivmod16.o)
 .debug_aranges
                0x00000028       0x14 /usr/lib/gcc/msp430/4.6.3/mmpy-16/libgcc.a(_divmod16.o)
 .debug_aranges
                0x0000003c       0x14 /usr/lib/gcc/msp430/4.6.3/mmpy-16/libgcc.a(_udivmod32.o)
 .debug_aranges
                0x00000050       0x14 /usr/lib/gcc/msp430/4.6.3/../../../../msp430/lib/mmpy-16/libc.a(strchr.o)
 .debug_aranges
                0x00000064       0x14 /usr/lib/gcc/msp430/4.6.3/../../../../msp430/lib/mmpy-16/libc.a(strncmp.o)
 .debug_aranges
                0x00000078       0x14 /usr/lib/gcc/msp430/4.6.3/../../../../msp430/lib/mmpy-16/libc.a(memcmp.o)
 .debug_aranges
                0x0000008c       0x14 /usr/lib/gcc/msp430/4.6.3/../../../../msp430/lib/mmpy-16/libc.a(strcpy.o)
 .debug_aranges
                0x000000a0       0x14 /usr/lib/gcc/msp430/4.6.3/../../../../msp430/lib/mmpy-16/libc.a(memcpy.o)
 .debug_aranges
                0x000000b4       0x14 /usr/lib/gcc/msp430/4.6.3/../../../../msp430/lib/mmpy-16/libc.a(memmove.o)
 .debug_aranges
                0x000000c8       0x14 /usr/lib/gcc/msp430/4.6.3/../../../../msp430/lib/mmpy-16/libc.a(memset.o)
 .debug_aranges
                0x000000dc       0x14 /usr/lib/gcc/msp430/4.6.3/../../../../msp430/lib/mmpy-16/libc.a(strstr.o)
 .debug_aranges
                0x000000f0       0x14 /usr/lib/gcc/msp430/4.6.3/../../../../msp430/lib/mmpy-16/libc.a(strtok.o)
 .debug_aranges
                0x00000104       0x14 /usr/lib/gcc/msp430/4.6.3/../../../../msp430/lib/mmpy-16/libc.a(atoi.o)
 .debug_aranges
                0x00000118       0x14 /usr/lib/gcc/msp430/4.6.3/../../../../msp430/lib/mmpy-16/libc.a(printf.o)
 .debug_aranges
                0x0000012c       0x14 /usr/lib/gcc/msp430/4.6.3/../../../../msp430/lib/mmpy-16/libc.a(sprintf.o)
 .debug_aranges
                0x00000140       0x14 /usr/lib/gcc/msp430/4.6.3/../../../../msp430/lib/mmpy-16/libc.a(vuprintf.o)
 .debug_aranges
                0x00000154       0x14 /usr/lib/gcc/msp430/4.6.3/../../../../msp430/lib/mmpy-16/libc.a(puts.o)
 .debug_aranges
                0x00000168       0x14 /usr/lib/gcc/msp430/4.6.3/../../../../msp430/lib/mmpy-16/libc.a(rand.o)
 .debug_aranges
                0x0000017c       0x14 /usr/lib/gcc/msp430/4.6.3/mmpy-16/libgcc.a(_udivmod64.o)
 .debug_aranges
                0x00000190       0x14 /usr/lib/gcc/msp430/4.6.3/mmpy-16/libcrt0.a(__watchdog_support.o)
 .debug_aranges
                0x000001a4       0x14 /usr/lib/gcc/msp430/4.6.3/mmpy-16/libcrt0.a(__init_stack.o)
 .debug_aranges
                0x000001b8       0x14 /usr/lib/gcc/msp430/4.6.3/mmpy-16/libcrt0.a(_copy_data.o)
 .debug_aranges
                0x000001cc       0x14 /usr/lib/gcc/msp430/4.6.3/mmpy-16/libcrt0.a(_clear_bss.o)
 .debug_aranges
                0x000001e0       0x14 /usr/lib/gcc/msp430/4.6.3/mmpy-16/libcrt0.a(_endless_loop__.o)
 .debug_aranges
                0x000001f4       0x14 /usr/lib/gcc/msp430/4.6.3/mmpy-16/libcrt0.a(_unexpected_.o)

.debug_pubnames
 *(.debug_pubnames)

.debug_info     0x00000000     0x1c3d
 *(.debug_info)
 .debug_info    0x00000000       0xd6 /usr/lib/gcc/msp430/4.6.3/mmpy-16/libgcc.a(_mulsi3.o)
 .debug_info    0x000000d6       0xd6 /usr/lib/gcc/msp430/4.6.3/mmpy-16/libgcc.a(_udivmod16.o)
 .debug_info    0x000001ac       0xd6 /usr/lib/gcc/msp430/4.6.3/mmpy-16/libgcc.a(_divmod16.o)
 .debug_info    0x00000282       0xd6 /usr/lib/gcc/msp430/4.6.3/mmpy-16/libgcc.a(_udivmod32.o)
 .debug_info    0x00000358       0xa7 /usr/lib/gcc/msp430/4.6.3/../../../../msp430/lib/mmpy-16/libc.a(strchr.o)
 .debug_info    0x000003ff       0xbb /usr/lib/gcc/msp430/4.6.3/../../../../msp430/lib/mmpy-16/libc.a(strncmp.o)
 .debug_info    0x000004ba       0xe8 /usr/lib/gcc/msp430/4.6.3/../../../../msp430/lib/mmpy-16/libc.a(memcmp.o)
 .debug_info    0x000005a2       0xb6 /usr/lib/gcc/msp430/4.6.3/../../../../msp430/lib/mmpy-16/libc.a(strcpy.o)
 .debug_info    0x00000658      0x113 /usr/lib/gcc/msp430/4.6.3/../../../../msp430/lib/mmpy-16/libc.a(memcpy.o)
 .debug_info    0x0000076b      0x113 /usr/lib/gcc/msp430/4.6.3/../../../../msp430/lib/mmpy-16/libc.a(memmove.o)
 .debug_info    0x0000087e       0xfe /usr/lib/gcc/msp430/4.6.3/../../../../msp430/lib/mmpy-16/libc.a(memset.o)
 .debug_info    0x0000097c       0xe0 /usr/lib/gcc/msp430/4.6.3/../../../../msp430/lib/mmpy-16/libc.a(strstr.o)
 .debug_info    0x00000a5c      0x151 /usr/lib/gcc/msp430/4.6.3/../../../../msp430/lib/mmpy-16/libc.a(strtok.o)
 .debug_info    0x00000bad       0xb4 /usr/lib/gcc/msp430/4.6.3/../../../../msp430/lib/mmpy-16/libc.a(atoi.o)
 .debug_info    0x00000c61      0x105 /usr/lib/gcc/msp430/4.6.3/../../../../msp430/lib/mmpy-16/libc.a(printf.o)
 .debug_info    0x00000d66      0x277 /usr/lib/gcc/msp430/4.6.3/../../../../msp430/lib/mmpy-16/libc.a(sprintf.o)
 .debug_info    0x00000fdd      0x565 /usr/lib/gcc/msp430/4.6.3/../../../../msp430/lib/mmpy-16/libc.a(vuprintf.o)
 .debug_info    0x00001542       0x96 /usr/lib/gcc/msp430/4.6.3/../../../../msp430/lib/mmpy-16/libc.a(puts.o)
 .debug_info    0x000015d8      0x13f /usr/lib/gcc/msp430/4.6.3/../../../../msp430/lib/mmpy-16/libc.a(rand.o)
 .debug_info    0x00001717       0xd6 /usr/lib/gcc/msp430/4.6.3/mmpy-16/libgcc.a(_udivmod64.o)
 .debug_info    0x000017ed       0xb8 /usr/lib/gcc/msp430/4.6.3/mmpy-16/libcrt0.a(__watchdog_support.o)
 .debug_info    0x000018a5       0xb8 /usr/lib/gcc/msp430/4.6.3/mmpy-16/libcrt0.a(__init_stack.o)
 .debug_info    0x0000195d       0xb8 /usr/lib/gcc/msp430/4.6.3/mmpy-16/libcrt0.a(_copy_data.o)
 .debug_info    0x00001a15       0xb8 /usr/lib/gcc/msp430/4.6.3/mmpy-16/libcrt0.a(_clear_bss.o)
 .debug_info    0x00001acd       0xb8 /usr/lib/gcc/msp430/4.6.3/mmpy-16/libcrt0.a(_endless_loop__.o)
 .debug_info    0x00001b85       0xb8 /usr/lib/gcc/msp430/4.6.3/mmpy-16/libcrt0.a(_unexpected_.o)
 *(.gnu.linkonce.wi.*)

.debug_abbrev   0x00000000      0xbae
 *(.debug_abbrev)
 .debug_abbrev  0x00000000       0x14 /usr/lib/gcc/msp430/4.6.3/mmpy-16/libgcc.a(_mulsi3.o)
 .debug_abbrev  0x00000014       0x14 /usr/lib/gcc/msp430/4.6.3/mmpy-16/libgcc.a(_udivmod16.o)
 .debug_abbrev  0x00000028       0x14 /usr/lib/gcc/msp430/4.6.3/mmpy-16/libgcc.a(_divmod16.o)
 .debug_abbrev  0x0000003c       0x14 /usr/lib/gcc/msp430/4.6.3/mmpy-16/libgcc.a(_udivmod32.o)
 .debug_abbrev  0x00000050       0x6f /usr/lib/gcc/msp430/4.6.3/../../../../msp430/lib/mmpy-16/libc.a(strchr.o)
 .debug_abbrev  0x000000bf       0x7c /usr/lib/gcc/msp430/4.6.3/../../../../msp430/lib/mmpy-16/libc.a(strncmp.o)
 .debug_abbrev  0x0000013b       0x9b /usr/lib/gcc/msp430/4.6.3/../../../../msp430/lib/mmpy-16/libc.a(memcmp.o)
 .debug_abbrev  0x000001d6       0x7e /usr/lib/gcc/msp430/4.6.3/../../../../msp430/lib/mmpy-16/libc.a(strcpy.o)
 .debug_abbrev  0x00000254       0x97 /usr/lib/gcc/msp430/4.6.3/../../../../msp430/lib/mmpy-16/libc.a(memcpy.o)
 .debug_abbrev  0x000002eb       0x97 /usr/lib/gcc/msp430/4.6.3/../../../../msp430/lib/mmpy-16/libc.a(memmove.o)
 .debug_abbrev  0x00000382       0x9c /usr/lib/gcc/msp430/4.6.3/../../../../msp430/lib/mmpy-16/libc.a(memset.o)
 .debug_abbrev  0x0000041e       0x8b /usr/lib/gcc/msp430/4.6.3/../../../../msp430/lib/mmpy-16/libc.a(strstr.o)
 .debug_abbrev  0x000004a9       0xe7 /usr/lib/gcc/msp430/4.6.3/../../../../msp430/lib/mmpy-16/libc.a(strtok.o)
 .debug_abbrev  0x00000590       0x7e /usr/lib/gcc/msp430/4.6.3/../../../../msp430/lib/mmpy-16/libc.a(atoi.o)
 .debug_abbrev  0x0000060e       0xd0 /usr/lib/gcc/msp430/4.6.3/../../../../msp430/lib/mmpy-16/libc.a(printf.o)